core_cm4.h:1535:22:NVIC_SetPriority	16	static
core_cm4.h:1662:26:SysTick_Config	16	static
dht.h:67:6:delay	16	static
dht.h:81:6:set_gpio_output_interior	16	static
dht.h:100:6:set_gpio_input_interior	16	static
dht.h:119:6:DHT11_start_interior	8	static
dht.h:127:6:check_response_interior	8	static
dht.h:140:9:read_data_interior	16	static
dht.h:166:6:leer_dht_interior	32	static
dht.h:235:6:set_gpio_output_exterior	16	static
dht.h:254:6:set_gpio_input_exterior	16	static
dht.h:273:6:DHT11_start_exterior	8	static
dht.h:281:6:check_response_exterior	8	static
dht.h:294:9:read_data_exterior	16	static
dht.h:320:6:leer_dht_exterior	32	static
dht.h:390:6:TIM5_Init	32	static
dht.h:416:6:TIM5_Config	16	static
dht.h:434:6:TIM5_Start	8	static
dht.h:444:6:TIM5_IRQHandler	8	static
ventana.h:35:6:TIM3_Init	24	static
ventana.h:62:6:TIM3_Config	16	static
ventana.h:80:6:TIM3_Start	8	static
ventana.h:89:6:TIM3_IRQHandler	8	static
ventana.h:174:6:abrir_ventana	4	static
ventana.h:179:6:cerrar_ventana	4	static
ventana.h:184:6:parar_ventana	4	static
fan.h:26:6:TIM4_Init	48	static
fan.h:84:6:TIM4_Config	16	static
fan.h:102:6:TIM4_Start	8	static
fan.h:109:6:encender_ventilador	8	static
fan.h:115:6:apagar_ventilador	8	static
main.c:6:5:main	16	static
main.c:58:6:task_scheduler	8	static
main.c:174:6:inicializar_leds	16	static
main.c:198:6:inicializar_fan	16	static
main.c:222:6:inicializar_ventana	16	static
main.c:235:6:inicializar_calentador	16	static
main.c:259:6:inicializar_bomba	16	static
main.c:283:6:task_manager	8	static
main.c:332:6:dht_interior_task	8	static
main.c:344:6:dht_exterior_task	8	static
main.c:356:6:led_task	8	static
main.c:369:6:ldr_task	8	static
main.c:399:6:yl69_task	16	static
main.c:425:6:ventana_task	4	static
main.c:436:6:display_task	24	static
main.c:558:6:control_temp_task	16	static
main.c:595:6:serial_task	72	static
main.c:752:6:cargar_datos	904	static
main.c:975:5:fecha_valida	32	static
main.c:1002:6:configurar_cultivo_tomate	8	static
main.c:1091:6:configurar_cultivo_zanahoria	8	static
main.c:1180:6:enviar_comando	24	static
main.c:1192:13:USART3_Config	40	static
main.c:1247:6:activar_alarma	8	static
main.c:1259:6:backup_etapas	888	static
main.c:1295:6:log_etapas	640	static
main.c:1326:6:datalogger_mejorado	688	static
main.c:1364:6:USART3_IRQHandler	8	static
main.c:1435:6:TM_RTC_AlarmBHandler	8	static
