core_cm4.h:1535:22:NVIC_SetPriority	16	static
core_cm4.h:1662:26:SysTick_Config	16	static
dht.h:67:6:delay	16	static
dht.h:81:6:set_gpio_output_interior	16	static
dht.h:100:6:set_gpio_input_interior	16	static
dht.h:119:6:DHT11_start_interior	8	static
dht.h:127:6:check_response_interior	8	static
dht.h:140:9:read_data_interior	16	static
dht.h:166:6:leer_dht_interior	32	static
dht.h:235:6:set_gpio_output_exterior	16	static
dht.h:254:6:set_gpio_input_exterior	16	static
dht.h:273:6:DHT11_start_exterior	8	static
dht.h:281:6:check_response_exterior	8	static
dht.h:294:9:read_data_exterior	16	static
dht.h:320:6:leer_dht_exterior	32	static
dht.h:390:6:TIM5_Init	32	static
dht.h:416:6:TIM5_Config	16	static
dht.h:434:6:TIM5_Start	8	static
dht.h:444:6:TIM5_IRQHandler	8	static
main.c:3:5:main	16	static
main.c:32:6:task_scheduler	4	static
main.c:129:6:inicializar_leds	16	static
main.c:153:6:task_manager	8	static
main.c:179:6:dht_interior_task	8	static
main.c:191:6:dht_exterior_task	8	static
main.c:203:6:led_task	8	static
main.c:216:6:ldr_task	8	static
main.c:237:6:yl69_task	8	static
main.c:248:6:display_task	64	static
main.c:397:6:control_temp_task	16	static
main.c:426:6:check_cultivo_task	16	static
main.c:449:6:cargar_datos	4	static
main.c:477:6:RCC_Configuration	8	static
main.c:487:6:GPIO_Configuration	16	static
main.c:504:13:NVIC_Config	16	static
main.c:516:6:USART3_Configuration	24	static
main.c:542:6:USART3_IRQHandler	8	static
