rtc.c:49:10:TM_RTC_Init	40	static
rtc.c:138:17:TM_RTC_SetDateTime	40	static
rtc.c:216:17:TM_RTC_SetDateTimeString	40	static
rtc.c:280:6:TM_RTC_GetDateTime	24	static
rtc.c:316:9:TM_RTC_GetDaysInMonth	16	static
rtc.c:330:10:TM_RTC_GetDaysInYear	16	static
rtc.c:335:6:TM_RTC_Config	16	static
rtc.c:372:6:TM_RTC_Interrupts	24	static
rtc.c:444:10:TM_RTC_GetUnixTimeStamp	32	static
rtc.c:471:6:TM_RTC_GetDateTimeFromUnix	24	static
rtc.c:533:6:TM_RTC_SetAlarm	32	static
rtc.c:605:6:TM_RTC_DisableAlarm	16	static
rtc.c:653:6:TM_RTC_WriteBackupRegister	16	static
rtc.c:663:10:TM_RTC_ReadBackupRegister	16	static
rtc.c:674:6:TM_RTC_RequestHandler	4	static
rtc.c:690:6:TM_RTC_AlarmAHandler	8	static
rtc.c:697:6:TM_RTC_AlarmBHandler	4	static
rtc.c:702:6:RTC_WKUP_IRQHandler	8	static
rtc.c:716:6:RTC_Alarm_IRQHandler	8	static
