Archive member included to satisfy reference by file (symbol)

c:/program files (x86)/atollic/truestudio for stm32 9.0.1/armtools/bin/../lib/gcc/arm-atollic-eabi/6.3.1/../../../../arm-atollic-eabi/lib/armv7e-m/fpu\libc_nano.a(lib_a-atoi.o)
                              src\main.o (atoi)
c:/program files (x86)/atollic/truestudio for stm32 9.0.1/armtools/bin/../lib/gcc/arm-atollic-eabi/6.3.1/../../../../arm-atollic-eabi/lib/armv7e-m/fpu\libc_nano.a(lib_a-init.o)
                              src\startup_stm32f40xx.o (__libc_init_array)
c:/program files (x86)/atollic/truestudio for stm32 9.0.1/armtools/bin/../lib/gcc/arm-atollic-eabi/6.3.1/../../../../arm-atollic-eabi/lib/armv7e-m/fpu\libc_nano.a(lib_a-memset.o)
                              src\main.o (memset)
c:/program files (x86)/atollic/truestudio for stm32 9.0.1/armtools/bin/../lib/gcc/arm-atollic-eabi/6.3.1/../../../../arm-atollic-eabi/lib/armv7e-m/fpu\libc_nano.a(lib_a-strcmp.o)
                              src\main.o (strcmp)
c:/program files (x86)/atollic/truestudio for stm32 9.0.1/armtools/bin/../lib/gcc/arm-atollic-eabi/6.3.1/../../../../arm-atollic-eabi/lib/armv7e-m/fpu\libc_nano.a(lib_a-strcpy.o)
                              src\main.o (strcpy)
c:/program files (x86)/atollic/truestudio for stm32 9.0.1/armtools/bin/../lib/gcc/arm-atollic-eabi/6.3.1/../../../../arm-atollic-eabi/lib/armv7e-m/fpu\libc_nano.a(lib_a-strlen.o)
                              src\main.o (strlen)
c:/program files (x86)/atollic/truestudio for stm32 9.0.1/armtools/bin/../lib/gcc/arm-atollic-eabi/6.3.1/../../../../arm-atollic-eabi/lib/armv7e-m/fpu\libc_nano.a(lib_a-strncpy.o)
                              src\main.o (strncpy)
c:/program files (x86)/atollic/truestudio for stm32 9.0.1/armtools/bin/../lib/gcc/arm-atollic-eabi/6.3.1/../../../../arm-atollic-eabi/lib/armv7e-m/fpu\libc_nano.a(lib_a-strtok.o)
                              src\main.o (strtok)
c:/program files (x86)/atollic/truestudio for stm32 9.0.1/armtools/bin/../lib/gcc/arm-atollic-eabi/6.3.1/../../../../arm-atollic-eabi/lib/armv7e-m/fpu\libc_nano.a(lib_a-strtok_r.o)
                              c:/program files (x86)/atollic/truestudio for stm32 9.0.1/armtools/bin/../lib/gcc/arm-atollic-eabi/6.3.1/../../../../arm-atollic-eabi/lib/armv7e-m/fpu\libc_nano.a(lib_a-strtok.o) (__strtok_r)
c:/program files (x86)/atollic/truestudio for stm32 9.0.1/armtools/bin/../lib/gcc/arm-atollic-eabi/6.3.1/../../../../arm-atollic-eabi/lib/armv7e-m/fpu\libc_nano.a(lib_a-strtol.o)
                              c:/program files (x86)/atollic/truestudio for stm32 9.0.1/armtools/bin/../lib/gcc/arm-atollic-eabi/6.3.1/../../../../arm-atollic-eabi/lib/armv7e-m/fpu\libc_nano.a(lib_a-atoi.o) (_strtol_r)
c:/program files (x86)/atollic/truestudio for stm32 9.0.1/armtools/bin/../lib/gcc/arm-atollic-eabi/6.3.1/../../../../arm-atollic-eabi/lib/armv7e-m/fpu\libc_nano.a(lib_a-impure.o)
                              c:/program files (x86)/atollic/truestudio for stm32 9.0.1/armtools/bin/../lib/gcc/arm-atollic-eabi/6.3.1/../../../../arm-atollic-eabi/lib/armv7e-m/fpu\libc_nano.a(lib_a-strtok.o) (_impure_ptr)
c:/program files (x86)/atollic/truestudio for stm32 9.0.1/armtools/bin/../lib/gcc/arm-atollic-eabi/6.3.1/../../../../arm-atollic-eabi/lib/armv7e-m/fpu\libc_nano.a(lib_a-locale.o)
                              c:/program files (x86)/atollic/truestudio for stm32 9.0.1/armtools/bin/../lib/gcc/arm-atollic-eabi/6.3.1/../../../../arm-atollic-eabi/lib/armv7e-m/fpu\libc_nano.a(lib_a-strtol.o) (__locale_ctype_ptr_l)
c:/program files (x86)/atollic/truestudio for stm32 9.0.1/armtools/bin/../lib/gcc/arm-atollic-eabi/6.3.1/../../../../arm-atollic-eabi/lib/armv7e-m/fpu\libc_nano.a(lib_a-malloc.o)
                              c:/program files (x86)/atollic/truestudio for stm32 9.0.1/armtools/bin/../lib/gcc/arm-atollic-eabi/6.3.1/../../../../arm-atollic-eabi/lib/armv7e-m/fpu\libc_nano.a(lib_a-strtok.o) (malloc)
c:/program files (x86)/atollic/truestudio for stm32 9.0.1/armtools/bin/../lib/gcc/arm-atollic-eabi/6.3.1/../../../../arm-atollic-eabi/lib/armv7e-m/fpu\libc_nano.a(lib_a-mbtowc_r.o)
                              c:/program files (x86)/atollic/truestudio for stm32 9.0.1/armtools/bin/../lib/gcc/arm-atollic-eabi/6.3.1/../../../../arm-atollic-eabi/lib/armv7e-m/fpu\libc_nano.a(lib_a-locale.o) (__ascii_mbtowc)
c:/program files (x86)/atollic/truestudio for stm32 9.0.1/armtools/bin/../lib/gcc/arm-atollic-eabi/6.3.1/../../../../arm-atollic-eabi/lib/armv7e-m/fpu\libc_nano.a(lib_a-nano-freer.o)
                              c:/program files (x86)/atollic/truestudio for stm32 9.0.1/armtools/bin/../lib/gcc/arm-atollic-eabi/6.3.1/../../../../arm-atollic-eabi/lib/armv7e-m/fpu\libc_nano.a(lib_a-malloc.o) (_free_r)
c:/program files (x86)/atollic/truestudio for stm32 9.0.1/armtools/bin/../lib/gcc/arm-atollic-eabi/6.3.1/../../../../arm-atollic-eabi/lib/armv7e-m/fpu\libc_nano.a(lib_a-nano-mallocr.o)
[...]
Memory Configuration

Name             Origin             Length             Attributes
FLASH            0x08000000         0x00100000         xr
RAM              0x20000000         0x00020000         xrw
MEMORY_B1        0x60000000         0x00000000         xr
CCMRAM           0x10000000         0x00010000         rw
*default*        0x00000000         0xffffffff

Linker script and memory map

LOAD c:/program files (x86)/atollic/truestudio for stm32 9.0.1/armtools/bin/../lib/gcc/arm-atollic-eabi/6.3.1/armv7e-m/fpu/crti.o
LOAD c:/program files (x86)/atollic/truestudio for stm32 9.0.1/armtools/bin/../lib/gcc/arm-atollic-eabi/6.3.1/armv7e-m/fpu/crtbegin.o
LOAD Libraries\STM32F4xx_StdPeriph_Driver\src\misc.o
LOAD Libraries\STM32F4xx_StdPeriph_Driver\src\stm32f4xx_adc.o
LOAD Libraries\STM32F4xx_StdPeriph_Driver\src\stm32f4xx_can.o
LOAD Libraries\STM32F4xx_StdPeriph_Driver\src\stm32f4xx_crc.o
LOAD Libraries\STM32F4xx_StdPeriph_Driver\src\stm32f4xx_cryp.o
LOAD Libraries\STM32F4xx_StdPeriph_Driver\src\stm32f4xx_cryp_aes.o
LOAD Libraries\STM32F4xx_StdPeriph_Driver\src\stm32f4xx_cryp_des.o
LOAD Libraries\STM32F4xx_StdPeriph_Driver\src\stm32f4xx_cryp_tdes.o
LOAD Libraries\STM32F4xx_StdPeriph_Driver\src\stm32f4xx_dac.o
LOAD Libraries\STM32F4xx_StdPeriph_Driver\src\stm32f4xx_dbgmcu.o
LOAD Libraries\STM32F4xx_StdPeriph_Driver\src\stm32f4xx_dcmi.o
LOAD Libraries\STM32F4xx_StdPeriph_Driver\src\stm32f4xx_dma.o
LOAD Libraries\STM32F4xx_StdPeriph_Driver\src\stm32f4xx_exti.o
LOAD Libraries\STM32F4xx_StdPeriph_Driver\src\stm32f4xx_flash.o
LOAD Libraries\STM32F4xx_StdPeriph_Driver\src\stm32f4xx_fsmc.o
LOAD Libraries\STM32F4xx_StdPeriph_Driver\src\stm32f4xx_gpio.o
LOAD Libraries\STM32F4xx_StdPeriph_Driver\src\stm32f4xx_hash.o
LOAD Libraries\STM32F4xx_StdPeriph_Driver\src\stm32f4xx_hash_md5.o
LOAD Libraries\STM32F4xx_StdPeriph_Driver\src\stm32f4xx_hash_sha1.o
LOAD Libraries\STM32F4xx_StdPeriph_Driver\src\stm32f4xx_i2c.o
LOAD Libraries\STM32F4xx_StdPeriph_Driver\src\stm32f4xx_iwdg.o
LOAD Libraries\STM32F4xx_StdPeriph_Driver\src\stm32f4xx_pwr.o
LOAD Libraries\STM32F4xx_StdPeriph_Driver\src\stm32f4xx_rcc.o
LOAD Libraries\STM32F4xx_StdPeriph_Driver\src\stm32f4xx_rng.o
LOAD Libraries\STM32F4xx_StdPeriph_Driver\src\stm32f4xx_rtc.o
LOAD Libraries\STM32F4xx_StdPeriph_Driver\src\stm32f4xx_sdio.o
LOAD Libraries\STM32F4xx_StdPeriph_Driver\src\stm32f4xx_spi.o
LOAD Libraries\STM32F4xx_StdPeriph_Driver\src\stm32f4xx_syscfg.o
LOAD Libraries\STM32F4xx_StdPeriph_Driver\src\stm32f4xx_tim.o
LOAD Libraries\STM32F4xx_StdPeriph_Driver\src\stm32f4xx_usart.o
LOAD Libraries\STM32F4xx_StdPeriph_Driver\src\stm32f4xx_wwdg.o
LOAD src\adc.o
LOAD src\diskio.o
LOAD src\ff.o
LOAD src\fsm.o
LOAD src\fsm_transition.o
LOAD src\main.o
LOAD src\rtc.o
LOAD src\startup_stm32f40xx.o
LOAD src\stm32_ub_atadrive.o
LOAD src\stm32_ub_fatfs.o
LOAD src\stm32_ub_lcd_2x16.o
LOAD src\stm32_ub_sdcard.o
LOAD src\stm32_ub_usbdisk.o
LOAD src\stm32f4xx_it.o
LOAD src\system_stm32f4xx.o
LOAD src\tiny_printf.o
                0x00000080                malloc_getpagesize_P = 0x80
START GROUP
LOAD c:/program files (x86)/atollic/truestudio for stm32 9.0.1/armtools/bin/../lib/gcc/arm-atollic-eabi/6.3.1/../../../../arm-atollic-eabi/lib/armv7e-m/fpu\libc_nano.a
LOAD c:/program files (x86)/atollic/truestudio for stm32 9.0.1/armtools/bin/../lib/gcc/arm-atollic-eabi/6.3.1/../../../../arm-atollic-eabi/lib/armv7e-m/fpu\libm.a
END GROUP
START GROUP
LOAD c:/program files (x86)/atollic/truestudio for stm32 9.0.1/armtools/bin/../lib/gcc/arm-atollic-eabi/6.3.1/armv7e-m/fpu\libgcc.a
LOAD c:/program files (x86)/atollic/truestudio for stm32 9.0.1/armtools/bin/../lib/gcc/arm-atollic-eabi/6.3.1/../../../../arm-atollic-eabi/lib/armv7e-m/fpu\libc_nano.a
END GROUP
START GROUP
LOAD c:/program files (x86)/atollic/truestudio for stm32 9.0.1/armtools/bin/../lib/gcc/arm-atollic-eabi/6.3.1/armv7e-m/fpu\libgcc.a
LOAD c:/program files (x86)/atollic/truestudio for stm32 9.0.1/armtools/bin/../lib/gcc/arm-atollic-eabi/6.3.1/../../../../arm-atollic-eabi/lib/armv7e-m/fpu\libc_nano.a
LOAD c:/program files (x86)/atollic/truestudio for stm32 9.0.1/armtools/bin/../lib/gcc/arm-atollic-eabi/6.3.1/../../../../arm-atollic-eabi/lib/armv7e-m/fpu\libnosys.a
END GROUP
START GROUP
LOAD c:/program files (x86)/atollic/truestudio for stm32 9.0.1/armtools/bin/../lib/gcc/arm-atollic-eabi/6.3.1/armv7e-m/fpu\libgcc.a
LOAD c:/program files (x86)/atollic/truestudio for stm32 9.0.1/armtools/bin/../lib/gcc/arm-atollic-eabi/6.3.1/../../../../arm-atollic-eabi/lib/armv7e-m/fpu\libc_nano.a
LOAD c:/program files (x86)/atollic/truestudio for stm32 9.0.1/armtools/bin/../lib/gcc/arm-atollic-eabi/6.3.1/../../../../arm-atollic-eabi/lib/armv7e-m/fpu\libnosys.a
END GROUP
LOAD c:/program files (x86)/atollic/truestudio for stm32 9.0.1/armtools/bin/../lib/gcc/arm-atollic-eabi/6.3.1/armv7e-m/fpu/crtend.o
LOAD c:/program files (x86)/atollic/truestudio for stm32 9.0.1/armtools/bin/../lib/gcc/arm-atollic-eabi/6.3.1/armv7e-m/fpu/crtn.o
                0x20020000                _estack = 0x20020000
                0x00000000                _Min_Heap_Size = 0x0
                0x00000400                _Min_Stack_Size = 0x400

.isr_vector     0x08000000      0x188
                0x08000000                . = ALIGN (0x4)
 *(.isr_vector)
 .isr_vector    0x08000000      0x188 src\startup_stm32f40xx.o
                0x08000000                g_pfnVectors
                0x08000188                . = ALIGN (0x4)

.text           0x08000188     0xc24c
                0x08000188                . = ALIGN (0x4)
 *(.text)
 .text          0x08000188       0x40 c:/program files (x86)/atollic/truestudio for stm32 9.0.1/armtools/bin/../lib/gcc/arm-atollic-eabi/6.3.1/armv7e-m/fpu/crtbegin.o
 .text          0x080001c8       0x14 c:/program files (x86)/atollic/truestudio for stm32 9.0.1/armtools/bin/../lib/gcc/arm-atollic-eabi/6.3.1/../../../../arm-atollic-eabi/lib/armv7e-m/fpu\libc_nano.a(lib_a-strcmp.o)
                0x080001c8                strcmp
 .text          0x080001dc       0x10 c:/program files (x86)/atollic/truestudio for stm32 9.0.1/armtools/bin/../lib/gcc/arm-atollic-eabi/6.3.1/../../../../arm-atollic-eabi/lib/armv7e-m/fpu\libc_nano.a(lib_a-strlen.o)
                0x080001dc                strlen
 .text          0x080001ec      0x370 c:/program files (x86)/atollic/truestudio for stm32 9.0.1/armtools/bin/../lib/gcc/arm-atollic-eabi/6.3.1/armv7e-m/fpu\libgcc.a(_arm_addsubdf3.o)
                0x080001ec                __aeabi_drsub
                0x080001f4                __aeabi_dsub
                0x080001f4                __subdf3
                0x080001f8                __aeabi_dadd
                0x080001f8                __adddf3
                0x08000470                __floatunsidf
                0x08000470                __aeabi_ui2d
                0x08000490                __floatsidf
                0x08000490                __aeabi_i2d
                0x080004b4                __aeabi_f2d
                0x080004b4                __extendsfdf2
                0x080004f0                __floatundidf
                0x080004f0                __aeabi_ul2d
                0x08000500                __floatdidf
                0x08000500                __aeabi_l2d
 .text          0x0800055c      0x424 c:/program files (x86)/atollic/truestudio for stm32 9.0.1/armtools/bin/../lib/gcc/arm-atollic-eabi/6.3.1/armv7e-m/fpu\libgcc.a(_arm_muldivdf3.o)
                0x0800055c                __aeabi_dmul
                0x0800055c                __muldf3
                0x080007b0                __divdf3
                0x080007b0                __aeabi_ddiv
 .text          0x08000980      0x110 c:/program files (x86)/atollic/truestudio for stm32 9.0.1/armtools/bin/../lib/gcc/arm-atollic-eabi/6.3.1/armv7e-m/fpu\libgcc.a(_arm_cmpdf2.o)
                0x08000980                __gtdf2
                0x08000980                __gedf2
                0x08000988                __ltdf2
                0x08000988                __ledf2
                0x08000990                __nedf2
                0x08000990                __eqdf2
                0x08000990                __cmpdf2
                0x08000a0c                __aeabi_cdrcmple
                0x08000a1c                __aeabi_cdcmpeq
                0x08000a1c                __aeabi_cdcmple
                0x08000a2c                __aeabi_dcmpeq
                0x08000a40                __aeabi_dcmplt
                0x08000a54                __aeabi_dcmple
                0x08000a68                __aeabi_dcmpge
                0x08000a7c                __aeabi_dcmpgt
 .text          0x08000a90       0x50 c:/program files (x86)/atollic/truestudio for stm32 9.0.1/armtools/bin/../lib/gcc/arm-atollic-eabi/6.3.1/armv7e-m/fpu\libgcc.a(_arm_fixdfsi.o)
                0x08000a90                __aeabi_d2iz
                0x08000a90                __fixdfsi
 .text          0x08000ae0       0x40 c:/program files (x86)/atollic/truestudio for stm32 9.0.1/armtools/bin/../lib/gcc/arm-atollic-eabi/6.3.1/armv7e-m/fpu\libgcc.a(_arm_fixunsdfsi.o)
                0x08000ae0                __aeabi_d2uiz
                0x08000ae0                __fixunsdfsi
 *(.text*)
 .text.NVIC_PriorityGroupConfig
                0x08000b20       0x28 Libraries\STM32F4xx_StdPeriph_Driver\src\misc.o
                0x08000b20                NVIC_PriorityGroupConfig
 .text.NVIC_Init
                0x08000b48       0xc4 Libraries\STM32F4xx_StdPeriph_Driver\src\misc.o
                0x08000b48                NVIC_Init
 .text.ADC_Init
                0x08000c0c       0xac Libraries\STM32F4xx_StdPeriph_Driver\src\stm32f4xx_adc.o
                0x08000c0c                ADC_Init
 .text.ADC_StructInit
                0x08000cb8       0x3e Libraries\STM32F4xx_StdPeriph_Driver\src\stm32f4xx_adc.o
                0x08000cb8                ADC_StructInit
 *fill*         0x08000cf6        0x2 
 .text.ADC_CommonInit
                0x08000cf8       0x50 Libraries\STM32F4xx_StdPeriph_Driver\src\stm32f4xx_adc.o
                0x08000cf8                ADC_CommonInit
 .text.ADC_CommonStructInit
                0x08000d48       0x2c Libraries\STM32F4xx_StdPeriph_Driver\src\stm32f4xx_adc.o
                0x08000d48                ADC_CommonStructInit
 .text.ADC_Cmd  0x08000d74       0x38 Libraries\STM32F4xx_StdPeriph_Driver\src\stm32f4xx_adc.o
                0x08000d74                ADC_Cmd
 .text.ADC_InjectedChannelConfig
                0x08000dac      0x122 Libraries\STM32F4xx_StdPeriph_Driver\src\stm32f4xx_adc.o
                0x08000dac                ADC_InjectedChannelConfig
 .text.ADC_InjectedSequencerLengthConfig
                0x08000ece       0x44 Libraries\STM32F4xx_StdPeriph_Driver\src\stm32f4xx_adc.o
                0x08000ece                ADC_InjectedSequencerLengthConfig
 .text.ADC_SetInjectedOffset
                0x08000f12       0x34 Libraries\STM32F4xx_StdPeriph_Driver\src\stm32f4xx_adc.o
                0x08000f12                ADC_SetInjectedOffset
 .text.ADC_SoftwareStartInjectedConv
                0x08000f46       0x20 Libraries\STM32F4xx_StdPeriph_Driver\src\stm32f4xx_adc.o
                0x08000f46                ADC_SoftwareStartInjectedConv
 .text.ADC_GetInjectedConversionValue
                0x08000f66       0x30 Libraries\STM32F4xx_StdPeriph_Driver\src\stm32f4xx_adc.o
                0x08000f66                ADC_GetInjectedConversionValue
 .text.ADC_GetFlagStatus
                0x08000f96       0x34 Libraries\STM32F4xx_StdPeriph_Driver\src\stm32f4xx_adc.o
                0x08000f96                ADC_GetFlagStatus
 .text.ADC_ClearFlag
                0x08000fca       0x20 Libraries\STM32F4xx_StdPeriph_Driver\src\stm32f4xx_adc.o
                0x08000fca                ADC_ClearFlag
 *fill*         0x08000fea        0x2 
 .text.DMA_DeInit
                0x08000fec      0x1a8 Libraries\STM32F4xx_StdPeriph_Driver\src\stm32f4xx_dma.o
                0x08000fec                DMA_DeInit
 .text.DMA_Init
                0x08001194       0xb0 Libraries\STM32F4xx_StdPeriph_Driver\src\stm32f4xx_dma.o
                0x08001194                DMA_Init
 .text.DMA_Cmd  0x08001244       0x38 Libraries\STM32F4xx_StdPeriph_Driver\src\stm32f4xx_dma.o
                0x08001244                DMA_Cmd
 .text.DMA_FlowControllerConfig
                0x0800127c       0x36 Libraries\STM32F4xx_StdPeriph_Driver\src\stm32f4xx_dma.o
                0x0800127c                DMA_FlowControllerConfig
 *fill*         0x080012b2        0x2 
 .text.DMA_ClearFlag
                0x080012b4       0x5c Libraries\STM32F4xx_StdPeriph_Driver\src\stm32f4xx_dma.o
                0x080012b4                DMA_ClearFlag
 .text.DMA_ITConfig
                0x08001310       0x74 Libraries\STM32F4xx_StdPeriph_Driver\src\stm32f4xx_dma.o
                0x08001310                DMA_ITConfig
 .text.EXTI_Init
                0x08001384       0xe4 Libraries\STM32F4xx_StdPeriph_Driver\src\stm32f4xx_exti.o
                0x08001384                EXTI_Init
 .text.GPIO_Init
                0x08001468      0x11c Libraries\STM32F4xx_StdPeriph_Driver\src\stm32f4xx_gpio.o
                0x08001468                GPIO_Init
 .text.GPIO_StructInit
                0x08001584       0x34 Libraries\STM32F4xx_StdPeriph_Driver\src\stm32f4xx_gpio.o
                0x08001584                GPIO_StructInit
 .text.GPIO_ReadInputDataBit
                0x080015b8       0x34 Libraries\STM32F4xx_StdPeriph_Driver\src\stm32f4xx_gpio.o
                0x080015b8                GPIO_ReadInputDataBit
 .text.GPIO_SetBits
                0x080015ec       0x1e Libraries\STM32F4xx_StdPeriph_Driver\src\stm32f4xx_gpio.o
                0x080015ec                GPIO_SetBits
 .text.GPIO_ResetBits
                0x0800160a       0x1e Libraries\STM32F4xx_StdPeriph_Driver\src\stm32f4xx_gpio.o
                0x0800160a                GPIO_ResetBits
 .text.GPIO_WriteBit
                0x08001628       0x30 Libraries\STM32F4xx_StdPeriph_Driver\src\stm32f4xx_gpio.o
                0x08001628                GPIO_WriteBit
 .text.GPIO_Write
                0x08001658       0x1e Libraries\STM32F4xx_StdPeriph_Driver\src\stm32f4xx_gpio.o
                0x08001658                GPIO_Write
 .text.GPIO_ToggleBits
                0x08001676       0x24 Libraries\STM32F4xx_StdPeriph_Driver\src\stm32f4xx_gpio.o
                0x08001676                GPIO_ToggleBits
 .text.GPIO_PinAFConfig
                0x0800169a       0x92 Libraries\STM32F4xx_StdPeriph_Driver\src\stm32f4xx_gpio.o
                0x0800169a                GPIO_PinAFConfig
 .text.PWR_BackupAccessCmd
                0x0800172c       0x20 Libraries\STM32F4xx_StdPeriph_Driver\src\stm32f4xx_pwr.o
                0x0800172c                PWR_BackupAccessCmd
 .text.RCC_LSEConfig
                0x0800174c       0x44 Libraries\STM32F4xx_StdPeriph_Driver\src\stm32f4xx_rcc.o
                0x0800174c                RCC_LSEConfig
 .text.RCC_LSICmd
                0x08001790       0x20 Libraries\STM32F4xx_StdPeriph_Driver\src\stm32f4xx_rcc.o
                0x08001790                RCC_LSICmd
 .text.RCC_GetClocksFreq
                0x080017b0      0x150 Libraries\STM32F4xx_StdPeriph_Driver\src\stm32f4xx_rcc.o
                0x080017b0                RCC_GetClocksFreq
 .text.RCC_RTCCLKConfig
                0x08001900       0x5c Libraries\STM32F4xx_StdPeriph_Driver\src\stm32f4xx_rcc.o
                0x08001900                RCC_RTCCLKConfig
 .text.RCC_RTCCLKCmd
                0x0800195c       0x20 Libraries\STM32F4xx_StdPeriph_Driver\src\stm32f4xx_rcc.o
                0x0800195c                RCC_RTCCLKCmd
 .text.RCC_AHB1PeriphClockCmd
                0x0800197c       0x40 Libraries\STM32F4xx_StdPeriph_Driver\src\stm32f4xx_rcc.o
                0x0800197c                RCC_AHB1PeriphClockCmd
 .text.RCC_APB1PeriphClockCmd
                0x080019bc       0x40 Libraries\STM32F4xx_StdPeriph_Driver\src\stm32f4xx_rcc.o
                0x080019bc                RCC_APB1PeriphClockCmd
 .text.RCC_APB2PeriphClockCmd
                0x080019fc       0x40 Libraries\STM32F4xx_StdPeriph_Driver\src\stm32f4xx_rcc.o
                0x080019fc                RCC_APB2PeriphClockCmd
 .text.RCC_APB2PeriphResetCmd
                0x08001a3c       0x40 Libraries\STM32F4xx_StdPeriph_Driver\src\stm32f4xx_rcc.o
                0x08001a3c                RCC_APB2PeriphResetCmd
 .text.RCC_GetFlagStatus
                0x08001a7c       0x74 Libraries\STM32F4xx_StdPeriph_Driver\src\stm32f4xx_rcc.o
                0x08001a7c                RCC_GetFlagStatus
 .text.RTC_Init
                0x08001af0       0x78 Libraries\STM32F4xx_StdPeriph_Driver\src\stm32f4xx_rtc.o
                0x08001af0                RTC_Init
 .text.RTC_WriteProtectionCmd
                0x08001b68       0x34 Libraries\STM32F4xx_StdPeriph_Driver\src\stm32f4xx_rtc.o
                0x08001b68                RTC_WriteProtectionCmd
 .text.RTC_EnterInitMode
                0x08001b9c       0x74 Libraries\STM32F4xx_StdPeriph_Driver\src\stm32f4xx_rtc.o
                0x08001b9c                RTC_EnterInitMode
 .text.RTC_ExitInitMode
                0x08001c10       0x20 Libraries\STM32F4xx_StdPeriph_Driver\src\stm32f4xx_rtc.o
                0x08001c10                RTC_ExitInitMode
 .text.RTC_WaitForSynchro
                0x08001c30       0x78 Libraries\STM32F4xx_StdPeriph_Driver\src\stm32f4xx_rtc.o
                0x08001c30                RTC_WaitForSynchro
 .text.RTC_SetTime
                0x08001ca8      0x114 Libraries\STM32F4xx_StdPeriph_Driver\src\stm32f4xx_rtc.o
                0x08001ca8                RTC_SetTime
 .text.RTC_GetTime
                0x08001dbc       0xa4 Libraries\STM32F4xx_StdPeriph_Driver\src\stm32f4xx_rtc.o
                0x08001dbc                RTC_GetTime
 .text.RTC_SetDate
                0x08001e60      0x120 Libraries\STM32F4xx_StdPeriph_Driver\src\stm32f4xx_rtc.o
                0x08001e60                RTC_SetDate
 .text.RTC_GetDate
                0x08001f80       0x9c Libraries\STM32F4xx_StdPeriph_Driver\src\stm32f4xx_rtc.o
                0x08001f80                RTC_GetDate
 .text.RTC_SetAlarm
                0x0800201c      0x138 Libraries\STM32F4xx_StdPeriph_Driver\src\stm32f4xx_rtc.o
                0x0800201c                RTC_SetAlarm
 .text.RTC_AlarmCmd
                0x08002154       0x9c Libraries\STM32F4xx_StdPeriph_Driver\src\stm32f4xx_rtc.o
                0x08002154                RTC_AlarmCmd
 .text.RTC_WakeUpClockConfig
                0x080021f0       0x44 Libraries\STM32F4xx_StdPeriph_Driver\src\stm32f4xx_rtc.o
                0x080021f0                RTC_WakeUpClockConfig
 .text.RTC_SetWakeUpCounter
                0x08002234       0x30 Libraries\STM32F4xx_StdPeriph_Driver\src\stm32f4xx_rtc.o
                0x08002234                RTC_SetWakeUpCounter
 .text.RTC_WakeUpCmd
                0x08002264       0x94 Libraries\STM32F4xx_StdPeriph_Driver\src\stm32f4xx_rtc.o
                0x08002264                RTC_WakeUpCmd
 .text.RTC_WriteBackupRegister
                0x080022f8       0x34 Libraries\STM32F4xx_StdPeriph_Driver\src\stm32f4xx_rtc.o
                0x080022f8                RTC_WriteBackupRegister
 .text.RTC_ReadBackupRegister
                0x0800232c       0x30 Libraries\STM32F4xx_StdPeriph_Driver\src\stm32f4xx_rtc.o
                0x0800232c                RTC_ReadBackupRegister
 .text.RTC_ITConfig
                0x0800235c       0x7c Libraries\STM32F4xx_StdPeriph_Driver\src\stm32f4xx_rtc.o
                0x0800235c                RTC_ITConfig
 .text.RTC_ClearFlag
                0x080023d8       0x30 Libraries\STM32F4xx_StdPeriph_Driver\src\stm32f4xx_rtc.o
                0x080023d8                RTC_ClearFlag
 .text.RTC_GetITStatus
                0x08002408       0x68 Libraries\STM32F4xx_StdPeriph_Driver\src\stm32f4xx_rtc.o
                0x08002408                RTC_GetITStatus
 .text.RTC_ClearITPendingBit
                0x08002470       0x3c Libraries\STM32F4xx_StdPeriph_Driver\src\stm32f4xx_rtc.o
                0x08002470                RTC_ClearITPendingBit
 .text.RTC_ByteToBcd2
                0x080024ac       0x3a Libraries\STM32F4xx_StdPeriph_Driver\src\stm32f4xx_rtc.o
 .text.RTC_Bcd2ToByte
                0x080024e6       0x38 Libraries\STM32F4xx_StdPeriph_Driver\src\stm32f4xx_rtc.o
 .text.SDIO_DeInit
                0x0800251e       0x1c Libraries\STM32F4xx_StdPeriph_Driver\src\stm32f4xx_sdio.o
                0x0800251e                SDIO_DeInit
 *fill*         0x0800253a        0x2 
 .text.SDIO_Init
                0x0800253c       0x60 Libraries\STM32F4xx_StdPeriph_Driver\src\stm32f4xx_sdio.o
                0x0800253c                SDIO_Init
 .text.SDIO_ClockCmd
                0x0800259c       0x20 Libraries\STM32F4xx_StdPeriph_Driver\src\stm32f4xx_sdio.o
                0x0800259c                SDIO_ClockCmd
 .text.SDIO_SetPowerState
                0x080025bc       0x20 Libraries\STM32F4xx_StdPeriph_Driver\src\stm32f4xx_sdio.o
                0x080025bc                SDIO_SetPowerState
 .text.SDIO_GetPowerState
                0x080025dc       0x1c Libraries\STM32F4xx_StdPeriph_Driver\src\stm32f4xx_sdio.o
                0x080025dc                SDIO_GetPowerState
 .text.SDIO_SendCommand
                0x080025f8       0x58 Libraries\STM32F4xx_StdPeriph_Driver\src\stm32f4xx_sdio.o
                0x080025f8                SDIO_SendCommand
 .text.SDIO_GetCommandResponse
                0x08002650       0x18 Libraries\STM32F4xx_StdPeriph_Driver\src\stm32f4xx_sdio.o
                0x08002650                SDIO_GetCommandResponse
 .text.SDIO_GetResponse
                0x08002668       0x28 Libraries\STM32F4xx_StdPeriph_Driver\src\stm32f4xx_sdio.o
                0x08002668                SDIO_GetResponse
 .text.SDIO_DataConfig
                0x08002690       0x5c Libraries\STM32F4xx_StdPeriph_Driver\src\stm32f4xx_sdio.o
                0x08002690                SDIO_DataConfig
 .text.SDIO_ReadData
                0x080026ec       0x18 Libraries\STM32F4xx_StdPeriph_Driver\src\stm32f4xx_sdio.o
                0x080026ec                SDIO_ReadData
 .text.SDIO_DMACmd
                0x08002704       0x20 Libraries\STM32F4xx_StdPeriph_Driver\src\stm32f4xx_sdio.o
                0x08002704                SDIO_DMACmd
 .text.SDIO_ITConfig
                0x08002724       0x40 Libraries\STM32F4xx_StdPeriph_Driver\src\stm32f4xx_sdio.o
                0x08002724                SDIO_ITConfig
 .text.SDIO_GetFlagStatus
                0x08002764       0x34 Libraries\STM32F4xx_StdPeriph_Driver\src\stm32f4xx_sdio.o
                0x08002764                SDIO_GetFlagStatus
 .text.SDIO_ClearFlag
                0x08002798       0x20 Libraries\STM32F4xx_StdPeriph_Driver\src\stm32f4xx_sdio.o
                0x08002798                SDIO_ClearFlag
 .text.SDIO_GetITStatus
                0x080027b8       0x34 Libraries\STM32F4xx_StdPeriph_Driver\src\stm32f4xx_sdio.o
                0x080027b8                SDIO_GetITStatus
 .text.SDIO_ClearITPendingBit
                0x080027ec       0x20 Libraries\STM32F4xx_StdPeriph_Driver\src\stm32f4xx_sdio.o
                0x080027ec                SDIO_ClearITPendingBit
 .text.TIM_TimeBaseInit
                0x0800280c       0xd8 Libraries\STM32F4xx_StdPeriph_Driver\src\stm32f4xx_tim.o
                0x0800280c                TIM_TimeBaseInit
 .text.TIM_ARRPreloadConfig
                0x080028e4       0x40 Libraries\STM32F4xx_StdPeriph_Driver\src\stm32f4xx_tim.o
                0x080028e4                TIM_ARRPreloadConfig
 .text.TIM_Cmd  0x08002924       0x40 Libraries\STM32F4xx_StdPeriph_Driver\src\stm32f4xx_tim.o
                0x08002924                TIM_Cmd
 .text.TIM_OC3Init
                0x08002964      0x10c Libraries\STM32F4xx_StdPeriph_Driver\src\stm32f4xx_tim.o
                0x08002964                TIM_OC3Init
 .text.TIM_OC3PreloadConfig
                0x08002a70       0x38 Libraries\STM32F4xx_StdPeriph_Driver\src\stm32f4xx_tim.o
                0x08002a70                TIM_OC3PreloadConfig
 .text.TIM_ITConfig
                0x08002aa8       0x48 Libraries\STM32F4xx_StdPeriph_Driver\src\stm32f4xx_tim.o
                0x08002aa8                TIM_ITConfig
 .text.TIM_GetITStatus
                0x08002af0       0x54 Libraries\STM32F4xx_StdPeriph_Driver\src\stm32f4xx_tim.o
                0x08002af0                TIM_GetITStatus
 .text.TIM_ClearITPendingBit
                0x08002b44       0x22 Libraries\STM32F4xx_StdPeriph_Driver\src\stm32f4xx_tim.o
                0x08002b44                TIM_ClearITPendingBit
 *fill*         0x08002b66        0x2 
 .text.USART_Init
                0x08002b68      0x174 Libraries\STM32F4xx_StdPeriph_Driver\src\stm32f4xx_usart.o
                0x08002b68                USART_Init
 .text.USART_Cmd
                0x08002cdc       0x40 Libraries\STM32F4xx_StdPeriph_Driver\src\stm32f4xx_usart.o
                0x08002cdc                USART_Cmd
 .text.USART_SendData
                0x08002d1c       0x24 Libraries\STM32F4xx_StdPeriph_Driver\src\stm32f4xx_usart.o
                0x08002d1c                USART_SendData
 .text.USART_ReceiveData
                0x08002d40       0x20 Libraries\STM32F4xx_StdPeriph_Driver\src\stm32f4xx_usart.o
                0x08002d40                USART_ReceiveData
 .text.USART_ITConfig
                0x08002d60       0x90 Libraries\STM32F4xx_StdPeriph_Driver\src\stm32f4xx_usart.o
                0x08002d60                USART_ITConfig
 .text.USART_GetFlagStatus
                0x08002df0       0x38 Libraries\STM32F4xx_StdPeriph_Driver\src\stm32f4xx_usart.o
                0x08002df0                USART_GetFlagStatus
 .text.USART_GetITStatus
                0x08002e28       0xb6 Libraries\STM32F4xx_StdPeriph_Driver\src\stm32f4xx_usart.o
                0x08002e28                USART_GetITStatus
 .text.USART_ClearITPendingBit
                0x08002ede       0x3a Libraries\STM32F4xx_StdPeriph_Driver\src\stm32f4xx_usart.o
                0x08002ede                USART_ClearITPendingBit
 .text.adc_inicializar
                0x08002f18       0xbc src\adc.o
                0x08002f18                adc_inicializar
 .text.adc_leer_cuentas_ldr
                0x08002fd4       0x4c src\adc.o
                0x08002fd4                adc_leer_cuentas_ldr
 .text.adc_leer_cuentas_yl69
                0x08003020       0x4c src\adc.o
                0x08003020                adc_leer_cuentas_yl69
 .text.disk_initialize
                0x0800306c       0x72 src\diskio.o
                0x0800306c                disk_initialize
 .text.disk_status
                0x080030de       0x72 src\diskio.o
                0x080030de                disk_status
 .text.disk_read
                0x08003150       0x94 src\diskio.o
                0x08003150                disk_read
 .text.disk_write
                0x080031e4       0x94 src\diskio.o
                0x080031e4                disk_write
 .text.get_fattime
                0x08003278       0x14 src\diskio.o
                0x08003278                get_fattime
 .text.disk_ioctl
                0x0800328c       0x8a src\diskio.o
                0x0800328c                disk_ioctl
 .text.mem_cpy  0x08003316       0x3c src\ff.o
 .text.mem_set  0x08003352       0x34 src\ff.o
 .text.mem_cmp  0x08003386       0x4e src\ff.o
 .text.chk_chr  0x080033d4       0x36 src\ff.o
 .text.sync_window
                0x0800340a       0x8c src\ff.o
 .text.move_window
                0x08003496       0x50 src\ff.o
 .text.sync_fs  0x080034e6      0x140 src\ff.o
 .text.clust2sect
                0x08003626       0x3e src\ff.o
                0x08003626                clust2sect
 .text.get_fat  0x08003664      0x162 src\ff.o
                0x08003664                get_fat
 .text.put_fat  0x080037c6      0x208 src\ff.o
                0x080037c6                put_fat
 .text.remove_chain
                0x080039ce       0x9e src\ff.o
 .text.create_chain
                0x08003a6c      0x112 src\ff.o
 .text.dir_sdi  0x08003b7e      0x104 src\ff.o
 .text.dir_next
                0x08003c82      0x1a4 src\ff.o
 .text.dir_alloc
                0x08003e26       0x82 src\ff.o
 .text.ld_clust
                0x08003ea8       0x5a src\ff.o
 .text.st_clust
                0x08003f02       0x4e src\ff.o
 .text.dir_find
                0x08003f50       0x96 src\ff.o
 .text.dir_register
                0x08003fe6       0x64 src\ff.o
 *fill*         0x0800404a        0x2 
 .text.create_name
                0x0800404c      0x180 src\ff.o
 .text.follow_path
                0x080041cc       0xd4 src\ff.o
 .text.check_fs
                0x080042a0       0xcc src\ff.o
 .text.chk_mounted
                0x0800436c      0x550 src\ff.o
 .text.validate
                0x080048bc       0x5a src\ff.o
 *fill*         0x08004916        0x2 
 .text.f_mount  0x08004918       0x54 src\ff.o
                0x08004918                f_mount
 .text.f_open   0x0800496c      0x278 src\ff.o
                0x0800496c                f_open
 .text.f_read   0x08004be4      0x2a0 src\ff.o
                0x08004be4                f_read
 .text.f_write  0x08004e84      0x302 src\ff.o
                0x08004e84                f_write
 .text.f_sync   0x08005186      0x150 src\ff.o
                0x08005186                f_sync
 .text.f_close  0x080052d6       0x28 src\ff.o
                0x080052d6                f_close
 .text.f_lseek  0x080052fe      0x29e src\ff.o
                0x080052fe                f_lseek
 .text.f_getfree
                0x0800559c      0x186 src\ff.o
                0x0800559c                f_getfree
 .text.f_gets   0x08005722       0x7a src\ff.o
                0x08005722                f_gets
 .text.f_putc   0x0800579c       0x4a src\ff.o
                0x0800579c                f_putc
 .text.f_puts   0x080057e6       0x48 src\ff.o
                0x080057e6                f_puts
 *fill*         0x0800582e        0x2 
 .text.FSM_Init
                0x08005830       0x18 src\fsm.o
                0x08005830                FSM_Init
 .text.FSM_menu
                0x08005848       0x58 src\fsm.o
                0x08005848                FSM_menu
 .text.FSM_enter
                0x080058a0       0x5c src\fsm.o
                0x080058a0                FSM_enter
 .text.FSM_arriba
                0x080058fc       0x5c src\fsm.o
                0x080058fc                FSM_arriba
 .text.FSM_abajo
                0x08005958       0x5c src\fsm.o
                0x08005958                FSM_abajo
 .text.FSM_back
                0x080059b4       0x5c src\fsm.o
                0x080059b4                FSM_back
 .text.FSM_do_menu_1_1
                0x08005a10        0xc src\fsm_transition.o
                0x08005a10                FSM_do_menu_1_1
 .text.FSM_do_menu_1_2
                0x08005a1c        0xc src\fsm_transition.o
                0x08005a1c                FSM_do_menu_1_2
 .text.FSM_do_menu_1_3
                0x08005a28        0xc src\fsm_transition.o
                0x08005a28                FSM_do_menu_1_3
 .text.FSM_do_menu_2_1
                0x08005a34        0xc src\fsm_transition.o
                0x08005a34                FSM_do_menu_2_1
 .text.FSM_do_menu_2_2
                0x08005a40        0xc src\fsm_transition.o
                0x08005a40                FSM_do_menu_2_2
 .text.FSM_do_menu_2_3
                0x08005a4c        0xc src\fsm_transition.o
                0x08005a4c                FSM_do_menu_2_3
 .text.FSM_do_menu_3_1
                0x08005a58        0xc src\fsm_transition.o
                0x08005a58                FSM_do_menu_3_1
 .text.FSM_do_menu_3_2
                0x08005a64        0xc src\fsm_transition.o
                0x08005a64                FSM_do_menu_3_2
 .text.FSM_do_menu_3_3
                0x08005a70        0xc src\fsm_transition.o
                0x08005a70                FSM_do_menu_3_3
 .text.NVIC_SetPriority
                0x08005a7c       0x54 src\main.o
 .text.SysTick_Config
                0x08005ad0       0x44 src\main.o
 .text.delay    0x08005b14       0x28 src\main.o
                0x08005b14                delay
 .text.set_gpio_output_interior
                0x08005b3c       0x38 src\main.o
                0x08005b3c                set_gpio_output_interior
 .text.set_gpio_input_interior
                0x08005b74       0x38 src\main.o
                0x08005b74                set_gpio_input_interior
 .text.DHT11_start_interior
                0x08005bac       0x28 src\main.o
                0x08005bac                DHT11_start_interior
 .text.check_response_interior
                0x08005bd4       0x5c src\main.o
                0x08005bd4                check_response_interior
 .text.read_data_interior
                0x08005c30       0xc8 src\main.o
                0x08005c30                read_data_interior
 .text.leer_dht_interior
                0x08005cf8      0x150 src\main.o
                0x08005cf8                leer_dht_interior
 .text.set_gpio_output_exterior
                0x08005e48       0x3c src\main.o
                0x08005e48                set_gpio_output_exterior
 .text.set_gpio_input_exterior
                0x08005e84       0x3c src\main.o
                0x08005e84                set_gpio_input_exterior
 .text.DHT11_start_exterior
                0x08005ec0       0x28 src\main.o
                0x08005ec0                DHT11_start_exterior
 .text.check_response_exterior
                0x08005ee8       0x64 src\main.o
                0x08005ee8                check_response_exterior
 .text.read_data_exterior
                0x08005f4c       0xd0 src\main.o
                0x08005f4c                read_data_exterior
 .text.leer_dht_exterior
                0x0800601c      0x150 src\main.o
                0x0800601c                leer_dht_exterior
 .text.TIM5_Init
                0x0800616c       0x60 src\main.o
                0x0800616c                TIM5_Init
 .text.TIM5_Config
                0x080061cc       0x2e src\main.o
                0x080061cc                TIM5_Config
 *fill*         0x080061fa        0x2 
 .text.TIM5_Start
                0x080061fc       0x1c src\main.o
                0x080061fc                TIM5_Start
 .text.TIM5_IRQHandler
                0x08006218       0x38 src\main.o
                0x08006218                TIM5_IRQHandler
 .text.TIM3_Init
                0x08006250       0x60 src\main.o
                0x08006250                TIM3_Init
 .text.TIM3_Config
                0x080062b0       0x2e src\main.o
                0x080062b0                TIM3_Config
 .text.TIM3_Start
                0x080062de       0x10 src\main.o
                0x080062de                TIM3_Start
 *fill*         0x080062ee        0x2 
 .text.TIM3_IRQHandler
                0x080062f0      0x1c4 src\main.o
                0x080062f0                TIM3_IRQHandler
 .text.abrir_ventana
                0x080064b4       0x18 src\main.o
                0x080064b4                abrir_ventana
 .text.cerrar_ventana
                0x080064cc       0x18 src\main.o
                0x080064cc                cerrar_ventana
 .text.parar_ventana
                0x080064e4       0x24 src\main.o
                0x080064e4                parar_ventana
 .text.TIM4_Init
                0x08006508       0x88 src\main.o
                0x08006508                TIM4_Init
 .text.TIM4_Config
                0x08006590       0x4c src\main.o
                0x08006590                TIM4_Config
 .text.TIM4_Start
                0x080065dc       0x10 src\main.o
                0x080065dc                TIM4_Start
 .text.encender_ventilador
                0x080065ec       0x18 src\main.o
                0x080065ec                encender_ventilador
 .text.apagar_ventilador
                0x08006604       0x18 src\main.o
                0x08006604                apagar_ventilador
 .text.main     0x0800661c      0x11c src\main.o
                0x0800661c                main
 .text.task_scheduler
                0x08006738      0x24c src\main.o
                0x08006738                task_scheduler
 .text.inicializar_leds
                0x08006984       0x3c src\main.o
                0x08006984                inicializar_leds
 .text.inicializar_fan
                0x080069c0       0x3c src\main.o
                0x080069c0                inicializar_fan
 .text.inicializar_ventana
                0x080069fc       0x38 src\main.o
                0x080069fc                inicializar_ventana
 .text.inicializar_calentador
                0x08006a34       0x38 src\main.o
                0x08006a34                inicializar_calentador
 .text.inicializar_bomba
                0x08006a6c       0x38 src\main.o
                0x08006a6c                inicializar_bomba
 .text.task_manager
                0x08006aa4       0x98 src\main.o
                0x08006aa4                task_manager
 .text.dht_interior_task
                0x08006b3c       0x20 src\main.o
                0x08006b3c                dht_interior_task
 .text.dht_exterior_task
                0x08006b5c       0x20 src\main.o
                0x08006b5c                dht_exterior_task
 .text.led_task
                0x08006b7c       0x48 src\main.o
                0x08006b7c                led_task
 .text.ldr_task
                0x08006bc4       0x70 src\main.o
                0x08006bc4                ldr_task
 *fill*         0x08006c34        0x4 
 .text.yl69_task
                0x08006c38       0x98 src\main.o
                0x08006c38                yl69_task
 .text.ventana_task
                0x08006cd0       0x28 src\main.o
                0x08006cd0                ventana_task
 .text.display_task
                0x08006cf8      0x358 src\main.o
                0x08006cf8                display_task
 .text.control_temp_task
                0x08007050       0xfc src\main.o
                0x08007050                control_temp_task
 .text.serial_task
                0x0800714c      0x730 src\main.o
                0x0800714c                serial_task
 .text.cargar_datos
                0x0800787c      0x740 src\main.o
                0x0800787c                cargar_datos
 .text.fecha_valida
                0x08007fbc       0x68 src\main.o
                0x08007fbc                fecha_valida
 .text.configurar_cultivo_tomate
                0x08008024      0x1f0 src\main.o
                0x08008024                configurar_cultivo_tomate
 .text.configurar_cultivo_zanahoria
                0x08008214      0x1e0 src\main.o
                0x08008214                configurar_cultivo_zanahoria
 .text.enviar_comando
                0x080083f4       0x54 src\main.o
                0x080083f4                enviar_comando
 .text.USART3_Config
                0x08008448       0xb0 src\main.o
 .text.backup_etapas
                0x080084f8      0x150 src\main.o
                0x080084f8                backup_etapas
 .text.log_etapas
                0x08008648       0xb0 src\main.o
                0x08008648                log_etapas
 .text.datalogger_mejorado
                0x080086f8      0x108 src\main.o
                0x080086f8                datalogger_mejorado
 .text.USART3_IRQHandler
                0x08008800      0x2d8 src\main.o
                0x08008800                USART3_IRQHandler
 .text.TM_RTC_AlarmBHandler
                0x08008ad8      0x1fc src\main.o
                0x08008ad8                TM_RTC_AlarmBHandler
 .text.TM_RTC_Init
                0x08008cd4      0x120 src\rtc.o
                0x08008cd4                TM_RTC_Init
 .text.TM_RTC_SetDateTime
                0x08008df4      0x284 src\rtc.o
                0x08008df4                TM_RTC_SetDateTime
 .text.TM_RTC_GetDateTime
                0x08009078       0xa0 src\rtc.o
                0x08009078                TM_RTC_GetDateTime
 .text.TM_RTC_Config
                0x08009118       0x78 src\rtc.o
                0x08009118                TM_RTC_Config
 .text.TM_RTC_Interrupts
                0x08009190      0x144 src\rtc.o
                0x08009190                TM_RTC_Interrupts
 .text.TM_RTC_GetUnixTimeStamp
                0x080092d4      0x170 src\rtc.o
                0x080092d4                TM_RTC_GetUnixTimeStamp
 .text.TM_RTC_SetAlarm
                0x08009444       0xf8 src\rtc.o
                0x08009444                TM_RTC_SetAlarm
 .text.TM_RTC_DisableAlarm
                0x0800953c       0xac src\rtc.o
                0x0800953c                TM_RTC_DisableAlarm
 .text.TM_RTC_RequestHandler
                0x080095e8        0xe src\rtc.o
                0x080095e8                TM_RTC_RequestHandler
 *fill*         0x080095f6        0x2 
 .text.TM_RTC_AlarmAHandler
                0x080095f8       0x2c src\rtc.o
                0x080095f8                TM_RTC_AlarmAHandler
 .text.RTC_WKUP_IRQHandler
                0x08009624       0x30 src\rtc.o
                0x08009624                RTC_WKUP_IRQHandler
 .text.RTC_Alarm_IRQHandler
                0x08009654       0x48 src\rtc.o
                0x08009654                RTC_Alarm_IRQHandler
 .text.Reset_Handler
                0x0800969c       0x50 src\startup_stm32f40xx.o
                0x0800969c                Reset_Handler
 .text.Default_Handler
                0x080096ec        0x2 src\startup_stm32f40xx.o
                0x080096ec                HASH_RNG_IRQHandler
                0x080096ec                EXTI2_IRQHandler
                0x080096ec                TIM8_CC_IRQHandler
                0x080096ec                TIM1_CC_IRQHandler
                0x080096ec                DMA2_Stream5_IRQHandler
                0x080096ec                DMA1_Stream5_IRQHandler
                0x080096ec                PVD_IRQHandler
                0x080096ec                TAMP_STAMP_IRQHandler
                0x080096ec                CAN2_RX1_IRQHandler
                0x080096ec                EXTI3_IRQHandler
                0x080096ec                TIM8_TRG_COM_TIM14_IRQHandler
                0x080096ec                TIM1_UP_TIM10_IRQHandler
                0x080096ec                TIM8_UP_TIM13_IRQHandler
                0x080096ec                I2C3_ER_IRQHandler
                0x080096ec                EXTI0_IRQHandler
                0x080096ec                I2C2_EV_IRQHandler
                0x080096ec                DMA1_Stream2_IRQHandler
                0x080096ec                CAN1_RX0_IRQHandler
                0x080096ec                FPU_IRQHandler
                0x080096ec                OTG_HS_WKUP_IRQHandler
                0x080096ec                CAN2_SCE_IRQHandler
                0x080096ec                DMA2_Stream2_IRQHandler
                0x080096ec                SPI1_IRQHandler
                0x080096ec                TIM6_DAC_IRQHandler
                0x080096ec                TIM1_BRK_TIM9_IRQHandler
                0x080096ec                DCMI_IRQHandler
                0x080096ec                CAN2_RX0_IRQHandler
                0x080096ec                USART6_IRQHandler
                0x080096ec                CRYP_IRQHandler
                0x080096ec                CAN1_RX1_IRQHandler
                0x080096ec                UART5_IRQHandler
                0x080096ec                DMA2_Stream0_IRQHandler
                0x080096ec                TIM4_IRQHandler
                0x080096ec                I2C1_EV_IRQHandler
                0x080096ec                DMA1_Stream6_IRQHandler
                0x080096ec                DMA1_Stream1_IRQHandler
                0x080096ec                UART4_IRQHandler
                0x080096ec                RCC_IRQHandler
                0x080096ec                TIM8_BRK_TIM12_IRQHandler
                0x080096ec                Default_Handler
                0x080096ec                EXTI15_10_IRQHandler
                0x080096ec                ADC_IRQHandler
                0x080096ec                DMA1_Stream7_IRQHandler
                0x080096ec                TIM7_IRQHandler
                0x080096ec                CAN2_TX_IRQHandler
                0x080096ec                DMA2_Stream7_IRQHandler
                0x080096ec                I2C3_EV_IRQHandler
                0x080096ec                EXTI9_5_IRQHandler
                0x080096ec                ETH_WKUP_IRQHandler
                0x080096ec                SPI2_IRQHandler
                0x080096ec                OTG_HS_EP1_IN_IRQHandler
                0x080096ec                DMA1_Stream0_IRQHandler
                0x080096ec                CAN1_TX_IRQHandler
                0x080096ec                EXTI4_IRQHandler
                0x080096ec                FSMC_IRQHandler
                0x080096ec                ETH_IRQHandler
                0x080096ec                OTG_HS_EP1_OUT_IRQHandler
                0x080096ec                WWDG_IRQHandler
                0x080096ec                TIM2_IRQHandler
                0x080096ec                OTG_FS_WKUP_IRQHandler
                0x080096ec                TIM1_TRG_COM_TIM11_IRQHandler
                0x080096ec                OTG_HS_IRQHandler
                0x080096ec                EXTI1_IRQHandler
                0x080096ec                USART2_IRQHandler
                0x080096ec                I2C2_ER_IRQHandler
                0x080096ec                DMA2_Stream1_IRQHandler
                0x080096ec                CAN1_SCE_IRQHandler
                0x080096ec                FLASH_IRQHandler
                0x080096ec                DMA2_Stream4_IRQHandler
                0x080096ec                USART1_IRQHandler
                0x080096ec                OTG_FS_IRQHandler
                0x080096ec                SPI3_IRQHandler
                0x080096ec                DMA1_Stream4_IRQHandler
                0x080096ec                I2C1_ER_IRQHandler
                0x080096ec                DMA2_Stream6_IRQHandler
                0x080096ec                DMA1_Stream3_IRQHandler
 .text.UB_ATADrive_Init
                0x080096ee        0xe src\stm32_ub_atadrive.o
                0x080096ee                UB_ATADrive_Init
 .text.ATA_disk_initialize
                0x080096fc       0x1a src\stm32_ub_atadrive.o
                0x080096fc                ATA_disk_initialize
 .text.ATA_disk_status
                0x08009716       0x1a src\stm32_ub_atadrive.o
                0x08009716                ATA_disk_status
 .text.ATA_disk_read
                0x08009730       0x22 src\stm32_ub_atadrive.o
                0x08009730                ATA_disk_read
 .text.ATA_disk_write
                0x08009752       0x22 src\stm32_ub_atadrive.o
                0x08009752                ATA_disk_write
 .text.ATA_disk_ioctl
                0x08009774       0x20 src\stm32_ub_atadrive.o
                0x08009774                ATA_disk_ioctl
 .text.UB_Fatfs_Init
                0x08009794       0x14 src\stm32_ub_fatfs.o
                0x08009794                UB_Fatfs_Init
 .text.UB_Fatfs_CheckMedia
                0x080097a8       0x3a src\stm32_ub_fatfs.o
                0x080097a8                UB_Fatfs_CheckMedia
 *fill*         0x080097e2        0x2 
 .text.UB_Fatfs_Mount
                0x080097e4       0x6c src\stm32_ub_fatfs.o
                0x080097e4                UB_Fatfs_Mount
 .text.UB_Fatfs_UnMount
                0x08009850       0x3e src\stm32_ub_fatfs.o
                0x08009850                UB_Fatfs_UnMount
 .text.UB_Fatfs_OpenFile
                0x0800988e       0xa6 src\stm32_ub_fatfs.o
                0x0800988e                UB_Fatfs_OpenFile
 .text.UB_Fatfs_CloseFile
                0x08009934       0x34 src\stm32_ub_fatfs.o
                0x08009934                UB_Fatfs_CloseFile
 .text.UB_Fatfs_WriteString
                0x08009968       0x36 src\stm32_ub_fatfs.o
                0x08009968                UB_Fatfs_WriteString
 .text.UB_Fatfs_ReadString
                0x0800999e       0x60 src\stm32_ub_fatfs.o
                0x0800999e                UB_Fatfs_ReadString
 .text.UB_Fatfs_FileSize
                0x080099fe       0x2a src\stm32_ub_fatfs.o
                0x080099fe                UB_Fatfs_FileSize
 .text.UB_LCD_2x16_Init
                0x08009a28       0x3c src\stm32_ub_lcd_2x16.o
                0x08009a28                UB_LCD_2x16_Init
 .text.UB_LCD_2x16_Clear
                0x08009a64       0x16 src\stm32_ub_lcd_2x16.o
                0x08009a64                UB_LCD_2x16_Clear
 .text.UB_LCD_2x16_String
                0x08009a7a       0x3e src\stm32_ub_lcd_2x16.o
                0x08009a7a                UB_LCD_2x16_String
 .text.P_LCD_2x16_InitIO
                0x08009ab8       0xa8 src\stm32_ub_lcd_2x16.o
                0x08009ab8                P_LCD_2x16_InitIO
 .text.P_LCD_2x16_PinLo
                0x08009b60       0x40 src\stm32_ub_lcd_2x16.o
                0x08009b60                P_LCD_2x16_PinLo
 .text.P_LCD_2x16_PinHi
                0x08009ba0       0x40 src\stm32_ub_lcd_2x16.o
                0x08009ba0                P_LCD_2x16_PinHi
 .text.P_LCD_2x16_Clk
                0x08009be0       0x24 src\stm32_ub_lcd_2x16.o
                0x08009be0                P_LCD_2x16_Clk
 .text.P_LCD_2x16_InitSequenz
                0x08009c04       0x68 src\stm32_ub_lcd_2x16.o
                0x08009c04                P_LCD_2x16_InitSequenz
 .text.P_LCD_2x16_Cmd
                0x08009c6c       0xde src\stm32_ub_lcd_2x16.o
                0x08009c6c                P_LCD_2x16_Cmd
 .text.P_LCD_2x16_Data
                0x08009d4a       0xde src\stm32_ub_lcd_2x16.o
                0x08009d4a                P_LCD_2x16_Data
 .text.P_LCD_2x16_Cursor
                0x08009e28       0x4a src\stm32_ub_lcd_2x16.o
                0x08009e28                P_LCD_2x16_Cursor
 .text.P_LCD_2x16_Delay
                0x08009e72       0x20 src\stm32_ub_lcd_2x16.o
                0x08009e72                P_LCD_2x16_Delay
 .text.UB_SDCard_Init
                0x08009e92       0x10 src\stm32_ub_sdcard.o
                0x08009e92                UB_SDCard_Init
 .text.UB_SDCard_CheckMedia
                0x08009ea2       0x1e src\stm32_ub_sdcard.o
                0x08009ea2                UB_SDCard_CheckMedia
 .text.MMC_disk_initialize
                0x08009ec0       0x34 src\stm32_ub_sdcard.o
                0x08009ec0                MMC_disk_initialize
 .text.MMC_disk_status
                0x08009ef4       0x30 src\stm32_ub_sdcard.o
                0x08009ef4                MMC_disk_status
 .text.MMC_disk_read
                0x08009f24       0x64 src\stm32_ub_sdcard.o
                0x08009f24                MMC_disk_read
 .text.MMC_disk_write
                0x08009f88       0x64 src\stm32_ub_sdcard.o
                0x08009f88                MMC_disk_write
 .text.MMC_disk_ioctl
                0x08009fec       0x74 src\stm32_ub_sdcard.o
                0x08009fec                MMC_disk_ioctl
 .text.NVIC_Configuration
                0x0800a060       0x3e src\stm32_ub_sdcard.o
 *fill*         0x0800a09e        0x2 
 .text.SD_Init  0x0800a0a0       0xb4 src\stm32_ub_sdcard.o
                0x0800a0a0                SD_Init
 .text.SD_GetStatus
                0x0800a154       0x30 src\stm32_ub_sdcard.o
                0x0800a154                SD_GetStatus
 .text.SD_GetState
                0x0800a184       0x3e src\stm32_ub_sdcard.o
                0x0800a184                SD_GetState
 .text.SD_Detect
                0x0800a1c2       0x1a src\stm32_ub_sdcard.o
                0x0800a1c2                SD_Detect
 .text.SD_PowerON
                0x0800a1dc      0x22c src\stm32_ub_sdcard.o
                0x0800a1dc                SD_PowerON
 .text.SD_InitializeCards
                0x0800a408      0x18c src\stm32_ub_sdcard.o
                0x0800a408                SD_InitializeCards
 .text.SD_GetCardInfo
                0x0800a594      0x580 src\stm32_ub_sdcard.o
                0x0800a594                SD_GetCardInfo
 .text.SD_EnableWideBusOperation
                0x0800ab14       0xd8 src\stm32_ub_sdcard.o
                0x0800ab14                SD_EnableWideBusOperation
 .text.SD_SelectDeselect
                0x0800abec       0x4c src\stm32_ub_sdcard.o
                0x0800abec                SD_SelectDeselect
 .text.SD_ReadMultiBlocks
                0x0800ac38      0x134 src\stm32_ub_sdcard.o
                0x0800ac38                SD_ReadMultiBlocks
 .text.SD_WaitReadOperation
                0x0800ad6c       0xbc src\stm32_ub_sdcard.o
                0x0800ad6c                SD_WaitReadOperation
 .text.SD_WriteMultiBlocks
                0x0800ae28      0x1b0 src\stm32_ub_sdcard.o
                0x0800ae28                SD_WriteMultiBlocks
 .text.SD_WaitWriteOperation
                0x0800afd8       0xbc src\stm32_ub_sdcard.o
                0x0800afd8                SD_WaitWriteOperation
 .text.SD_StopTransfer
                0x0800b094       0x48 src\stm32_ub_sdcard.o
                0x0800b094                SD_StopTransfer
 .text.SD_SendStatus
                0x0800b0dc       0x78 src\stm32_ub_sdcard.o
                0x0800b0dc                SD_SendStatus
 .text.SD_ProcessIRQSrc
                0x0800b154       0xc8 src\stm32_ub_sdcard.o
                0x0800b154                SD_ProcessIRQSrc
 .text.SD_ProcessDMAIRQ
                0x0800b21c       0x30 src\stm32_ub_sdcard.o
                0x0800b21c                SD_ProcessDMAIRQ
 .text.CmdError
                0x0800b24c       0x4a src\stm32_ub_sdcard.o
 *fill*         0x0800b296        0x2 
 .text.CmdResp7Error
                0x0800b298       0x78 src\stm32_ub_sdcard.o
 .text.CmdResp1Error
                0x0800b310      0x1a4 src\stm32_ub_sdcard.o
 .text.CmdResp3Error
                0x0800b4b4       0x50 src\stm32_ub_sdcard.o
 .text.CmdResp2Error
                0x0800b504       0x68 src\stm32_ub_sdcard.o
 .text.CmdResp6Error
                0x0800b56c       0xd0 src\stm32_ub_sdcard.o
 .text.SDEnWideBus
                0x0800b63c      0x180 src\stm32_ub_sdcard.o
 .text.FindSCR  0x0800b7bc      0x204 src\stm32_ub_sdcard.o
 .text.SD_LowLevel_Init
                0x0800b9c0       0x94 src\stm32_ub_sdcard.o
                0x0800b9c0                SD_LowLevel_Init
 .text.SD_LowLevel_DMA_TxConfig
                0x0800ba54       0xa4 src\stm32_ub_sdcard.o
                0x0800ba54                SD_LowLevel_DMA_TxConfig
 .text.SD_LowLevel_DMA_RxConfig
                0x0800baf8       0xa4 src\stm32_ub_sdcard.o
                0x0800baf8                SD_LowLevel_DMA_RxConfig
 .text.SDIO_IRQHandler
                0x0800bb9c        0xc src\stm32_ub_sdcard.o
                0x0800bb9c                SDIO_IRQHandler
 .text.DMA2_Stream3_IRQHandler
                0x0800bba8        0xc src\stm32_ub_sdcard.o
                0x0800bba8                DMA2_Stream3_IRQHandler
 .text.UB_USBDisk_Init
                0x0800bbb4        0xe src\stm32_ub_usbdisk.o
                0x0800bbb4                UB_USBDisk_Init
 .text.USB_disk_initialize
                0x0800bbc2       0x1a src\stm32_ub_usbdisk.o
                0x0800bbc2                USB_disk_initialize
 .text.USB_disk_status
                0x0800bbdc       0x1a src\stm32_ub_usbdisk.o
                0x0800bbdc                USB_disk_status
 .text.USB_disk_read
                0x0800bbf6       0x22 src\stm32_ub_usbdisk.o
                0x0800bbf6                USB_disk_read
 .text.USB_disk_write
                0x0800bc18       0x22 src\stm32_ub_usbdisk.o
                0x0800bc18                USB_disk_write
 .text.USB_disk_ioctl
                0x0800bc3a       0x20 src\stm32_ub_usbdisk.o
                0x0800bc3a                USB_disk_ioctl
 .text.NMI_Handler
                0x0800bc5a        0xe src\stm32f4xx_it.o
                0x0800bc5a                NMI_Handler
 .text.HardFault_Handler
                0x0800bc68        0x6 src\stm32f4xx_it.o
                0x0800bc68                HardFault_Handler
 .text.MemManage_Handler
                0x0800bc6e        0x6 src\stm32f4xx_it.o
                0x0800bc6e                MemManage_Handler
 .text.BusFault_Handler
                0x0800bc74        0x6 src\stm32f4xx_it.o
                0x0800bc74                BusFault_Handler
 .text.UsageFault_Handler
                0x0800bc7a        0x6 src\stm32f4xx_it.o
                0x0800bc7a                UsageFault_Handler
 .text.SVC_Handler
                0x0800bc80        0xe src\stm32f4xx_it.o
                0x0800bc80                SVC_Handler
 .text.DebugMon_Handler
                0x0800bc8e        0xe src\stm32f4xx_it.o
                0x0800bc8e                DebugMon_Handler
 .text.PendSV_Handler
                0x0800bc9c        0xe src\stm32f4xx_it.o
                0x0800bc9c                PendSV_Handler
 .text.SysTick_Handler
                0x0800bcaa        0xc src\stm32f4xx_it.o
                0x0800bcaa                SysTick_Handler
 *fill*         0x0800bcb6        0x2 
 .text.SystemInit
                0x0800bcb8       0x5c src\system_stm32f4xx.o
                0x0800bcb8                SystemInit
 .text.SetSysClock
                0x0800bd14       0xf8 src\system_stm32f4xx.o
 .text.ts_itoa  0x0800be0c       0x92 src\tiny_printf.o
                0x0800be0c                ts_itoa
 .text.ts_formatstring
                0x0800be9e      0x12e src\tiny_printf.o
                0x0800be9e                ts_formatstring
 .text.siprintf
                0x0800bfcc       0x2c src\tiny_printf.o
                0x0800bfcc                siprintf
                0x0800bfcc                sprintf
 .text.atoi     0x0800bff8        0x8 c:/program files (x86)/atollic/truestudio for stm32 9.0.1/armtools/bin/../lib/gcc/arm-atollic-eabi/6.3.1/../../../../arm-atollic-eabi/lib/armv7e-m/fpu\libc_nano.a(lib_a-atoi.o)
                0x0800bff8                atoi
 .text.__libc_init_array
                0x0800c000       0x48 c:/program files (x86)/atollic/truestudio for stm32 9.0.1/armtools/bin/../lib/gcc/arm-atollic-eabi/6.3.1/../../../../arm-atollic-eabi/lib/armv7e-m/fpu\libc_nano.a(lib_a-init.o)
                0x0800c000                __libc_init_array
 .text.memset   0x0800c048       0x10 c:/program files (x86)/atollic/truestudio for stm32 9.0.1/armtools/bin/../lib/gcc/arm-atollic-eabi/6.3.1/../../../../arm-atollic-eabi/lib/armv7e-m/fpu\libc_nano.a(lib_a-memset.o)
                0x0800c048                memset
 .text.strcpy   0x0800c058       0x10 c:/program files (x86)/atollic/truestudio for stm32 9.0.1/armtools/bin/../lib/gcc/arm-atollic-eabi/6.3.1/../../../../arm-atollic-eabi/lib/armv7e-m/fpu\libc_nano.a(lib_a-strcpy.o)
                0x0800c058                strcpy
 .text.strncpy  0x0800c068       0x2a c:/program files (x86)/atollic/truestudio for stm32 9.0.1/armtools/bin/../lib/gcc/arm-atollic-eabi/6.3.1/../../../../arm-atollic-eabi/lib/armv7e-m/fpu\libc_nano.a(lib_a-strncpy.o)
                0x0800c068                strncpy
 *fill*         0x0800c092        0x2 
 .text.strtok   0x0800c094       0x54 c:/program files (x86)/atollic/truestudio for stm32 9.0.1/armtools/bin/../lib/gcc/arm-atollic-eabi/6.3.1/../../../../arm-atollic-eabi/lib/armv7e-m/fpu\libc_nano.a(lib_a-strtok.o)
                0x0800c094                strtok
 .text.__strtok_r
                0x0800c0e8       0x52 c:/program files (x86)/atollic/truestudio for stm32 9.0.1/armtools/bin/../lib/gcc/arm-atollic-eabi/6.3.1/../../../../arm-atollic-eabi/lib/armv7e-m/fpu\libc_nano.a(lib_a-strtok_r.o)
                0x0800c0e8                __strtok_r
 .text._strtol_l.isra.0
                0x0800c13a      0x100 c:/program files (x86)/atollic/truestudio for stm32 9.0.1/armtools/bin/../lib/gcc/arm-atollic-eabi/6.3.1/../../../../arm-atollic-eabi/lib/armv7e-m/fpu\libc_nano.a(lib_a-strtol.o)
 *fill*         0x0800c23a        0x2 
 .text.strtol   0x0800c23c       0x2c c:/program files (x86)/atollic/truestudio for stm32 9.0.1/armtools/bin/../lib/gcc/arm-atollic-eabi/6.3.1/../../../../arm-atollic-eabi/lib/armv7e-m/fpu\libc_nano.a(lib_a-strtol.o)
                0x0800c23c                strtol
 .text.__locale_ctype_ptr_l
                0x0800c268        0x6 c:/program files (x86)/atollic/truestudio for stm32 9.0.1/armtools/bin/../lib/gcc/arm-atollic-eabi/6.3.1/../../../../arm-atollic-eabi/lib/armv7e-m/fpu\libc_nano.a(lib_a-locale.o)
                0x0800c268                __locale_ctype_ptr_l
 *fill*         0x0800c26e        0x2 
 .text.malloc   0x0800c270       0x10 c:/program files (x86)/atollic/truestudio for stm32 9.0.1/armtools/bin/../lib/gcc/arm-atollic-eabi/6.3.1/../../../../arm-atollic-eabi/lib/armv7e-m/fpu\libc_nano.a(lib_a-malloc.o)
                0x0800c270                malloc
 .text.__ascii_mbtowc
                0x0800c280       0x24 c:/program files (x86)/atollic/truestudio for stm32 9.0.1/armtools/bin/../lib/gcc/arm-atollic-eabi/6.3.1/../../../../arm-atollic-eabi/lib/armv7e-m/fpu\libc_nano.a(lib_a-mbtowc_r.o)
                0x0800c280                __ascii_mbtowc
 .text._malloc_r
                0x0800c2a4       0xbc c:/program files (x86)/atollic/truestudio for stm32 9.0.1/armtools/bin/../lib/gcc/arm-atollic-eabi/6.3.1/../../../../arm-atollic-eabi/lib/armv7e-m/fpu\libc_nano.a(lib_a-nano-mallocr.o)
                0x0800c2a4                _malloc_r
 .text._sbrk_r  0x0800c360       0x20 c:/program files (x86)/atollic/truestudio for stm32 9.0.1/armtools/bin/../lib/gcc/arm-atollic-eabi/6.3.1/../../../../arm-atollic-eabi/lib/armv7e-m/fpu\libc_nano.a(lib_a-sbrkr.o)
                0x0800c360                _sbrk_r
 .text.__ascii_wctomb
                0x0800c380       0x1a c:/program files (x86)/atollic/truestudio for stm32 9.0.1/armtools/bin/../lib/gcc/arm-atollic-eabi/6.3.1/../../../../arm-atollic-eabi/lib/armv7e-m/fpu\libc_nano.a(lib_a-wctomb_r.o)
                0x0800c380                __ascii_wctomb
 .text.__malloc_lock
                0x0800c39a        0x2 c:/program files (x86)/atollic/truestudio for stm32 9.0.1/armtools/bin/../lib/gcc/arm-atollic-eabi/6.3.1/../../../../arm-atollic-eabi/lib/armv7e-m/fpu\libc_nano.a(lib_a-mlock.o)
                0x0800c39a                __malloc_lock
 .text.__malloc_unlock
                0x0800c39c        0x2 c:/program files (x86)/atollic/truestudio for stm32 9.0.1/armtools/bin/../lib/gcc/arm-atollic-eabi/6.3.1/../../../../arm-atollic-eabi/lib/armv7e-m/fpu\libc_nano.a(lib_a-mlock.o)
                0x0800c39c                __malloc_unlock
 *fill*         0x0800c39e        0x2 
 .text._sbrk    0x0800c3a0       0x1c c:/program files (x86)/atollic/truestudio for stm32 9.0.1/armtools/bin/../lib/gcc/arm-atollic-eabi/6.3.1/../../../../arm-atollic-eabi/lib/armv7e-m/fpu\libnosys.a(sbrk.o)
                0x0800c3a0                _sbrk
 *(.glue_7)
 .glue_7        0x0800c3bc        0x0 linker stubs
 *(.glue_7t)
 .glue_7t       0x0800c3bc        0x0 linker stubs
 *(.eh_frame)
 .eh_frame      0x0800c3bc        0x0 c:/program files (x86)/atollic/truestudio for stm32 9.0.1/armtools/bin/../lib/gcc/arm-atollic-eabi/6.3.1/armv7e-m/fpu/crtbegin.o
 *(.init)
 .init          0x0800c3bc        0x4 c:/program files (x86)/atollic/truestudio for stm32 9.0.1/armtools/bin/../lib/gcc/arm-atollic-eabi/6.3.1/armv7e-m/fpu/crti.o
                0x0800c3bc                _init
 .init          0x0800c3c0        0x8 c:/program files (x86)/atollic/truestudio for stm32 9.0.1/armtools/bin/../lib/gcc/arm-atollic-eabi/6.3.1/armv7e-m/fpu/crtn.o
 *(.fini)
 .fini          0x0800c3c8        0x4 c:/program files (x86)/atollic/truestudio for stm32 9.0.1/armtools/bin/../lib/gcc/arm-atollic-eabi/6.3.1/armv7e-m/fpu/crti.o
                0x0800c3c8                _fini
 .fini          0x0800c3cc        0x8 c:/program files (x86)/atollic/truestudio for stm32 9.0.1/armtools/bin/../lib/gcc/arm-atollic-eabi/6.3.1/armv7e-m/fpu/crtn.o
                0x0800c3d4                . = ALIGN (0x4)
                0x0800c3d4                _etext = .

.vfp11_veneer   0x0800c3d4        0x0
 .vfp11_veneer  0x0800c3d4        0x0 linker stubs

.v4_bx          0x0800c3d4        0x0
 .v4_bx         0x0800c3d4        0x0 linker stubs

.iplt           0x0800c3d4        0x0
 .iplt          0x0800c3d4        0x0 c:/program files (x86)/atollic/truestudio for stm32 9.0.1/armtools/bin/../lib/gcc/arm-atollic-eabi/6.3.1/armv7e-m/fpu/crtbegin.o

.rodata         0x0800c3d4      0x9ec
                0x0800c3d4                . = ALIGN (0x4)
 *(.rodata)
 .rodata        0x0800c3d4        0xf src\ff.o
 *fill*         0x0800c3e3        0x1 
 .rodata        0x0800c3e4      0x642 src\main.o
 *fill*         0x0800ca26        0x2 
 .rodata        0x0800ca28        0x3 src\stm32_ub_fatfs.o
 *(.rodata*)
 *fill*         0x0800ca2b        0x1 
 .rodata.ExCvt  0x0800ca2c       0x80 src\ff.o
 .rodata.StateTable
                0x0800caac      0x208 src\fsm.o
                0x0800caac                StateTable
 .rodata._setlocale_r.str1.1
                0x0800ccb4        0x8 c:/program files (x86)/atollic/truestudio for stm32 9.0.1/armtools/bin/../lib/gcc/arm-atollic-eabi/6.3.1/../../../../arm-atollic-eabi/lib/armv7e-m/fpu\libc_nano.a(lib_a-locale.o)
                                  0x9 (size before relaxing)
 .rodata.str1.1
                0x0800ccbc        0x2 c:/program files (x86)/atollic/truestudio for stm32 9.0.1/armtools/bin/../lib/gcc/arm-atollic-eabi/6.3.1/../../../../arm-atollic-eabi/lib/armv7e-m/fpu\libc_nano.a(lib_a-locale.o)
 .rodata._ctype_
                0x0800ccbe      0x101 c:/program files (x86)/atollic/truestudio for stm32 9.0.1/armtools/bin/../lib/gcc/arm-atollic-eabi/6.3.1/../../../../arm-atollic-eabi/lib/armv7e-m/fpu\libc_nano.a(lib_a-ctype_.o)
                0x0800ccbe                _ctype_
                0x0800cdc0                . = ALIGN (0x4)
 *fill*         0x0800cdbf        0x1 

.rel.dyn        0x0800cdc0        0x0
 .rel.iplt      0x0800cdc0        0x0 c:/program files (x86)/atollic/truestudio for stm32 9.0.1/armtools/bin/../lib/gcc/arm-atollic-eabi/6.3.1/armv7e-m/fpu/crtbegin.o

.ARM.extab
 *(.ARM.extab* .gnu.linkonce.armextab.*)

.ARM            0x0800cdc0        0x0
                0x0800cdc0                __exidx_start = .
 *(.ARM.exidx*)
                0x0800cdc0                __exidx_end = .

.preinit_array  0x0800cdc0        0x0
                0x0800cdc0                PROVIDE (__preinit_array_start, .)
 *(.preinit_array*)
                0x0800cdc0                PROVIDE (__preinit_array_end, .)

.init_array     0x0800cdc0        0x4
                0x0800cdc0                PROVIDE (__init_array_start, .)
 *(SORT(.init_array.*))
 *(.init_array*)
 .init_array    0x0800cdc0        0x4 c:/program files (x86)/atollic/truestudio for stm32 9.0.1/armtools/bin/../lib/gcc/arm-atollic-eabi/6.3.1/armv7e-m/fpu/crtbegin.o
                0x0800cdc4                PROVIDE (__init_array_end, .)

.fini_array     0x0800cdc4        0x4
                [!provide]                PROVIDE (__fini_array_start, .)
 *(SORT(.fini_array.*))
 *(.fini_array*)
 .fini_array    0x0800cdc4        0x4 c:/program files (x86)/atollic/truestudio for stm32 9.0.1/armtools/bin/../lib/gcc/arm-atollic-eabi/6.3.1/armv7e-m/fpu/crtbegin.o
                [!provide]                PROVIDE (__fini_array_end, .)
                0x0800cdc8                _sidata = LOADADDR (.data)

.data           0x20000000      0x29c load address 0x0800cdc8
                0x20000000                . = ALIGN (0x4)
                0x20000000                _sdata = .
 *(.data)
 *(.data*)
 .data.APBAHBPrescTable
                0x20000000       0x10 Libraries\STM32F4xx_StdPeriph_Driver\src\stm32f4xx_rcc.o
 .data.sentido  0x20000010        0x2 src\main.o
                0x20000010                sentido
 .data.CCR3_Val
                0x20000012        0x2 src\main.o
                0x20000012                CCR3_Val
 .data.tomate   0x20000014        0xf src\main.o
                0x20000014                tomate
 *fill*         0x20000023        0x1 
 .data.zanahoria
                0x20000024        0xf src\main.o
                0x20000024                zanahoria
 *fill*         0x20000033        0x1 
 .data.contador_led
                0x20000034        0x4 src\main.o
                0x20000034                contador_led
 .data.TM_RTC_Months
                0x20000038       0x18 src\rtc.o
                0x20000038                TM_RTC_Months
 .data.LCD_2X16
                0x20000050       0x78 src\stm32_ub_lcd_2x16.o
                0x20000050                LCD_2X16
 .data.SystemCoreClock
                0x200000c8        0x4 src\system_stm32f4xx.o
                0x200000c8                SystemCoreClock
 .data._impure_ptr
                0x200000cc        0x4 c:/program files (x86)/atollic/truestudio for stm32 9.0.1/armtools/bin/../lib/gcc/arm-atollic-eabi/6.3.1/../../../../arm-atollic-eabi/lib/armv7e-m/fpu\libc_nano.a(lib_a-impure.o)
                0x200000cc                _impure_ptr
 .data.impure_data
                0x200000d0       0x60 c:/program files (x86)/atollic/truestudio for stm32 9.0.1/armtools/bin/../lib/gcc/arm-atollic-eabi/6.3.1/../../../../arm-atollic-eabi/lib/armv7e-m/fpu\libc_nano.a(lib_a-impure.o)
 .data.__global_locale
                0x20000130      0x16c c:/program files (x86)/atollic/truestudio for stm32 9.0.1/armtools/bin/../lib/gcc/arm-atollic-eabi/6.3.1/../../../../arm-atollic-eabi/lib/armv7e-m/fpu\libc_nano.a(lib_a-locale.o)
                0x20000130                __global_locale
                0x2000029c                . = ALIGN (0x4)
                0x2000029c                _edata = .
                0x0800d064                _siccmram = LOADADDR (.ccmram)

.igot.plt       0x2000029c        0x0 load address 0x0800d064
 .igot.plt      0x2000029c        0x0 c:/program files (x86)/atollic/truestudio for stm32 9.0.1/armtools/bin/../lib/gcc/arm-atollic-eabi/6.3.1/armv7e-m/fpu/crtbegin.o

.ccmram         0x10000000        0x0 load address 0x0800d064
                0x10000000                . = ALIGN (0x4)
                0x10000000                _sccmram = .
 *(.ccmram)
 *(.ccmram*)
                0x10000000                . = ALIGN (0x4)
                0x10000000                _eccmram = .
                0x10000000                . = ALIGN (0x4)

.bss            0x200002a0      0x754
                0x200002a0                _sbss = .
                0x200002a0                __bss_start__ = _sbss
 *(.bss)
 .bss           0x200002a0       0x1c c:/program files (x86)/atollic/truestudio for stm32 9.0.1/armtools/bin/../lib/gcc/arm-atollic-eabi/6.3.1/armv7e-m/fpu/crtbegin.o
 *(.bss*)
 .bss.FatFs     0x200002bc        0x4 src\ff.o
 .bss.Fsid      0x200002c0        0x2 src\ff.o
 *fill*         0x200002c2        0x2 
 .bss.TimingDelay
                0x200002c4        0x4 src\main.o
                0x200002c4                TimingDelay
 .bss.step      0x200002c8        0x2 src\main.o
                0x200002c8                step
 .bss.vuelta    0x200002ca        0x2 src\main.o
                0x200002ca                vuelta
 .bss.TM_RTC_Status
                0x200002cc        0x4 src\rtc.o
                0x200002cc                TM_RTC_Status
 .bss.FileSystemObject
                0x200002d0      0x234 src\stm32_ub_fatfs.o
 .bss.CardType  0x20000504        0x4 src\stm32_ub_sdcard.o
 .bss.CSD_Tab   0x20000508       0x10 src\stm32_ub_sdcard.o
 .bss.CID_Tab   0x20000518       0x10 src\stm32_ub_sdcard.o
 .bss.RCA       0x20000528        0x4 src\stm32_ub_sdcard.o
 .bss.StopCondition
                0x2000052c        0x4 src\stm32_ub_sdcard.o
                0x2000052c                StopCondition
 .bss.TransferError
                0x20000530        0x1 src\stm32_ub_sdcard.o
                0x20000530                TransferError
 *fill*         0x20000531        0x3 
 .bss.TransferEnd
                0x20000534        0x4 src\stm32_ub_sdcard.o
                0x20000534                TransferEnd
 .bss.DMAEndOfTransfer
                0x20000538        0x4 src\stm32_ub_sdcard.o
                0x20000538                DMAEndOfTransfer
 .bss.__malloc_free_list
                0x2000053c        0x4 c:/program files (x86)/atollic/truestudio for stm32 9.0.1/armtools/bin/../lib/gcc/arm-atollic-eabi/6.3.1/../../../../arm-atollic-eabi/lib/armv7e-m/fpu\libc_nano.a(lib_a-nano-mallocr.o)
                0x2000053c                __malloc_free_list
 .bss.__malloc_sbrk_start
                0x20000540        0x4 c:/program files (x86)/atollic/truestudio for stm32 9.0.1/armtools/bin/../lib/gcc/arm-atollic-eabi/6.3.1/../../../../arm-atollic-eabi/lib/armv7e-m/fpu\libc_nano.a(lib_a-nano-mallocr.o)
                0x20000540                __malloc_sbrk_start
 .bss.heap_end.5239
                0x20000544        0x4 c:/program files (x86)/atollic/truestudio for stm32 9.0.1/armtools/bin/../lib/gcc/arm-atollic-eabi/6.3.1/../../../../arm-atollic-eabi/lib/armv7e-m/fpu\libnosys.a(sbrk.o)
 *(COMMON)
 COMMON         0x20000548        0x1 src\fsm.o
                0x20000548                ActState
 *fill*         0x20000549        0x7 
 COMMON         0x20000550      0x3e0 src\main.o
                0x20000550                control
                0x2000055c                tarjeta_sd
                0x20000574                display
                0x20000580                led
                0x20000588                serial
                0x200007b8                sistema
                0x200007c4                cultivo
                0x20000824                datatime
                0x20000838                dht_exterior
                0x20000870                ldr
                0x20000880                dht_interior
                0x200008b8                AlarmTime
                0x200008c0                yl
                0x200008cc                mensaje_global
 COMMON         0x20000930       0x20 src\rtc.o
                0x20000930                RTC_TimeStruct
                0x20000934                RTC_InitStruct
                0x20000940                RTC_DateStruct
                0x20000944                NVIC_InitStruct
                0x20000948                EXTI_InitStruct
 COMMON         0x20000950       0xa0 src\stm32_ub_sdcard.o
                0x20000950                SDIO_CmdInitStructure
                0x20000968                SDCardInfo
                0x200009c0                SDIO_InitStructure
                0x200009d8                SDIO_DataInitStructure
 COMMON         0x200009f0        0x4 c:/program files (x86)/atollic/truestudio for stm32 9.0.1/armtools/bin/../lib/gcc/arm-atollic-eabi/6.3.1/../../../../arm-atollic-eabi/lib/armv7e-m/fpu\libc_nano.a(lib_a-reent.o)
                0x200009f0                errno
                0x200009f4                . = ALIGN (0x4)
                0x200009f4                _ebss = .
                0x200009f4                __bss_end__ = _ebss

._user_heap_stack
                0x200009f4      0x400
                0x200009f4                . = ALIGN (0x4)
                0x200009f4                PROVIDE (end, .)
                [!provide]                PROVIDE (_end, .)
                0x200009f4                . = (. + _Min_Heap_Size)
                0x20000df4                . = (. + _Min_Stack_Size)
 *fill*         0x200009f4      0x400 
                0x20000df4                . = ALIGN (0x4)

.memory_b1_text
 *(.mb1text)
 *(.mb1text*)
 *(.mb1rodata)
 *(.mb1rodata*)

/DISCARD/
 libc.a(*)
 libm.a(*)
 libgcc.a(*)

.ARM.attributes
                0x00000000       0x30
 *(.ARM.attributes)
 .ARM.attributes
                0x00000000       0x22 c:/program files (x86)/atollic/truestudio for stm32 9.0.1/armtools/bin/../lib/gcc/arm-atollic-eabi/6.3.1/armv7e-m/fpu/crti.o
 .ARM.attributes
                0x00000022       0x34 c:/program files (x86)/atollic/truestudio for stm32 9.0.1/armtools/bin/../lib/gcc/arm-atollic-eabi/6.3.1/armv7e-m/fpu/crtbegin.o
 .ARM.attributes
                0x00000056       0x39 Libraries\STM32F4xx_StdPeriph_Driver\src\misc.o
 .ARM.attributes
                0x0000008f       0x39 Libraries\STM32F4xx_StdPeriph_Driver\src\stm32f4xx_adc.o
 .ARM.attributes
                0x000000c8       0x39 Libraries\STM32F4xx_StdPeriph_Driver\src\stm32f4xx_dma.o
 .ARM.attributes
                0x00000101       0x39 Libraries\STM32F4xx_StdPeriph_Driver\src\stm32f4xx_exti.o
 .ARM.attributes
                0x0000013a       0x39 Libraries\STM32F4xx_StdPeriph_Driver\src\stm32f4xx_gpio.o
 .ARM.attributes
                0x00000173       0x39 Libraries\STM32F4xx_StdPeriph_Driver\src\stm32f4xx_pwr.o
 .ARM.attributes
                0x000001ac       0x39 Libraries\STM32F4xx_StdPeriph_Driver\src\stm32f4xx_rcc.o
 .ARM.attributes
                0x000001e5       0x39 Libraries\STM32F4xx_StdPeriph_Driver\src\stm32f4xx_rtc.o
 .ARM.attributes
                0x0000021e       0x39 Libraries\STM32F4xx_StdPeriph_Driver\src\stm32f4xx_sdio.o
 .ARM.attributes
                0x00000257       0x39 Libraries\STM32F4xx_StdPeriph_Driver\src\stm32f4xx_tim.o
 .ARM.attributes
                0x00000290       0x39 Libraries\STM32F4xx_StdPeriph_Driver\src\stm32f4xx_usart.o
 .ARM.attributes
                0x000002c9       0x39 src\adc.o
 .ARM.attributes
                0x00000302       0x39 src\diskio.o
 .ARM.attributes
                0x0000033b       0x39 src\ff.o
 .ARM.attributes
                0x00000374       0x39 src\fsm.o
 .ARM.attributes
                0x000003ad       0x39 src\fsm_transition.o
 .ARM.attributes
                0x000003e6       0x39 src\main.o
 .ARM.attributes
                0x0000041f       0x39 src\rtc.o
 .ARM.attributes
                0x00000458       0x21 src\startup_stm32f40xx.o
 .ARM.attributes
                0x00000479       0x39 src\stm32_ub_atadrive.o
 .ARM.attributes
                0x000004b2       0x39 src\stm32_ub_fatfs.o
 .ARM.attributes
                0x000004eb       0x39 src\stm32_ub_lcd_2x16.o
 .ARM.attributes
                0x00000524       0x39 src\stm32_ub_sdcard.o
 .ARM.attributes
                0x0000055d       0x39 src\stm32_ub_usbdisk.o
 .ARM.attributes
                0x00000596       0x39 src\stm32f4xx_it.o
 .ARM.attributes
                0x000005cf       0x39 src\system_stm32f4xx.o
 .ARM.attributes
                0x00000608       0x39 src\tiny_printf.o
 .ARM.attributes
                0x00000641       0x34 c:/program files (x86)/atollic/truestudio for stm32 9.0.1/armtools/bin/../lib/gcc/arm-atollic-eabi/6.3.1/../../../../arm-atollic-eabi/lib/armv7e-m/fpu\libc_nano.a(lib_a-atoi.o)
 .ARM.attributes
                0x00000675       0x34 c:/program files (x86)/atollic/truestudio for stm32 9.0.1/armtools/bin/../lib/gcc/arm-atollic-eabi/6.3.1/../../../../arm-atollic-eabi/lib/armv7e-m/fpu\libc_nano.a(lib_a-init.o)
 .ARM.attributes
                0x000006a9       0x34 c:/program files (x86)/atollic/truestudio for stm32 9.0.1/armtools/bin/../lib/gcc/arm-atollic-eabi/6.3.1/../../../../arm-atollic-eabi/lib/armv7e-m/fpu\libc_nano.a(lib_a-memset.o)
 .ARM.attributes
                0x000006dd       0x20 c:/program files (x86)/atollic/truestudio for stm32 9.0.1/armtools/bin/../lib/gcc/arm-atollic-eabi/6.3.1/../../../../arm-atollic-eabi/lib/armv7e-m/fpu\libc_nano.a(lib_a-strcmp.o)
 .ARM.attributes
                0x000006fd       0x34 c:/program files (x86)/atollic/truestudio for stm32 9.0.1/armtools/bin/../lib/gcc/arm-atollic-eabi/6.3.1/../../../../arm-atollic-eabi/lib/armv7e-m/fpu\libc_nano.a(lib_a-strcpy.o)
 .ARM.attributes
                0x00000731       0x1b c:/program files (x86)/atollic/truestudio for stm32 9.0.1/armtools/bin/../lib/gcc/arm-atollic-eabi/6.3.1/../../../../arm-atollic-eabi/lib/armv7e-m/fpu\libc_nano.a(lib_a-strlen.o)
 .ARM.attributes
                0x0000074c       0x34 c:/program files (x86)/atollic/truestudio for stm32 9.0.1/armtools/bin/../lib/gcc/arm-atollic-eabi/6.3.1/../../../../arm-atollic-eabi/lib/armv7e-m/fpu\libc_nano.a(lib_a-strncpy.o)
 .ARM.attributes
                0x00000780       0x34 c:/program files (x86)/atollic/truestudio for stm32 9.0.1/armtools/bin/../lib/gcc/arm-atollic-eabi/6.3.1/../../../../arm-atollic-eabi/lib/armv7e-m/fpu\libc_nano.a(lib_a-strtok.o)
 .ARM.attributes
                0x000007b4       0x34 c:/program files (x86)/atollic/truestudio for stm32 9.0.1/armtools/bin/../lib/gcc/arm-atollic-eabi/6.3.1/../../../../arm-atollic-eabi/lib/armv7e-m/fpu\libc_nano.a(lib_a-strtok_r.o)
 .ARM.attributes
                0x000007e8       0x34 c:/program files (x86)/atollic/truestudio for stm32 9.0.1/armtools/bin/../lib/gcc/arm-atollic-eabi/6.3.1/../../../../arm-atollic-eabi/lib/armv7e-m/fpu\libc_nano.a(lib_a-strtol.o)
 .ARM.attributes
                0x0000081c       0x34 c:/program files (x86)/atollic/truestudio for stm32 9.0.1/armtools/bin/../lib/gcc/arm-atollic-eabi/6.3.1/../../../../arm-atollic-eabi/lib/armv7e-m/fpu\libc_nano.a(lib_a-impure.o)
 .ARM.attributes
                0x00000850       0x34 c:/program files (x86)/atollic/truestudio for stm32 9.0.1/armtools/bin/../lib/gcc/arm-atollic-eabi/6.3.1/../../../../arm-atollic-eabi/lib/armv7e-m/fpu\libc_nano.a(lib_a-locale.o)
 .ARM.attributes
                0x00000884       0x34 c:/program files (x86)/atollic/truestudio for stm32 9.0.1/armtools/bin/../lib/gcc/arm-atollic-eabi/6.3.1/../../../../arm-atollic-eabi/lib/armv7e-m/fpu\libc_nano.a(lib_a-malloc.o)
 .ARM.attributes
                0x000008b8       0x34 c:/program files (x86)/atollic/truestudio for stm32 9.0.1/armtools/bin/../lib/gcc/arm-atollic-eabi/6.3.1/../../../../arm-atollic-eabi/lib/armv7e-m/fpu\libc_nano.a(lib_a-mbtowc_r.o)
 .ARM.attributes
                0x000008ec       0x34 c:/program files (x86)/atollic/truestudio for stm32 9.0.1/armtools/bin/../lib/gcc/arm-atollic-eabi/6.3.1/../../../../arm-atollic-eabi/lib/armv7e-m/fpu\libc_nano.a(lib_a-nano-mallocr.o)
 .ARM.attributes
                0x00000920       0x34 c:/program files (x86)/atollic/truestudio for stm32 9.0.1/armtools/bin/../lib/gcc/arm-atollic-eabi/6.3.1/../../../../arm-atollic-eabi/lib/armv7e-m/fpu\libc_nano.a(lib_a-sbrkr.o)
 .ARM.attributes
                0x00000954       0x34 c:/program files (x86)/atollic/truestudio for stm32 9.0.1/armtools/bin/../lib/gcc/arm-atollic-eabi/6.3.1/../../../../arm-atollic-eabi/lib/armv7e-m/fpu\libc_nano.a(lib_a-wctomb_r.o)
 .ARM.attributes
                0x00000988       0x34 c:/program files (x86)/atollic/truestudio for stm32 9.0.1/armtools/bin/../lib/gcc/arm-atollic-eabi/6.3.1/../../../../arm-atollic-eabi/lib/armv7e-m/fpu\libc_nano.a(lib_a-ctype_.o)
 .ARM.attributes
                0x000009bc       0x34 c:/program files (x86)/atollic/truestudio for stm32 9.0.1/armtools/bin/../lib/gcc/arm-atollic-eabi/6.3.1/../../../../arm-atollic-eabi/lib/armv7e-m/fpu\libc_nano.a(lib_a-mlock.o)
 .ARM.attributes
                0x000009f0       0x34 c:/program files (x86)/atollic/truestudio for stm32 9.0.1/armtools/bin/../lib/gcc/arm-atollic-eabi/6.3.1/../../../../arm-atollic-eabi/lib/armv7e-m/fpu\libc_nano.a(lib_a-reent.o)
 .ARM.attributes
                0x00000a24       0x22 c:/program files (x86)/atollic/truestudio for stm32 9.0.1/armtools/bin/../lib/gcc/arm-atollic-eabi/6.3.1/armv7e-m/fpu\libgcc.a(_arm_addsubdf3.o)
 .ARM.attributes
                0x00000a46       0x22 c:/program files (x86)/atollic/truestudio for stm32 9.0.1/armtools/bin/../lib/gcc/arm-atollic-eabi/6.3.1/armv7e-m/fpu\libgcc.a(_arm_muldivdf3.o)
 .ARM.attributes
                0x00000a68       0x22 c:/program files (x86)/atollic/truestudio for stm32 9.0.1/armtools/bin/../lib/gcc/arm-atollic-eabi/6.3.1/armv7e-m/fpu\libgcc.a(_arm_cmpdf2.o)
 .ARM.attributes
                0x00000a8a       0x22 c:/program files (x86)/atollic/truestudio for stm32 9.0.1/armtools/bin/../lib/gcc/arm-atollic-eabi/6.3.1/armv7e-m/fpu\libgcc.a(_arm_fixdfsi.o)
 .ARM.attributes
                0x00000aac       0x22 c:/program files (x86)/atollic/truestudio for stm32 9.0.1/armtools/bin/../lib/gcc/arm-atollic-eabi/6.3.1/armv7e-m/fpu\libgcc.a(_arm_fixunsdfsi.o)
 .ARM.attributes
                0x00000ace       0x34 c:/program files (x86)/atollic/truestudio for stm32 9.0.1/armtools/bin/../lib/gcc/arm-atollic-eabi/6.3.1/../../../../arm-atollic-eabi/lib/armv7e-m/fpu\libnosys.a(sbrk.o)
 .ARM.attributes
                0x00000b02       0x22 c:/program files (x86)/atollic/truestudio for stm32 9.0.1/armtools/bin/../lib/gcc/arm-atollic-eabi/6.3.1/armv7e-m/fpu/crtn.o
OUTPUT(SAI_Alpha1.2.elf elf32-littlearm)

.debug_info     0x00000000    0x12bed
 .debug_info    0x00000000      0x54d Libraries\STM32F4xx_StdPeriph_Driver\src\misc.o
 .debug_info    0x0000054d      0xc4f Libraries\STM32F4xx_StdPeriph_Driver\src\stm32f4xx_adc.o
 .debug_info    0x0000119c      0x74c Libraries\STM32F4xx_StdPeriph_Driver\src\stm32f4xx_dma.o
 .debug_info    0x000018e8      0x366 Libraries\STM32F4xx_StdPeriph_Driver\src\stm32f4xx_exti.o
 .debug_info    0x00001c4e      0x628 Libraries\STM32F4xx_StdPeriph_Driver\src\stm32f4xx_gpio.o
 .debug_info    0x00002276      0x521 Libraries\STM32F4xx_StdPeriph_Driver\src\stm32f4xx_pwr.o
 .debug_info    0x00002797      0xc98 Libraries\STM32F4xx_StdPeriph_Driver\src\stm32f4xx_rcc.o
 .debug_info    0x0000342f     0x10f6 Libraries\STM32F4xx_StdPeriph_Driver\src\stm32f4xx_rtc.o
 .debug_info    0x00004525      0x80c Libraries\STM32F4xx_StdPeriph_Driver\src\stm32f4xx_sdio.o
 .debug_info    0x00004d31     0x1c74 Libraries\STM32F4xx_StdPeriph_Driver\src\stm32f4xx_tim.o
 .debug_info    0x000069a5      0x9d5 Libraries\STM32F4xx_StdPeriph_Driver\src\stm32f4xx_usart.o
 .debug_info    0x0000737a      0x52c src\adc.o
 .debug_info    0x000078a6      0x308 src\diskio.o
 .debug_info    0x00007bae     0x19a1 src\ff.o
 .debug_info    0x0000954f      0x9c5 src\fsm.o
 .debug_info    0x00009f14      0x98e src\fsm_transition.o
 .debug_info    0x0000a8a2     0x29fb src\main.o
 .debug_info    0x0000d29d     0x16af src\rtc.o
 .debug_info    0x0000e94c       0x8a src\startup_stm32f40xx.o
 .debug_info    0x0000e9d6      0x272 src\stm32_ub_atadrive.o
 .debug_info    0x0000ec48      0x83e src\stm32_ub_fatfs.o
 .debug_info    0x0000f486      0x5a2 src\stm32_ub_lcd_2x16.o
 .debug_info    0x0000fa28     0x1baa src\stm32_ub_sdcard.o
 .debug_info    0x000115d2      0x272 src\stm32_ub_usbdisk.o
 .debug_info    0x00011844      0x154 src\stm32f4xx_it.o
 .debug_info    0x00011998      0x5dd src\system_stm32f4xx.o
 .debug_info    0x00011f75      0xc78 src\tiny_printf.o

.debug_abbrev   0x00000000     0x2cfd
 .debug_abbrev  0x00000000      0x172 Libraries\STM32F4xx_StdPeriph_Driver\src\misc.o
 .debug_abbrev  0x00000172      0x1ab Libraries\STM32F4xx_StdPeriph_Driver\src\stm32f4xx_adc.o
 .debug_abbrev  0x0000031d      0x168 Libraries\STM32F4xx_StdPeriph_Driver\src\stm32f4xx_dma.o
 .debug_abbrev  0x00000485      0x1bc Libraries\STM32F4xx_StdPeriph_Driver\src\stm32f4xx_exti.o
 .debug_abbrev  0x00000641      0x1b8 Libraries\STM32F4xx_StdPeriph_Driver\src\stm32f4xx_gpio.o
 .debug_abbrev  0x000007f9      0x194 Libraries\STM32F4xx_StdPeriph_Driver\src\stm32f4xx_pwr.o
 .debug_abbrev  0x0000098d      0x1f8 Libraries\STM32F4xx_StdPeriph_Driver\src\stm32f4xx_rcc.o
 .debug_abbrev  0x00000b85      0x1dd Libraries\STM32F4xx_StdPeriph_Driver\src\stm32f4xx_rtc.o
 .debug_abbrev  0x00000d62      0x18c Libraries\STM32F4xx_StdPeriph_Driver\src\stm32f4xx_sdio.o
 .debug_abbrev  0x00000eee      0x19a Libraries\STM32F4xx_StdPeriph_Driver\src\stm32f4xx_tim.o
 .debug_abbrev  0x00001088      0x182 Libraries\STM32F4xx_StdPeriph_Driver\src\stm32f4xx_usart.o
 .debug_abbrev  0x0000120a      0x139 src\adc.o
 .debug_abbrev  0x00001343      0x164 src\diskio.o
 .debug_abbrev  0x000014a7      0x1d8 src\ff.o
 .debug_abbrev  0x0000167f      0x1ae src\fsm.o
 .debug_abbrev  0x0000182d      0x178 src\fsm_transition.o
 .debug_abbrev  0x000019a5      0x431 src\main.o
 .debug_abbrev  0x00001dd6      0x2e7 src\rtc.o
 .debug_abbrev  0x000020bd       0x12 src\startup_stm32f40xx.o
 .debug_abbrev  0x000020cf       0xd8 src\stm32_ub_atadrive.o
 .debug_abbrev  0x000021a7      0x1a7 src\stm32_ub_fatfs.o
 .debug_abbrev  0x0000234e      0x1e8 src\stm32_ub_lcd_2x16.o
 .debug_abbrev  0x00002536      0x2a5 src\stm32_ub_sdcard.o
 .debug_abbrev  0x000027db       0xd8 src\stm32_ub_usbdisk.o
 .debug_abbrev  0x000028b3       0x90 src\stm32f4xx_it.o
 .debug_abbrev  0x00002943      0x158 src\system_stm32f4xx.o
 .debug_abbrev  0x00002a9b      0x262 src\tiny_printf.o

.debug_aranges  0x00000000     0x15a0
 .debug_aranges
                0x00000000       0x40 Libraries\STM32F4xx_StdPeriph_Driver\src\misc.o
 .debug_aranges
                0x00000040      0x148 Libraries\STM32F4xx_StdPeriph_Driver\src\stm32f4xx_adc.o
 .debug_aranges
                0x00000188       0xb0 Libraries\STM32F4xx_StdPeriph_Driver\src\stm32f4xx_dma.o
 .debug_aranges
                0x00000238       0x58 Libraries\STM32F4xx_StdPeriph_Driver\src\stm32f4xx_exti.o
 .debug_aranges
                0x00000290       0x88 Libraries\STM32F4xx_StdPeriph_Driver\src\stm32f4xx_gpio.o
 .debug_aranges
                0x00000318       0x78 Libraries\STM32F4xx_StdPeriph_Driver\src\stm32f4xx_pwr.o
 .debug_aranges
                0x00000390      0x180 Libraries\STM32F4xx_StdPeriph_Driver\src\stm32f4xx_rcc.o
 .debug_aranges
                0x00000510      0x1e0 Libraries\STM32F4xx_StdPeriph_Driver\src\stm32f4xx_rtc.o
 .debug_aranges
                0x000006f0      0x108 Libraries\STM32F4xx_StdPeriph_Driver\src\stm32f4xx_sdio.o
 .debug_aranges
                0x000007f8      0x2f8 Libraries\STM32F4xx_StdPeriph_Driver\src\stm32f4xx_tim.o
 .debug_aranges
                0x00000af0      0x100 Libraries\STM32F4xx_StdPeriph_Driver\src\stm32f4xx_usart.o
 .debug_aranges
                0x00000bf0       0x30 src\adc.o
 .debug_aranges
                0x00000c20       0x48 src\diskio.o
 .debug_aranges
                0x00000c68      0x198 src\ff.o
 .debug_aranges
                0x00000e00       0x48 src\fsm.o
 .debug_aranges
                0x00000e48       0x60 src\fsm_transition.o
 .debug_aranges
                0x00000ea8      0x1f8 src\main.o
 .debug_aranges
                0x000010a0       0xa8 src\rtc.o
 .debug_aranges
                0x00001148       0x28 src\startup_stm32f40xx.o
 .debug_aranges
                0x00001170       0x50 src\stm32_ub_atadrive.o
 .debug_aranges
                0x000011c0       0x78 src\stm32_ub_fatfs.o
 .debug_aranges
                0x00001238       0x80 src\stm32_ub_lcd_2x16.o
 .debug_aranges
                0x000012b8      0x1a8 src\stm32_ub_sdcard.o
 .debug_aranges
                0x00001460       0x50 src\stm32_ub_usbdisk.o
 .debug_aranges
                0x000014b0       0x60 src\stm32f4xx_it.o
 .debug_aranges
                0x00001510       0x30 src\system_stm32f4xx.o
 .debug_aranges
                0x00001540       0x60 src\tiny_printf.o

.debug_ranges   0x00000000     0x13f8
 .debug_ranges  0x00000000       0x30 Libraries\STM32F4xx_StdPeriph_Driver\src\misc.o
 .debug_ranges  0x00000030      0x138 Libraries\STM32F4xx_StdPeriph_Driver\src\stm32f4xx_adc.o
 .debug_ranges  0x00000168       0xa0 Libraries\STM32F4xx_StdPeriph_Driver\src\stm32f4xx_dma.o
 .debug_ranges  0x00000208       0x48 Libraries\STM32F4xx_StdPeriph_Driver\src\stm32f4xx_exti.o
 .debug_ranges  0x00000250       0x78 Libraries\STM32F4xx_StdPeriph_Driver\src\stm32f4xx_gpio.o
 .debug_ranges  0x000002c8       0x68 Libraries\STM32F4xx_StdPeriph_Driver\src\stm32f4xx_pwr.o
 .debug_ranges  0x00000330      0x170 Libraries\STM32F4xx_StdPeriph_Driver\src\stm32f4xx_rcc.o
 .debug_ranges  0x000004a0      0x1d0 Libraries\STM32F4xx_StdPeriph_Driver\src\stm32f4xx_rtc.o
 .debug_ranges  0x00000670       0xf8 Libraries\STM32F4xx_StdPeriph_Driver\src\stm32f4xx_sdio.o
 .debug_ranges  0x00000768      0x2e8 Libraries\STM32F4xx_StdPeriph_Driver\src\stm32f4xx_tim.o
 .debug_ranges  0x00000a50       0xf0 Libraries\STM32F4xx_StdPeriph_Driver\src\stm32f4xx_usart.o
 .debug_ranges  0x00000b40       0x20 src\adc.o
 .debug_ranges  0x00000b60       0x38 src\diskio.o
 .debug_ranges  0x00000b98      0x188 src\ff.o
 .debug_ranges  0x00000d20       0x38 src\fsm.o
 .debug_ranges  0x00000d58       0x50 src\fsm_transition.o
 .debug_ranges  0x00000da8      0x1e8 src\main.o
 .debug_ranges  0x00000f90       0x98 src\rtc.o
 .debug_ranges  0x00001028       0x20 src\startup_stm32f40xx.o
 .debug_ranges  0x00001048       0x40 src\stm32_ub_atadrive.o
 .debug_ranges  0x00001088       0x68 src\stm32_ub_fatfs.o
 .debug_ranges  0x000010f0       0x70 src\stm32_ub_lcd_2x16.o
 .debug_ranges  0x00001160      0x198 src\stm32_ub_sdcard.o
 .debug_ranges  0x000012f8       0x40 src\stm32_ub_usbdisk.o
 .debug_ranges  0x00001338       0x50 src\stm32f4xx_it.o
 .debug_ranges  0x00001388       0x20 src\system_stm32f4xx.o
 .debug_ranges  0x000013a8       0x50 src\tiny_printf.o

.debug_line     0x00000000     0x820c
 .debug_line    0x00000000      0x253 Libraries\STM32F4xx_StdPeriph_Driver\src\misc.o
 .debug_line    0x00000253      0x572 Libraries\STM32F4xx_StdPeriph_Driver\src\stm32f4xx_adc.o
 .debug_line    0x000007c5      0x43f Libraries\STM32F4xx_StdPeriph_Driver\src\stm32f4xx_dma.o
 .debug_line    0x00000c04      0x2b6 Libraries\STM32F4xx_StdPeriph_Driver\src\stm32f4xx_exti.o
 .debug_line    0x00000eba      0x375 Libraries\STM32F4xx_StdPeriph_Driver\src\stm32f4xx_gpio.o
 .debug_line    0x0000122f      0x2ce Libraries\STM32F4xx_StdPeriph_Driver\src\stm32f4xx_pwr.o
 .debug_line    0x000014fd      0x5cd Libraries\STM32F4xx_StdPeriph_Driver\src\stm32f4xx_rcc.o
 .debug_line    0x00001aca      0x83a Libraries\STM32F4xx_StdPeriph_Driver\src\stm32f4xx_rtc.o
 .debug_line    0x00002304      0x44e Libraries\STM32F4xx_StdPeriph_Driver\src\stm32f4xx_sdio.o
 .debug_line    0x00002752      0xad6 Libraries\STM32F4xx_StdPeriph_Driver\src\stm32f4xx_tim.o
 .debug_line    0x00003228      0x4df Libraries\STM32F4xx_StdPeriph_Driver\src\stm32f4xx_usart.o
 .debug_line    0x00003707      0x23d src\adc.o
 .debug_line    0x00003944      0x24e src\diskio.o
 .debug_line    0x00003b92      0xe64 src\ff.o
 .debug_line    0x000049f6      0x28b src\fsm.o
 .debug_line    0x00004c81      0x2bf src\fsm_transition.o
 .debug_line    0x00004f40      0xe2a src\main.o
 .debug_line    0x00005d6a      0x626 src\rtc.o
 .debug_line    0x00006390       0x7a src\startup_stm32f40xx.o
 .debug_line    0x0000640a      0x212 src\stm32_ub_atadrive.o
 .debug_line    0x0000661c      0x333 src\stm32_ub_fatfs.o
 .debug_line    0x0000694f      0x41c src\stm32_ub_lcd_2x16.o
 .debug_line    0x00006d6b      0xb91 src\stm32_ub_sdcard.o
 .debug_line    0x000078fc      0x211 src\stm32_ub_usbdisk.o
 .debug_line    0x00007b0d      0x228 src\stm32f4xx_it.o
 .debug_line    0x00007d35      0x218 src\system_stm32f4xx.o