core_cm4.h:1535:22:NVIC_SetPriority	16	static
core_cm4.h:1662:26:SysTick_Config	16	static
dht.h:60:6:delay	16	static
dht.h:73:6:set_gpio_output_interior	16	static
dht.h:92:6:set_gpio_input_interior	16	static
dht.h:111:6:DHT11_start_interior	8	static
dht.h:119:6:check_response_interior	8	static
dht.h:132:9:read_data_interior	16	static
dht.h:158:6:leer_dht_interior	24	static
dht.h:226:6:set_gpio_output_exterior	16	static
dht.h:245:6:set_gpio_input_exterior	16	static
dht.h:264:6:DHT11_start_exterior	8	static
dht.h:272:6:check_response_exterior	8	static
dht.h:285:9:read_data_exterior	16	static
dht.h:311:6:leer_dht_exterior	24	static
dht.h:380:6:TIM5_Init	32	static
dht.h:406:6:TIM5_Config	16	static
dht.h:424:6:TIM5_Start	8	static
dht.h:434:6:TIM5_IRQHandler	8	static
main.c:25:5:main	16	static
main.c:43:6:task_scheduler	4	static
main.c:109:6:inicializar_leds	16	static
main.c:128:6:task_manager	24	static
