Archive member included to satisfy reference by file (symbol)

c:/program files (x86)/atollic/truestudio for stm32 9.0.1/armtools/bin/../lib/gcc/arm-atollic-eabi/6.3.1/../../../../arm-atollic-eabi/lib/armv7e-m/fpu\libc_nano.a(lib_a-atoi.o)
                              src\main.o (atoi)
c:/program files (x86)/atollic/truestudio for stm32 9.0.1/armtools/bin/../lib/gcc/arm-atollic-eabi/6.3.1/../../../../arm-atollic-eabi/lib/armv7e-m/fpu\libc_nano.a(lib_a-init.o)
                              src\startup_stm32f40xx.o (__libc_init_array)
c:/program files (x86)/atollic/truestudio for stm32 9.0.1/armtools/bin/../lib/gcc/arm-atollic-eabi/6.3.1/../../../../arm-atollic-eabi/lib/armv7e-m/fpu\libc_nano.a(lib_a-memset.o)
                              src\stm32_ub_sdcard.o (memset)
c:/program files (x86)/atollic/truestudio for stm32 9.0.1/armtools/bin/../lib/gcc/arm-atollic-eabi/6.3.1/../../../../arm-atollic-eabi/lib/armv7e-m/fpu\libc_nano.a(lib_a-strcmp.o)
                              src\main.o (strcmp)
c:/program files (x86)/atollic/truestudio for stm32 9.0.1/armtools/bin/../lib/gcc/arm-atollic-eabi/6.3.1/../../../../arm-atollic-eabi/lib/armv7e-m/fpu\libc_nano.a(lib_a-strcpy.o)
                              src\main.o (strcpy)
c:/program files (x86)/atollic/truestudio for stm32 9.0.1/armtools/bin/../lib/gcc/arm-atollic-eabi/6.3.1/../../../../arm-atollic-eabi/lib/armv7e-m/fpu\libc_nano.a(lib_a-strlen.o)
                              src\main.o (strlen)
c:/program files (x86)/atollic/truestudio for stm32 9.0.1/armtools/bin/../lib/gcc/arm-atollic-eabi/6.3.1/../../../../arm-atollic-eabi/lib/armv7e-m/fpu\libc_nano.a(lib_a-strncpy.o)
                              src\main.o (strncpy)
c:/program files (x86)/atollic/truestudio for stm32 9.0.1/armtools/bin/../lib/gcc/arm-atollic-eabi/6.3.1/../../../../arm-atollic-eabi/lib/armv7e-m/fpu\libc_nano.a(lib_a-strtol.o)
                              c:/program files (x86)/atollic/truestudio for stm32 9.0.1/armtools/bin/../lib/gcc/arm-atollic-eabi/6.3.1/../../../../arm-atollic-eabi/lib/armv7e-m/fpu\libc_nano.a(lib_a-atoi.o) (_strtol_r)
c:/program files (x86)/atollic/truestudio for stm32 9.0.1/armtools/bin/../lib/gcc/arm-atollic-eabi/6.3.1/../../../../arm-atollic-eabi/lib/armv7e-m/fpu\libc_nano.a(lib_a-impure.o)
                              c:/program files (x86)/atollic/truestudio for stm32 9.0.1/armtools/bin/../lib/gcc/arm-atollic-eabi/6.3.1/../../../../arm-atollic-eabi/lib/armv7e-m/fpu\libc_nano.a(lib_a-strtol.o) (_impure_ptr)
c:/program files (x86)/atollic/truestudio for stm32 9.0.1/armtools/bin/../lib/gcc/arm-atollic-eabi/6.3.1/../../../../arm-atollic-eabi/lib/armv7e-m/fpu\libc_nano.a(lib_a-locale.o)
                              c:/program files (x86)/atollic/truestudio for stm32 9.0.1/armtools/bin/../lib/gcc/arm-atollic-eabi/6.3.1/../../../../arm-atollic-eabi/lib/armv7e-m/fpu\libc_nano.a(lib_a-strtol.o) (__locale_ctype_ptr_l)
c:/program files (x86)/atollic/truestudio for stm32 9.0.1/armtools/bin/../lib/gcc/arm-atollic-eabi/6.3.1/../../../../arm-atollic-eabi/lib/armv7e-m/fpu\libc_nano.a(lib_a-mbtowc_r.o)
                              c:/program files (x86)/atollic/truestudio for stm32 9.0.1/armtools/bin/../lib/gcc/arm-atollic-eabi/6.3.1/../../../../arm-atollic-eabi/lib/armv7e-m/fpu\libc_nano.a(lib_a-locale.o) (__ascii_mbtowc)
c:/program files (x86)/atollic/truestudio for stm32 9.0.1/armtools/bin/../lib/gcc/arm-atollic-eabi/6.3.1/../../../../arm-atollic-eabi/lib/armv7e-m/fpu\libc_nano.a(lib_a-wctomb_r.o)
                              c:/program files (x86)/atollic/truestudio for stm32 9.0.1/armtools/bin/../lib/gcc/arm-atollic-eabi/6.3.1/../../../../arm-atollic-eabi/lib/armv7e-m/fpu\libc_nano.a(lib_a-locale.o) (__ascii_wctomb)
c:/program files (x86)/atollic/truestudio for stm32 9.0.1/armtools/bin/../lib/gcc/arm-atollic-eabi/6.3.1/../../../../arm-atollic-eabi/lib/armv7e-m/fpu\libc_nano.a(lib_a-ctype_.o)
                              c:/program files (x86)/atollic/truestudio for stm32 9.0.1/armtools/bin/../lib/gcc/arm-atollic-eabi/6.3.1/../../../../arm-atollic-eabi/lib/armv7e-m/fpu\libc_nano.a(lib_a-locale.o) (_ctype_)
c:/program files (x86)/atollic/truestudio for stm32 9.0.1/armtools/bin/../lib/gcc/arm-atollic-eabi/6.3.1/armv7e-m/fpu\libgcc.a(_arm_addsubdf3.o)
                              src\main.o (__aeabi_dsub)
c:/program files (x86)/atollic/truestudio for stm32 9.0.1/armtools/bin/../lib/gcc/arm-atollic-eabi/6.3.1/armv7e-m/fpu\libgcc.a(_arm_muldivdf3.o)
                              src\main.o (__aeabi_ddiv)
c:/program files (x86)/atollic/truestudio for stm32 9.0.1/armtools/bin/../lib/gcc/arm-atollic-eabi/6.3.1/armv7e-m/fpu\libgcc.a(_arm_cmpdf2.o)
                              src\main.o (__aeabi_dcmple)
c:/program files (x86)/atollic/truestudio for stm32 9.0.1/armtools/bin/../lib/gcc/arm-atollic-eabi/6.3.1/armv7e-m/fpu\libgcc.a(_arm_fixdfsi.o)
                              src\main.o (__aeabi_d2iz)
[...]
Memory Configuration

Name             Origin             Length             Attributes
FLASH            0x08000000         0x00100000         xr
RAM              0x20000000         0x00020000         xrw
MEMORY_B1        0x60000000         0x00000000         xr
CCMRAM           0x10000000         0x00010000         rw
*default*        0x00000000         0xffffffff

Linker script and memory map

LOAD c:/program files (x86)/atollic/truestudio for stm32 9.0.1/armtools/bin/../lib/gcc/arm-atollic-eabi/6.3.1/armv7e-m/fpu/crti.o
LOAD c:/program files (x86)/atollic/truestudio for stm32 9.0.1/armtools/bin/../lib/gcc/arm-atollic-eabi/6.3.1/armv7e-m/fpu/crtbegin.o
LOAD Libraries\STM32F4xx_StdPeriph_Driver\src\misc.o
LOAD Libraries\STM32F4xx_StdPeriph_Driver\src\stm32f4xx_adc.o
LOAD Libraries\STM32F4xx_StdPeriph_Driver\src\stm32f4xx_can.o
LOAD Libraries\STM32F4xx_StdPeriph_Driver\src\stm32f4xx_crc.o
LOAD Libraries\STM32F4xx_StdPeriph_Driver\src\stm32f4xx_cryp.o
LOAD Libraries\STM32F4xx_StdPeriph_Driver\src\stm32f4xx_cryp_aes.o
LOAD Libraries\STM32F4xx_StdPeriph_Driver\src\stm32f4xx_cryp_des.o
LOAD Libraries\STM32F4xx_StdPeriph_Driver\src\stm32f4xx_cryp_tdes.o
LOAD Libraries\STM32F4xx_StdPeriph_Driver\src\stm32f4xx_dac.o
LOAD Libraries\STM32F4xx_StdPeriph_Driver\src\stm32f4xx_dbgmcu.o
LOAD Libraries\STM32F4xx_StdPeriph_Driver\src\stm32f4xx_dcmi.o
LOAD Libraries\STM32F4xx_StdPeriph_Driver\src\stm32f4xx_dma.o
LOAD Libraries\STM32F4xx_StdPeriph_Driver\src\stm32f4xx_exti.o
LOAD Libraries\STM32F4xx_StdPeriph_Driver\src\stm32f4xx_flash.o
LOAD Libraries\STM32F4xx_StdPeriph_Driver\src\stm32f4xx_fsmc.o
LOAD Libraries\STM32F4xx_StdPeriph_Driver\src\stm32f4xx_gpio.o
LOAD Libraries\STM32F4xx_StdPeriph_Driver\src\stm32f4xx_hash.o
LOAD Libraries\STM32F4xx_StdPeriph_Driver\src\stm32f4xx_hash_md5.o
LOAD Libraries\STM32F4xx_StdPeriph_Driver\src\stm32f4xx_hash_sha1.o
LOAD Libraries\STM32F4xx_StdPeriph_Driver\src\stm32f4xx_i2c.o
LOAD Libraries\STM32F4xx_StdPeriph_Driver\src\stm32f4xx_iwdg.o
LOAD Libraries\STM32F4xx_StdPeriph_Driver\src\stm32f4xx_pwr.o
LOAD Libraries\STM32F4xx_StdPeriph_Driver\src\stm32f4xx_rcc.o
LOAD Libraries\STM32F4xx_StdPeriph_Driver\src\stm32f4xx_rng.o
LOAD Libraries\STM32F4xx_StdPeriph_Driver\src\stm32f4xx_rtc.o
LOAD Libraries\STM32F4xx_StdPeriph_Driver\src\stm32f4xx_sdio.o
LOAD Libraries\STM32F4xx_StdPeriph_Driver\src\stm32f4xx_spi.o
LOAD Libraries\STM32F4xx_StdPeriph_Driver\src\stm32f4xx_syscfg.o
LOAD Libraries\STM32F4xx_StdPeriph_Driver\src\stm32f4xx_tim.o
LOAD Libraries\STM32F4xx_StdPeriph_Driver\src\stm32f4xx_usart.o
LOAD Libraries\STM32F4xx_StdPeriph_Driver\src\stm32f4xx_wwdg.o
LOAD src\adc.o
LOAD src\diskio.o
LOAD src\ff.o
LOAD src\main.o
LOAD src\rtc.o
LOAD src\startup_stm32f40xx.o
LOAD src\stm32_ub_atadrive.o
LOAD src\stm32_ub_fatfs.o
LOAD src\stm32_ub_lcd_2x16.o
LOAD src\stm32_ub_sdcard.o
LOAD src\stm32_ub_usbdisk.o
LOAD src\stm32f4xx_it.o
LOAD src\system_stm32f4xx.o
LOAD src\tiny_printf.o
                0x00000080                malloc_getpagesize_P = 0x80
START GROUP
LOAD c:/program files (x86)/atollic/truestudio for stm32 9.0.1/armtools/bin/../lib/gcc/arm-atollic-eabi/6.3.1/../../../../arm-atollic-eabi/lib/armv7e-m/fpu\libc_nano.a
LOAD c:/program files (x86)/atollic/truestudio for stm32 9.0.1/armtools/bin/../lib/gcc/arm-atollic-eabi/6.3.1/../../../../arm-atollic-eabi/lib/armv7e-m/fpu\libm.a
END GROUP
START GROUP
LOAD c:/program files (x86)/atollic/truestudio for stm32 9.0.1/armtools/bin/../lib/gcc/arm-atollic-eabi/6.3.1/armv7e-m/fpu\libgcc.a
LOAD c:/program files (x86)/atollic/truestudio for stm32 9.0.1/armtools/bin/../lib/gcc/arm-atollic-eabi/6.3.1/../../../../arm-atollic-eabi/lib/armv7e-m/fpu\libc_nano.a
END GROUP
START GROUP
LOAD c:/program files (x86)/atollic/truestudio for stm32 9.0.1/armtools/bin/../lib/gcc/arm-atollic-eabi/6.3.1/armv7e-m/fpu\libgcc.a
LOAD c:/program files (x86)/atollic/truestudio for stm32 9.0.1/armtools/bin/../lib/gcc/arm-atollic-eabi/6.3.1/../../../../arm-atollic-eabi/lib/armv7e-m/fpu\libc_nano.a
LOAD c:/program files (x86)/atollic/truestudio for stm32 9.0.1/armtools/bin/../lib/gcc/arm-atollic-eabi/6.3.1/../../../../arm-atollic-eabi/lib/armv7e-m/fpu\libnosys.a
END GROUP
START GROUP
LOAD c:/program files (x86)/atollic/truestudio for stm32 9.0.1/armtools/bin/../lib/gcc/arm-atollic-eabi/6.3.1/armv7e-m/fpu\libgcc.a
LOAD c:/program files (x86)/atollic/truestudio for stm32 9.0.1/armtools/bin/../lib/gcc/arm-atollic-eabi/6.3.1/../../../../arm-atollic-eabi/lib/armv7e-m/fpu\libc_nano.a
LOAD c:/program files (x86)/atollic/truestudio for stm32 9.0.1/armtools/bin/../lib/gcc/arm-atollic-eabi/6.3.1/../../../../arm-atollic-eabi/lib/armv7e-m/fpu\libnosys.a
END GROUP
LOAD c:/program files (x86)/atollic/truestudio for stm32 9.0.1/armtools/bin/../lib/gcc/arm-atollic-eabi/6.3.1/armv7e-m/fpu/crtend.o
LOAD c:/program files (x86)/atollic/truestudio for stm32 9.0.1/armtools/bin/../lib/gcc/arm-atollic-eabi/6.3.1/armv7e-m/fpu/crtn.o
                0x20020000                _estack = 0x20020000
                0x00000000                _Min_Heap_Size = 0x0
                0x00000400                _Min_Stack_Size = 0x400

.isr_vector     0x08000000      0x188
                0x08000000                . = ALIGN (0x4)
 *(.isr_vector)
 .isr_vector    0x08000000      0x188 src\startup_stm32f40xx.o
                0x08000000                g_pfnVectors
                0x08000188                . = ALIGN (0x4)

.text           0x08000188     0x9758
                0x08000188                . = ALIGN (0x4)
 *(.text)
 .text          0x08000188       0x40 c:/program files (x86)/atollic/truestudio for stm32 9.0.1/armtools/bin/../lib/gcc/arm-atollic-eabi/6.3.1/armv7e-m/fpu/crtbegin.o
 .text          0x080001c8       0x14 c:/program files (x86)/atollic/truestudio for stm32 9.0.1/armtools/bin/../lib/gcc/arm-atollic-eabi/6.3.1/../../../../arm-atollic-eabi/lib/armv7e-m/fpu\libc_nano.a(lib_a-strcmp.o)
                0x080001c8                strcmp
 .text          0x080001dc       0x10 c:/program files (x86)/atollic/truestudio for stm32 9.0.1/armtools/bin/../lib/gcc/arm-atollic-eabi/6.3.1/../../../../arm-atollic-eabi/lib/armv7e-m/fpu\libc_nano.a(lib_a-strlen.o)
                0x080001dc                strlen
 .text          0x080001ec      0x370 c:/program files (x86)/atollic/truestudio for stm32 9.0.1/armtools/bin/../lib/gcc/arm-atollic-eabi/6.3.1/armv7e-m/fpu\libgcc.a(_arm_addsubdf3.o)
                0x080001ec                __aeabi_drsub
                0x080001f4                __aeabi_dsub
                0x080001f4                __subdf3
                0x080001f8                __aeabi_dadd
                0x080001f8                __adddf3
                0x08000470                __floatunsidf
                0x08000470                __aeabi_ui2d
                0x08000490                __floatsidf
                0x08000490                __aeabi_i2d
                0x080004b4                __aeabi_f2d
                0x080004b4                __extendsfdf2
                0x080004f0                __floatundidf
                0x080004f0                __aeabi_ul2d
                0x08000500                __floatdidf
                0x08000500                __aeabi_l2d
 .text          0x0800055c      0x424 c:/program files (x86)/atollic/truestudio for stm32 9.0.1/armtools/bin/../lib/gcc/arm-atollic-eabi/6.3.1/armv7e-m/fpu\libgcc.a(_arm_muldivdf3.o)
                0x0800055c                __aeabi_dmul
                0x0800055c                __muldf3
                0x080007b0                __divdf3
                0x080007b0                __aeabi_ddiv
 .text          0x08000980       0x40 c:/program files (x86)/atollic/truestudio for stm32 9.0.1/armtools/bin/../lib/gcc/arm-atollic-eabi/6.3.1/armv7e-m/fpu\libgcc.a(_arm_fixunsdfsi.o)
                0x08000980                __aeabi_d2uiz
                0x08000980                __fixunsdfsi
 *(.text*)
 .text.NVIC_PriorityGroupConfig
                0x080009c0       0x28 Libraries\STM32F4xx_StdPeriph_Driver\src\misc.o
                0x080009c0                NVIC_PriorityGroupConfig
 .text.NVIC_Init
                0x080009e8       0xc4 Libraries\STM32F4xx_StdPeriph_Driver\src\misc.o
                0x080009e8                NVIC_Init
 .text.ADC_Init
                0x08000aac       0xac Libraries\STM32F4xx_StdPeriph_Driver\src\stm32f4xx_adc.o
                0x08000aac                ADC_Init
 .text.ADC_StructInit
                0x08000b58       0x3e Libraries\STM32F4xx_StdPeriph_Driver\src\stm32f4xx_adc.o
                0x08000b58                ADC_StructInit
 *fill*         0x08000b96        0x2 
 .text.ADC_CommonInit
                0x08000b98       0x50 Libraries\STM32F4xx_StdPeriph_Driver\src\stm32f4xx_adc.o
                0x08000b98                ADC_CommonInit
 .text.ADC_CommonStructInit
                0x08000be8       0x2c Libraries\STM32F4xx_StdPeriph_Driver\src\stm32f4xx_adc.o
                0x08000be8                ADC_CommonStructInit
 .text.ADC_Cmd  0x08000c14       0x38 Libraries\STM32F4xx_StdPeriph_Driver\src\stm32f4xx_adc.o
                0x08000c14                ADC_Cmd
 .text.ADC_InjectedChannelConfig
                0x08000c4c      0x122 Libraries\STM32F4xx_StdPeriph_Driver\src\stm32f4xx_adc.o
                0x08000c4c                ADC_InjectedChannelConfig
 .text.ADC_InjectedSequencerLengthConfig
                0x08000d6e       0x44 Libraries\STM32F4xx_StdPeriph_Driver\src\stm32f4xx_adc.o
                0x08000d6e                ADC_InjectedSequencerLengthConfig
 .text.ADC_SetInjectedOffset
                0x08000db2       0x34 Libraries\STM32F4xx_StdPeriph_Driver\src\stm32f4xx_adc.o
                0x08000db2                ADC_SetInjectedOffset
 .text.ADC_SoftwareStartInjectedConv
                0x08000de6       0x20 Libraries\STM32F4xx_StdPeriph_Driver\src\stm32f4xx_adc.o
                0x08000de6                ADC_SoftwareStartInjectedConv
 .text.ADC_GetInjectedConversionValue
                0x08000e06       0x30 Libraries\STM32F4xx_StdPeriph_Driver\src\stm32f4xx_adc.o
                0x08000e06                ADC_GetInjectedConversionValue
 .text.ADC_GetFlagStatus
                0x08000e36       0x34 Libraries\STM32F4xx_StdPeriph_Driver\src\stm32f4xx_adc.o
                0x08000e36                ADC_GetFlagStatus
 .text.ADC_ClearFlag
                0x08000e6a       0x20 Libraries\STM32F4xx_StdPeriph_Driver\src\stm32f4xx_adc.o
                0x08000e6a                ADC_ClearFlag
 *fill*         0x08000e8a        0x2 
 .text.DMA_DeInit
                0x08000e8c      0x1a8 Libraries\STM32F4xx_StdPeriph_Driver\src\stm32f4xx_dma.o
                0x08000e8c                DMA_DeInit
 .text.DMA_Init
                0x08001034       0xb0 Libraries\STM32F4xx_StdPeriph_Driver\src\stm32f4xx_dma.o
                0x08001034                DMA_Init
 .text.DMA_Cmd  0x080010e4       0x38 Libraries\STM32F4xx_StdPeriph_Driver\src\stm32f4xx_dma.o
                0x080010e4                DMA_Cmd
 .text.DMA_FlowControllerConfig
                0x0800111c       0x36 Libraries\STM32F4xx_StdPeriph_Driver\src\stm32f4xx_dma.o
                0x0800111c                DMA_FlowControllerConfig
 *fill*         0x08001152        0x2 
 .text.DMA_ClearFlag
                0x08001154       0x5c Libraries\STM32F4xx_StdPeriph_Driver\src\stm32f4xx_dma.o
                0x08001154                DMA_ClearFlag
 .text.DMA_ITConfig
                0x080011b0       0x74 Libraries\STM32F4xx_StdPeriph_Driver\src\stm32f4xx_dma.o
                0x080011b0                DMA_ITConfig
 .text.EXTI_Init
                0x08001224       0xe4 Libraries\STM32F4xx_StdPeriph_Driver\src\stm32f4xx_exti.o
                0x08001224                EXTI_Init
 .text.GPIO_Init
                0x08001308      0x11c Libraries\STM32F4xx_StdPeriph_Driver\src\stm32f4xx_gpio.o
                0x08001308                GPIO_Init
 .text.GPIO_StructInit
                0x08001424       0x34 Libraries\STM32F4xx_StdPeriph_Driver\src\stm32f4xx_gpio.o
                0x08001424                GPIO_StructInit
 .text.GPIO_ReadInputDataBit
                0x08001458       0x34 Libraries\STM32F4xx_StdPeriph_Driver\src\stm32f4xx_gpio.o
                0x08001458                GPIO_ReadInputDataBit
 .text.GPIO_SetBits
                0x0800148c       0x1e Libraries\STM32F4xx_StdPeriph_Driver\src\stm32f4xx_gpio.o
                0x0800148c                GPIO_SetBits
 .text.GPIO_ResetBits
                0x080014aa       0x1e Libraries\STM32F4xx_StdPeriph_Driver\src\stm32f4xx_gpio.o
                0x080014aa                GPIO_ResetBits
 .text.GPIO_WriteBit
                0x080014c8       0x30 Libraries\STM32F4xx_StdPeriph_Driver\src\stm32f4xx_gpio.o
                0x080014c8                GPIO_WriteBit
 .text.GPIO_ToggleBits
                0x080014f8       0x24 Libraries\STM32F4xx_StdPeriph_Driver\src\stm32f4xx_gpio.o
                0x080014f8                GPIO_ToggleBits
 .text.GPIO_PinAFConfig
                0x0800151c       0x92 Libraries\STM32F4xx_StdPeriph_Driver\src\stm32f4xx_gpio.o
                0x0800151c                GPIO_PinAFConfig
 *fill*         0x080015ae        0x2 
 .text.PWR_BackupAccessCmd
                0x080015b0       0x20 Libraries\STM32F4xx_StdPeriph_Driver\src\stm32f4xx_pwr.o
                0x080015b0                PWR_BackupAccessCmd
 .text.RCC_LSEConfig
                0x080015d0       0x44 Libraries\STM32F4xx_StdPeriph_Driver\src\stm32f4xx_rcc.o
                0x080015d0                RCC_LSEConfig
 .text.RCC_LSICmd
                0x08001614       0x20 Libraries\STM32F4xx_StdPeriph_Driver\src\stm32f4xx_rcc.o
                0x08001614                RCC_LSICmd
 .text.RCC_GetClocksFreq
                0x08001634      0x150 Libraries\STM32F4xx_StdPeriph_Driver\src\stm32f4xx_rcc.o
                0x08001634                RCC_GetClocksFreq
 .text.RCC_RTCCLKConfig
                0x08001784       0x5c Libraries\STM32F4xx_StdPeriph_Driver\src\stm32f4xx_rcc.o
                0x08001784                RCC_RTCCLKConfig
 .text.RCC_RTCCLKCmd
                0x080017e0       0x20 Libraries\STM32F4xx_StdPeriph_Driver\src\stm32f4xx_rcc.o
                0x080017e0                RCC_RTCCLKCmd
 .text.RCC_AHB1PeriphClockCmd
                0x08001800       0x40 Libraries\STM32F4xx_StdPeriph_Driver\src\stm32f4xx_rcc.o
                0x08001800                RCC_AHB1PeriphClockCmd
 .text.RCC_APB1PeriphClockCmd
                0x08001840       0x40 Libraries\STM32F4xx_StdPeriph_Driver\src\stm32f4xx_rcc.o
                0x08001840                RCC_APB1PeriphClockCmd
 .text.RCC_APB2PeriphClockCmd
                0x08001880       0x40 Libraries\STM32F4xx_StdPeriph_Driver\src\stm32f4xx_rcc.o
                0x08001880                RCC_APB2PeriphClockCmd
 .text.RCC_APB2PeriphResetCmd
                0x080018c0       0x40 Libraries\STM32F4xx_StdPeriph_Driver\src\stm32f4xx_rcc.o
                0x080018c0                RCC_APB2PeriphResetCmd
 .text.RCC_GetFlagStatus
                0x08001900       0x74 Libraries\STM32F4xx_StdPeriph_Driver\src\stm32f4xx_rcc.o
                0x08001900                RCC_GetFlagStatus
 .text.RTC_Init
                0x08001974       0x78 Libraries\STM32F4xx_StdPeriph_Driver\src\stm32f4xx_rtc.o
                0x08001974                RTC_Init
 .text.RTC_WriteProtectionCmd
                0x080019ec       0x34 Libraries\STM32F4xx_StdPeriph_Driver\src\stm32f4xx_rtc.o
                0x080019ec                RTC_WriteProtectionCmd
 .text.RTC_EnterInitMode
                0x08001a20       0x74 Libraries\STM32F4xx_StdPeriph_Driver\src\stm32f4xx_rtc.o
                0x08001a20                RTC_EnterInitMode
 .text.RTC_ExitInitMode
                0x08001a94       0x20 Libraries\STM32F4xx_StdPeriph_Driver\src\stm32f4xx_rtc.o
                0x08001a94                RTC_ExitInitMode
 .text.RTC_WaitForSynchro
                0x08001ab4       0x78 Libraries\STM32F4xx_StdPeriph_Driver\src\stm32f4xx_rtc.o
                0x08001ab4                RTC_WaitForSynchro
 .text.RTC_SetTime
                0x08001b2c      0x114 Libraries\STM32F4xx_StdPeriph_Driver\src\stm32f4xx_rtc.o
                0x08001b2c                RTC_SetTime
 .text.RTC_GetTime
                0x08001c40       0xa4 Libraries\STM32F4xx_StdPeriph_Driver\src\stm32f4xx_rtc.o
                0x08001c40                RTC_GetTime
 .text.RTC_SetDate
                0x08001ce4      0x120 Libraries\STM32F4xx_StdPeriph_Driver\src\stm32f4xx_rtc.o
                0x08001ce4                RTC_SetDate
 .text.RTC_GetDate
                0x08001e04       0x9c Libraries\STM32F4xx_StdPeriph_Driver\src\stm32f4xx_rtc.o
                0x08001e04                RTC_GetDate
 .text.RTC_WakeUpClockConfig
                0x08001ea0       0x44 Libraries\STM32F4xx_StdPeriph_Driver\src\stm32f4xx_rtc.o
                0x08001ea0                RTC_WakeUpClockConfig
 .text.RTC_SetWakeUpCounter
                0x08001ee4       0x30 Libraries\STM32F4xx_StdPeriph_Driver\src\stm32f4xx_rtc.o
                0x08001ee4                RTC_SetWakeUpCounter
 .text.RTC_WakeUpCmd
                0x08001f14       0x94 Libraries\STM32F4xx_StdPeriph_Driver\src\stm32f4xx_rtc.o
                0x08001f14                RTC_WakeUpCmd
 .text.RTC_WriteBackupRegister
                0x08001fa8       0x34 Libraries\STM32F4xx_StdPeriph_Driver\src\stm32f4xx_rtc.o
                0x08001fa8                RTC_WriteBackupRegister
 .text.RTC_ReadBackupRegister
                0x08001fdc       0x30 Libraries\STM32F4xx_StdPeriph_Driver\src\stm32f4xx_rtc.o
                0x08001fdc                RTC_ReadBackupRegister
 .text.RTC_ITConfig
                0x0800200c       0x7c Libraries\STM32F4xx_StdPeriph_Driver\src\stm32f4xx_rtc.o
                0x0800200c                RTC_ITConfig
 .text.RTC_GetITStatus
                0x08002088       0x68 Libraries\STM32F4xx_StdPeriph_Driver\src\stm32f4xx_rtc.o
                0x08002088                RTC_GetITStatus
 .text.RTC_ClearITPendingBit
                0x080020f0       0x3c Libraries\STM32F4xx_StdPeriph_Driver\src\stm32f4xx_rtc.o
                0x080020f0                RTC_ClearITPendingBit
 .text.RTC_ByteToBcd2
                0x0800212c       0x3a Libraries\STM32F4xx_StdPeriph_Driver\src\stm32f4xx_rtc.o
 .text.RTC_Bcd2ToByte
                0x08002166       0x38 Libraries\STM32F4xx_StdPeriph_Driver\src\stm32f4xx_rtc.o
 .text.SDIO_DeInit
                0x0800219e       0x1c Libraries\STM32F4xx_StdPeriph_Driver\src\stm32f4xx_sdio.o
                0x0800219e                SDIO_DeInit
 *fill*         0x080021ba        0x2 
 .text.SDIO_Init
                0x080021bc       0x60 Libraries\STM32F4xx_StdPeriph_Driver\src\stm32f4xx_sdio.o
                0x080021bc                SDIO_Init
 .text.SDIO_ClockCmd
                0x0800221c       0x20 Libraries\STM32F4xx_StdPeriph_Driver\src\stm32f4xx_sdio.o
                0x0800221c                SDIO_ClockCmd
 .text.SDIO_SetPowerState
                0x0800223c       0x20 Libraries\STM32F4xx_StdPeriph_Driver\src\stm32f4xx_sdio.o
                0x0800223c                SDIO_SetPowerState
 .text.SDIO_GetPowerState
                0x0800225c       0x1c Libraries\STM32F4xx_StdPeriph_Driver\src\stm32f4xx_sdio.o
                0x0800225c                SDIO_GetPowerState
 .text.SDIO_SendCommand
                0x08002278       0x58 Libraries\STM32F4xx_StdPeriph_Driver\src\stm32f4xx_sdio.o
                0x08002278                SDIO_SendCommand
 .text.SDIO_GetCommandResponse
                0x080022d0       0x18 Libraries\STM32F4xx_StdPeriph_Driver\src\stm32f4xx_sdio.o
                0x080022d0                SDIO_GetCommandResponse
 .text.SDIO_GetResponse
                0x080022e8       0x28 Libraries\STM32F4xx_StdPeriph_Driver\src\stm32f4xx_sdio.o
                0x080022e8                SDIO_GetResponse
 .text.SDIO_DataConfig
                0x08002310       0x5c Libraries\STM32F4xx_StdPeriph_Driver\src\stm32f4xx_sdio.o
                0x08002310                SDIO_DataConfig
 .text.SDIO_ReadData
                0x0800236c       0x18 Libraries\STM32F4xx_StdPeriph_Driver\src\stm32f4xx_sdio.o
                0x0800236c                SDIO_ReadData
 .text.SDIO_DMACmd
                0x08002384       0x20 Libraries\STM32F4xx_StdPeriph_Driver\src\stm32f4xx_sdio.o
                0x08002384                SDIO_DMACmd
 .text.SDIO_ITConfig
                0x080023a4       0x40 Libraries\STM32F4xx_StdPeriph_Driver\src\stm32f4xx_sdio.o
                0x080023a4                SDIO_ITConfig
 .text.SDIO_GetFlagStatus
                0x080023e4       0x34 Libraries\STM32F4xx_StdPeriph_Driver\src\stm32f4xx_sdio.o
                0x080023e4                SDIO_GetFlagStatus
 .text.SDIO_ClearFlag
                0x08002418       0x20 Libraries\STM32F4xx_StdPeriph_Driver\src\stm32f4xx_sdio.o
                0x08002418                SDIO_ClearFlag
 .text.SDIO_GetITStatus
                0x08002438       0x34 Libraries\STM32F4xx_StdPeriph_Driver\src\stm32f4xx_sdio.o
                0x08002438                SDIO_GetITStatus
 .text.SDIO_ClearITPendingBit
                0x0800246c       0x20 Libraries\STM32F4xx_StdPeriph_Driver\src\stm32f4xx_sdio.o
                0x0800246c                SDIO_ClearITPendingBit
 .text.TIM_TimeBaseInit
                0x0800248c       0xd8 Libraries\STM32F4xx_StdPeriph_Driver\src\stm32f4xx_tim.o
                0x0800248c                TIM_TimeBaseInit
 .text.TIM_Cmd  0x08002564       0x40 Libraries\STM32F4xx_StdPeriph_Driver\src\stm32f4xx_tim.o
                0x08002564                TIM_Cmd
 .text.TIM_ITConfig
                0x080025a4       0x48 Libraries\STM32F4xx_StdPeriph_Driver\src\stm32f4xx_tim.o
                0x080025a4                TIM_ITConfig
 .text.TIM_GetITStatus
                0x080025ec       0x54 Libraries\STM32F4xx_StdPeriph_Driver\src\stm32f4xx_tim.o
                0x080025ec                TIM_GetITStatus
 .text.TIM_ClearITPendingBit
                0x08002640       0x22 Libraries\STM32F4xx_StdPeriph_Driver\src\stm32f4xx_tim.o
                0x08002640                TIM_ClearITPendingBit
 *fill*         0x08002662        0x2 
 .text.USART_Init
                0x08002664      0x174 Libraries\STM32F4xx_StdPeriph_Driver\src\stm32f4xx_usart.o
                0x08002664                USART_Init
 .text.USART_Cmd
                0x080027d8       0x40 Libraries\STM32F4xx_StdPeriph_Driver\src\stm32f4xx_usart.o
                0x080027d8                USART_Cmd
 .text.USART_SendData
                0x08002818       0x24 Libraries\STM32F4xx_StdPeriph_Driver\src\stm32f4xx_usart.o
                0x08002818                USART_SendData
 .text.USART_ReceiveData
                0x0800283c       0x20 Libraries\STM32F4xx_StdPeriph_Driver\src\stm32f4xx_usart.o
                0x0800283c                USART_ReceiveData
 .text.USART_ITConfig
                0x0800285c       0x90 Libraries\STM32F4xx_StdPeriph_Driver\src\stm32f4xx_usart.o
                0x0800285c                USART_ITConfig
 .text.USART_GetFlagStatus
                0x080028ec       0x38 Libraries\STM32F4xx_StdPeriph_Driver\src\stm32f4xx_usart.o
                0x080028ec                USART_GetFlagStatus
 .text.USART_GetITStatus
                0x08002924       0xb6 Libraries\STM32F4xx_StdPeriph_Driver\src\stm32f4xx_usart.o
                0x08002924                USART_GetITStatus
 .text.USART_ClearITPendingBit
                0x080029da       0x3a Libraries\STM32F4xx_StdPeriph_Driver\src\stm32f4xx_usart.o
                0x080029da                USART_ClearITPendingBit
 .text.adc_inicializar
                0x08002a14       0xbc src\adc.o
                0x08002a14                adc_inicializar
 .text.adc_leer_cuentas_ldr
                0x08002ad0       0x4c src\adc.o
                0x08002ad0                adc_leer_cuentas_ldr
 .text.adc_leer_cuentas_yl69
                0x08002b1c       0x4c src\adc.o
                0x08002b1c                adc_leer_cuentas_yl69
 .text.disk_initialize
                0x08002b68       0x72 src\diskio.o
                0x08002b68                disk_initialize
 .text.disk_status
                0x08002bda       0x72 src\diskio.o
                0x08002bda                disk_status
 .text.disk_read
                0x08002c4c       0x94 src\diskio.o
                0x08002c4c                disk_read
 .text.disk_write
                0x08002ce0       0x94 src\diskio.o
                0x08002ce0                disk_write
 .text.get_fattime
                0x08002d74       0x14 src\diskio.o
                0x08002d74                get_fattime
 .text.disk_ioctl
                0x08002d88       0x8a src\diskio.o
                0x08002d88                disk_ioctl
 .text.mem_cpy  0x08002e12       0x3c src\ff.o
 .text.mem_set  0x08002e4e       0x34 src\ff.o
 .text.mem_cmp  0x08002e82       0x4e src\ff.o
 .text.chk_chr  0x08002ed0       0x36 src\ff.o
 .text.sync_window
                0x08002f06       0x8c src\ff.o
 .text.move_window
                0x08002f92       0x50 src\ff.o
 .text.sync_fs  0x08002fe2      0x140 src\ff.o
 .text.clust2sect
                0x08003122       0x3e src\ff.o
                0x08003122                clust2sect
 .text.get_fat  0x08003160      0x162 src\ff.o
                0x08003160                get_fat
 .text.put_fat  0x080032c2      0x208 src\ff.o
                0x080032c2                put_fat
 .text.remove_chain
                0x080034ca       0x9e src\ff.o
 .text.create_chain
                0x08003568      0x112 src\ff.o
 .text.dir_sdi  0x0800367a      0x104 src\ff.o
 .text.dir_next
                0x0800377e      0x1a4 src\ff.o
 .text.dir_alloc
                0x08003922       0x82 src\ff.o
 .text.ld_clust
                0x080039a4       0x5a src\ff.o
 .text.st_clust
                0x080039fe       0x4e src\ff.o
 .text.dir_find
                0x08003a4c       0x96 src\ff.o
 .text.dir_register
                0x08003ae2       0x64 src\ff.o
 *fill*         0x08003b46        0x2 
 .text.create_name
                0x08003b48      0x180 src\ff.o
 .text.follow_path
                0x08003cc8       0xd4 src\ff.o
 .text.check_fs
                0x08003d9c       0xcc src\ff.o
 .text.chk_mounted
                0x08003e68      0x550 src\ff.o
 .text.validate
                0x080043b8       0x5a src\ff.o
 *fill*         0x08004412        0x2 
 .text.f_mount  0x08004414       0x54 src\ff.o
                0x08004414                f_mount
 .text.f_open   0x08004468      0x278 src\ff.o
                0x08004468                f_open
 .text.f_write  0x080046e0      0x302 src\ff.o
                0x080046e0                f_write
 .text.f_sync   0x080049e2      0x150 src\ff.o
                0x080049e2                f_sync
 .text.f_close  0x08004b32       0x28 src\ff.o
                0x08004b32                f_close
 .text.f_lseek  0x08004b5a      0x29e src\ff.o
                0x08004b5a                f_lseek
 .text.f_getfree
                0x08004df8      0x186 src\ff.o
                0x08004df8                f_getfree
 .text.f_putc   0x08004f7e       0x4a src\ff.o
                0x08004f7e                f_putc
 .text.f_puts   0x08004fc8       0x48 src\ff.o
                0x08004fc8                f_puts
 .text.NVIC_SetPriority
                0x08005010       0x54 src\main.o
 .text.SysTick_Config
                0x08005064       0x44 src\main.o
 .text.delay    0x080050a8       0x28 src\main.o
                0x080050a8                delay
 .text.set_gpio_output_interior
                0x080050d0       0x38 src\main.o
                0x080050d0                set_gpio_output_interior
 .text.set_gpio_input_interior
                0x08005108       0x38 src\main.o
                0x08005108                set_gpio_input_interior
 .text.DHT11_start_interior
                0x08005140       0x28 src\main.o
                0x08005140                DHT11_start_interior
 .text.check_response_interior
                0x08005168       0x5c src\main.o
                0x08005168                check_response_interior
 .text.read_data_interior
                0x080051c4       0xc8 src\main.o
                0x080051c4                read_data_interior
 .text.leer_dht_interior
                0x0800528c      0x150 src\main.o
                0x0800528c                leer_dht_interior
 .text.set_gpio_output_exterior
                0x080053dc       0x3c src\main.o
                0x080053dc                set_gpio_output_exterior
 .text.set_gpio_input_exterior
                0x08005418       0x3c src\main.o
                0x08005418                set_gpio_input_exterior
 .text.DHT11_start_exterior
                0x08005454       0x28 src\main.o
                0x08005454                DHT11_start_exterior
 .text.check_response_exterior
                0x0800547c       0x64 src\main.o
                0x0800547c                check_response_exterior
 .text.read_data_exterior
                0x080054e0       0xd0 src\main.o
                0x080054e0                read_data_exterior
 .text.leer_dht_exterior
                0x080055b0      0x150 src\main.o
                0x080055b0                leer_dht_exterior
 .text.TIM5_Init
                0x08005700       0x60 src\main.o
                0x08005700                TIM5_Init
 .text.TIM5_Config
                0x08005760       0x2e src\main.o
                0x08005760                TIM5_Config
 *fill*         0x0800578e        0x2 
 .text.TIM5_Start
                0x08005790       0x1c src\main.o
                0x08005790                TIM5_Start
 .text.TIM5_IRQHandler
                0x080057ac       0x38 src\main.o
                0x080057ac                TIM5_IRQHandler
 .text.main     0x080057e4      0x138 src\main.o
                0x080057e4                main
 .text.task_scheduler
                0x0800591c      0x1fc src\main.o
                0x0800591c                task_scheduler
 .text.inicializar_leds
                0x08005b18       0x3c src\main.o
                0x08005b18                inicializar_leds
 .text.inicializar_fan
                0x08005b54       0x3c src\main.o
                0x08005b54                inicializar_fan
 .text.inicializar_calentador
                0x08005b90       0x38 src\main.o
                0x08005b90                inicializar_calentador
 .text.inicializar_bomba
                0x08005bc8       0x38 src\main.o
                0x08005bc8                inicializar_bomba
 .text.task_manager
                0x08005c00       0x38 src\main.o
                0x08005c00                task_manager
 .text.dht_interior_task
                0x08005c38       0x20 src\main.o
                0x08005c38                dht_interior_task
 .text.dht_exterior_task
                0x08005c58       0x20 src\main.o
                0x08005c58                dht_exterior_task
 .text.led_task
                0x08005c78       0x48 src\main.o
                0x08005c78                led_task
 .text.ldr_task
                0x08005cc0       0x70 src\main.o
                0x08005cc0                ldr_task
 .text.yl69_task
                0x08005d30       0x28 src\main.o
                0x08005d30                yl69_task
 .text.display_task
                0x08005d58      0x1b0 src\main.o
                0x08005d58                display_task
 .text.serial_task
                0x08005f08      0x2ec src\main.o
                0x08005f08                serial_task
 .text.enviar_comando
                0x080061f4       0x54 src\main.o
                0x080061f4                enviar_comando
 .text.USART3_Config
                0x08006248       0xb0 src\main.o
 .text.USART3_IRQHandler
                0x080062f8      0x2d8 src\main.o
                0x080062f8                USART3_IRQHandler
 .text.TM_RTC_Init
                0x080065d0      0x120 src\rtc.o
                0x080065d0                TM_RTC_Init
 .text.TM_RTC_SetDateTime
                0x080066f0      0x284 src\rtc.o
                0x080066f0                TM_RTC_SetDateTime
 .text.TM_RTC_GetDateTime
                0x08006974       0xa0 src\rtc.o
                0x08006974                TM_RTC_GetDateTime
 .text.TM_RTC_Config
                0x08006a14       0x78 src\rtc.o
                0x08006a14                TM_RTC_Config
 .text.TM_RTC_Interrupts
                0x08006a8c      0x144 src\rtc.o
                0x08006a8c                TM_RTC_Interrupts
 .text.TM_RTC_GetUnixTimeStamp
                0x08006bd0      0x170 src\rtc.o
                0x08006bd0                TM_RTC_GetUnixTimeStamp
 .text.TM_RTC_RequestHandler
                0x08006d40        0xe src\rtc.o
                0x08006d40                TM_RTC_RequestHandler
 *fill*         0x08006d4e        0x2 
 .text.TM_RTC_AlarmAHandler
                0x08006d50       0x2c src\rtc.o
                0x08006d50                TM_RTC_AlarmAHandler
 .text.TM_RTC_AlarmBHandler
                0x08006d7c        0xe src\rtc.o
                0x08006d7c                TM_RTC_AlarmBHandler
 *fill*         0x08006d8a        0x2 
 .text.RTC_WKUP_IRQHandler
                0x08006d8c       0x30 src\rtc.o
                0x08006d8c                RTC_WKUP_IRQHandler
 .text.RTC_Alarm_IRQHandler
                0x08006dbc       0x48 src\rtc.o
                0x08006dbc                RTC_Alarm_IRQHandler
 .text.Reset_Handler
                0x08006e04       0x50 src\startup_stm32f40xx.o
                0x08006e04                Reset_Handler
 .text.Default_Handler
                0x08006e54        0x2 src\startup_stm32f40xx.o
                0x08006e54                HASH_RNG_IRQHandler
                0x08006e54                EXTI2_IRQHandler
                0x08006e54                TIM8_CC_IRQHandler
                0x08006e54                TIM1_CC_IRQHandler
                0x08006e54                DMA2_Stream5_IRQHandler
                0x08006e54                DMA1_Stream5_IRQHandler
                0x08006e54                PVD_IRQHandler
                0x08006e54                TAMP_STAMP_IRQHandler
                0x08006e54                CAN2_RX1_IRQHandler
                0x08006e54                EXTI3_IRQHandler
                0x08006e54                TIM8_TRG_COM_TIM14_IRQHandler
                0x08006e54                TIM1_UP_TIM10_IRQHandler
                0x08006e54                TIM8_UP_TIM13_IRQHandler
                0x08006e54                I2C3_ER_IRQHandler
                0x08006e54                EXTI0_IRQHandler
                0x08006e54                I2C2_EV_IRQHandler
                0x08006e54                DMA1_Stream2_IRQHandler
                0x08006e54                CAN1_RX0_IRQHandler
                0x08006e54                FPU_IRQHandler
                0x08006e54                OTG_HS_WKUP_IRQHandler
                0x08006e54                CAN2_SCE_IRQHandler
                0x08006e54                DMA2_Stream2_IRQHandler
                0x08006e54                SPI1_IRQHandler
                0x08006e54                TIM6_DAC_IRQHandler
                0x08006e54                TIM1_BRK_TIM9_IRQHandler
                0x08006e54                DCMI_IRQHandler
                0x08006e54                CAN2_RX0_IRQHandler
                0x08006e54                USART6_IRQHandler
                0x08006e54                CRYP_IRQHandler
                0x08006e54                CAN1_RX1_IRQHandler
                0x08006e54                UART5_IRQHandler
                0x08006e54                DMA2_Stream0_IRQHandler
                0x08006e54                TIM4_IRQHandler
                0x08006e54                I2C1_EV_IRQHandler
                0x08006e54                DMA1_Stream6_IRQHandler
                0x08006e54                DMA1_Stream1_IRQHandler
                0x08006e54                UART4_IRQHandler
                0x08006e54                TIM3_IRQHandler
                0x08006e54                RCC_IRQHandler
                0x08006e54                TIM8_BRK_TIM12_IRQHandler
                0x08006e54                Default_Handler
                0x08006e54                EXTI15_10_IRQHandler
                0x08006e54                ADC_IRQHandler
                0x08006e54                DMA1_Stream7_IRQHandler
                0x08006e54                TIM7_IRQHandler
                0x08006e54                CAN2_TX_IRQHandler
                0x08006e54                DMA2_Stream7_IRQHandler
                0x08006e54                I2C3_EV_IRQHandler
                0x08006e54                EXTI9_5_IRQHandler
                0x08006e54                ETH_WKUP_IRQHandler
                0x08006e54                SPI2_IRQHandler
                0x08006e54                OTG_HS_EP1_IN_IRQHandler
                0x08006e54                DMA1_Stream0_IRQHandler
                0x08006e54                CAN1_TX_IRQHandler
                0x08006e54                EXTI4_IRQHandler
                0x08006e54                FSMC_IRQHandler
                0x08006e54                ETH_IRQHandler
                0x08006e54                OTG_HS_EP1_OUT_IRQHandler
                0x08006e54                WWDG_IRQHandler
                0x08006e54                TIM2_IRQHandler
                0x08006e54                OTG_FS_WKUP_IRQHandler
                0x08006e54                TIM1_TRG_COM_TIM11_IRQHandler
                0x08006e54                OTG_HS_IRQHandler
                0x08006e54                EXTI1_IRQHandler
                0x08006e54                USART2_IRQHandler
                0x08006e54                I2C2_ER_IRQHandler
                0x08006e54                DMA2_Stream1_IRQHandler
                0x08006e54                CAN1_SCE_IRQHandler
                0x08006e54                FLASH_IRQHandler
                0x08006e54                DMA2_Stream4_IRQHandler
                0x08006e54                USART1_IRQHandler
                0x08006e54                OTG_FS_IRQHandler
                0x08006e54                SPI3_IRQHandler
                0x08006e54                DMA1_Stream4_IRQHandler
                0x08006e54                I2C1_ER_IRQHandler
                0x08006e54                DMA2_Stream6_IRQHandler
                0x08006e54                DMA1_Stream3_IRQHandler
 .text.UB_ATADrive_Init
                0x08006e56        0xe src\stm32_ub_atadrive.o
                0x08006e56                UB_ATADrive_Init
 .text.ATA_disk_initialize
                0x08006e64       0x1a src\stm32_ub_atadrive.o
                0x08006e64                ATA_disk_initialize
 .text.ATA_disk_status
                0x08006e7e       0x1a src\stm32_ub_atadrive.o
                0x08006e7e                ATA_disk_status
 .text.ATA_disk_read
                0x08006e98       0x22 src\stm32_ub_atadrive.o
                0x08006e98                ATA_disk_read
 .text.ATA_disk_write
                0x08006eba       0x22 src\stm32_ub_atadrive.o
                0x08006eba                ATA_disk_write
 .text.ATA_disk_ioctl
                0x08006edc       0x20 src\stm32_ub_atadrive.o
                0x08006edc                ATA_disk_ioctl
 .text.UB_Fatfs_Init
                0x08006efc       0x14 src\stm32_ub_fatfs.o
                0x08006efc                UB_Fatfs_Init
 .text.UB_Fatfs_CheckMedia
                0x08006f10       0x3a src\stm32_ub_fatfs.o
                0x08006f10                UB_Fatfs_CheckMedia
 *fill*         0x08006f4a        0x2 
 .text.UB_Fatfs_Mount
                0x08006f4c       0x6c src\stm32_ub_fatfs.o
                0x08006f4c                UB_Fatfs_Mount
 .text.UB_Fatfs_UnMount
                0x08006fb8       0x3e src\stm32_ub_fatfs.o
                0x08006fb8                UB_Fatfs_UnMount
 .text.UB_Fatfs_OpenFile
                0x08006ff6       0xa6 src\stm32_ub_fatfs.o
                0x08006ff6                UB_Fatfs_OpenFile
 .text.UB_Fatfs_CloseFile
                0x0800709c       0x34 src\stm32_ub_fatfs.o
                0x0800709c                UB_Fatfs_CloseFile
 .text.UB_Fatfs_WriteString
                0x080070d0       0x3e src\stm32_ub_fatfs.o
                0x080070d0                UB_Fatfs_WriteString
 *fill*         0x0800710e        0x2 
 .text.UB_LCD_2x16_Init
                0x08007110       0x3c src\stm32_ub_lcd_2x16.o
                0x08007110                UB_LCD_2x16_Init
 .text.UB_LCD_2x16_String
                0x0800714c       0x3e src\stm32_ub_lcd_2x16.o
                0x0800714c                UB_LCD_2x16_String
 *fill*         0x0800718a        0x2 
 .text.P_LCD_2x16_InitIO
                0x0800718c       0xa8 src\stm32_ub_lcd_2x16.o
                0x0800718c                P_LCD_2x16_InitIO
 .text.P_LCD_2x16_PinLo
                0x08007234       0x40 src\stm32_ub_lcd_2x16.o
                0x08007234                P_LCD_2x16_PinLo
 .text.P_LCD_2x16_PinHi
                0x08007274       0x40 src\stm32_ub_lcd_2x16.o
                0x08007274                P_LCD_2x16_PinHi
 .text.P_LCD_2x16_Clk
                0x080072b4       0x24 src\stm32_ub_lcd_2x16.o
                0x080072b4                P_LCD_2x16_Clk
 .text.P_LCD_2x16_InitSequenz
                0x080072d8       0x68 src\stm32_ub_lcd_2x16.o
                0x080072d8                P_LCD_2x16_InitSequenz
 .text.P_LCD_2x16_Cmd
                0x08007340       0xde src\stm32_ub_lcd_2x16.o
                0x08007340                P_LCD_2x16_Cmd
 .text.P_LCD_2x16_Data
                0x0800741e       0xde src\stm32_ub_lcd_2x16.o
                0x0800741e                P_LCD_2x16_Data
 .text.P_LCD_2x16_Cursor
                0x080074fc       0x4a src\stm32_ub_lcd_2x16.o
                0x080074fc                P_LCD_2x16_Cursor
 .text.P_LCD_2x16_Delay
                0x08007546       0x20 src\stm32_ub_lcd_2x16.o
                0x08007546                P_LCD_2x16_Delay
 .text.UB_SDCard_Init
                0x08007566       0x10 src\stm32_ub_sdcard.o
                0x08007566                UB_SDCard_Init
 .text.UB_SDCard_CheckMedia
                0x08007576       0x1e src\stm32_ub_sdcard.o
                0x08007576                UB_SDCard_CheckMedia
 .text.MMC_disk_initialize
                0x08007594       0x34 src\stm32_ub_sdcard.o
                0x08007594                MMC_disk_initialize
 .text.MMC_disk_status
                0x080075c8       0x30 src\stm32_ub_sdcard.o
                0x080075c8                MMC_disk_status
 .text.MMC_disk_read
                0x080075f8       0x64 src\stm32_ub_sdcard.o
                0x080075f8                MMC_disk_read
 .text.MMC_disk_write
                0x0800765c       0x64 src\stm32_ub_sdcard.o
                0x0800765c                MMC_disk_write
 .text.MMC_disk_ioctl
                0x080076c0       0x74 src\stm32_ub_sdcard.o
                0x080076c0                MMC_disk_ioctl
 .text.NVIC_Configuration
                0x08007734       0x3e src\stm32_ub_sdcard.o
 *fill*         0x08007772        0x2 
 .text.SD_Init  0x08007774       0xb4 src\stm32_ub_sdcard.o
                0x08007774                SD_Init
 .text.SD_GetStatus
                0x08007828       0x30 src\stm32_ub_sdcard.o
                0x08007828                SD_GetStatus
 .text.SD_GetState
                0x08007858       0x3e src\stm32_ub_sdcard.o
                0x08007858                SD_GetState
 .text.SD_Detect
                0x08007896       0x1a src\stm32_ub_sdcard.o
                0x08007896                SD_Detect
 .text.SD_PowerON
                0x080078b0      0x22c src\stm32_ub_sdcard.o
                0x080078b0                SD_PowerON
 .text.SD_InitializeCards
                0x08007adc      0x18c src\stm32_ub_sdcard.o
                0x08007adc                SD_InitializeCards
 .text.SD_GetCardInfo
                0x08007c68      0x580 src\stm32_ub_sdcard.o
                0x08007c68                SD_GetCardInfo
 .text.SD_EnableWideBusOperation
                0x080081e8       0xd8 src\stm32_ub_sdcard.o
                0x080081e8                SD_EnableWideBusOperation
 .text.SD_SelectDeselect
                0x080082c0       0x4c src\stm32_ub_sdcard.o
                0x080082c0                SD_SelectDeselect
 .text.SD_ReadMultiBlocks
                0x0800830c      0x134 src\stm32_ub_sdcard.o
                0x0800830c                SD_ReadMultiBlocks
 .text.SD_WaitReadOperation
                0x08008440       0xbc src\stm32_ub_sdcard.o
                0x08008440                SD_WaitReadOperation
 .text.SD_WriteMultiBlocks
                0x080084fc      0x1b0 src\stm32_ub_sdcard.o
                0x080084fc                SD_WriteMultiBlocks
 .text.SD_WaitWriteOperation
                0x080086ac       0xbc src\stm32_ub_sdcard.o
                0x080086ac                SD_WaitWriteOperation
 .text.SD_StopTransfer
                0x08008768       0x48 src\stm32_ub_sdcard.o
                0x08008768                SD_StopTransfer
 .text.SD_SendStatus
                0x080087b0       0x78 src\stm32_ub_sdcard.o
                0x080087b0                SD_SendStatus
 .text.SD_ProcessIRQSrc
                0x08008828       0xc8 src\stm32_ub_sdcard.o
                0x08008828                SD_ProcessIRQSrc
 .text.SD_ProcessDMAIRQ
                0x080088f0       0x30 src\stm32_ub_sdcard.o
                0x080088f0                SD_ProcessDMAIRQ
 .text.CmdError
                0x08008920       0x4a src\stm32_ub_sdcard.o
 *fill*         0x0800896a        0x2 
 .text.CmdResp7Error
                0x0800896c       0x78 src\stm32_ub_sdcard.o
 .text.CmdResp1Error
                0x080089e4      0x1a4 src\stm32_ub_sdcard.o
 .text.CmdResp3Error
                0x08008b88       0x50 src\stm32_ub_sdcard.o
 .text.CmdResp2Error
                0x08008bd8       0x68 src\stm32_ub_sdcard.o
 .text.CmdResp6Error
                0x08008c40       0xd0 src\stm32_ub_sdcard.o
 .text.SDEnWideBus
                0x08008d10      0x180 src\stm32_ub_sdcard.o
 .text.FindSCR  0x08008e90      0x204 src\stm32_ub_sdcard.o
 .text.SD_LowLevel_Init
                0x08009094       0x94 src\stm32_ub_sdcard.o
                0x08009094                SD_LowLevel_Init
 .text.SD_LowLevel_DMA_TxConfig
                0x08009128       0xa4 src\stm32_ub_sdcard.o
                0x08009128                SD_LowLevel_DMA_TxConfig
 .text.SD_LowLevel_DMA_RxConfig
                0x080091cc       0xa4 src\stm32_ub_sdcard.o
                0x080091cc                SD_LowLevel_DMA_RxConfig
 .text.SDIO_IRQHandler
                0x08009270        0xc src\stm32_ub_sdcard.o
                0x08009270                SDIO_IRQHandler
 .text.DMA2_Stream3_IRQHandler
                0x0800927c        0xc src\stm32_ub_sdcard.o
                0x0800927c                DMA2_Stream3_IRQHandler
 .text.UB_USBDisk_Init
                0x08009288        0xe src\stm32_ub_usbdisk.o
                0x08009288                UB_USBDisk_Init
 .text.USB_disk_initialize
                0x08009296       0x1a src\stm32_ub_usbdisk.o
                0x08009296                USB_disk_initialize
 .text.USB_disk_status
                0x080092b0       0x1a src\stm32_ub_usbdisk.o
                0x080092b0                USB_disk_status
 .text.USB_disk_read
                0x080092ca       0x22 src\stm32_ub_usbdisk.o
                0x080092ca                USB_disk_read
 .text.USB_disk_write
                0x080092ec       0x22 src\stm32_ub_usbdisk.o
                0x080092ec                USB_disk_write
 .text.USB_disk_ioctl
                0x0800930e       0x20 src\stm32_ub_usbdisk.o
                0x0800930e                USB_disk_ioctl
 .text.NMI_Handler
                0x0800932e        0xe src\stm32f4xx_it.o
                0x0800932e                NMI_Handler
 .text.HardFault_Handler
                0x0800933c        0x6 src\stm32f4xx_it.o
                0x0800933c                HardFault_Handler
 .text.MemManage_Handler
                0x08009342        0x6 src\stm32f4xx_it.o
                0x08009342                MemManage_Handler
 .text.BusFault_Handler
                0x08009348        0x6 src\stm32f4xx_it.o
                0x08009348                BusFault_Handler
 .text.UsageFault_Handler
                0x0800934e        0x6 src\stm32f4xx_it.o
                0x0800934e                UsageFault_Handler
 .text.SVC_Handler
                0x08009354        0xe src\stm32f4xx_it.o
                0x08009354                SVC_Handler
 .text.DebugMon_Handler
                0x08009362        0xe src\stm32f4xx_it.o
                0x08009362                DebugMon_Handler
 .text.PendSV_Handler
                0x08009370        0xe src\stm32f4xx_it.o
                0x08009370                PendSV_Handler
 .text.SysTick_Handler
                0x0800937e        0xc src\stm32f4xx_it.o
                0x0800937e                SysTick_Handler
 *fill*         0x0800938a        0x2 
 .text.SystemInit
                0x0800938c       0x5c src\system_stm32f4xx.o
                0x0800938c                SystemInit
 .text.SetSysClock
                0x080093e8       0xf8 src\system_stm32f4xx.o
 .text.ts_itoa  0x080094e0       0x92 src\tiny_printf.o
                0x080094e0                ts_itoa
 .text.ts_formatstring
                0x08009572      0x12e src\tiny_printf.o
                0x08009572                ts_formatstring
 .text.siprintf
                0x080096a0       0x2c src\tiny_printf.o
                0x080096a0                siprintf
                0x080096a0                sprintf
 .text.atoi     0x080096cc        0x8 c:/program files (x86)/atollic/truestudio for stm32 9.0.1/armtools/bin/../lib/gcc/arm-atollic-eabi/6.3.1/../../../../arm-atollic-eabi/lib/armv7e-m/fpu\libc_nano.a(lib_a-atoi.o)
                0x080096cc                atoi
 .text.__libc_init_array
                0x080096d4       0x48 c:/program files (x86)/atollic/truestudio for stm32 9.0.1/armtools/bin/../lib/gcc/arm-atollic-eabi/6.3.1/../../../../arm-atollic-eabi/lib/armv7e-m/fpu\libc_nano.a(lib_a-init.o)
                0x080096d4                __libc_init_array
 .text.strcpy   0x0800971c       0x10 c:/program files (x86)/atollic/truestudio for stm32 9.0.1/armtools/bin/../lib/gcc/arm-atollic-eabi/6.3.1/../../../../arm-atollic-eabi/lib/armv7e-m/fpu\libc_nano.a(lib_a-strcpy.o)
                0x0800971c                strcpy
 .text.strncpy  0x0800972c       0x2a c:/program files (x86)/atollic/truestudio for stm32 9.0.1/armtools/bin/../lib/gcc/arm-atollic-eabi/6.3.1/../../../../arm-atollic-eabi/lib/armv7e-m/fpu\libc_nano.a(lib_a-strncpy.o)
                0x0800972c                strncpy
 .text._strtol_l.isra.0
                0x08009756      0x100 c:/program files (x86)/atollic/truestudio for stm32 9.0.1/armtools/bin/../lib/gcc/arm-atollic-eabi/6.3.1/../../../../arm-atollic-eabi/lib/armv7e-m/fpu\libc_nano.a(lib_a-strtol.o)
 *fill*         0x08009856        0x2 
 .text.strtol   0x08009858       0x2c c:/program files (x86)/atollic/truestudio for stm32 9.0.1/armtools/bin/../lib/gcc/arm-atollic-eabi/6.3.1/../../../../arm-atollic-eabi/lib/armv7e-m/fpu\libc_nano.a(lib_a-strtol.o)
                0x08009858                strtol
 .text.__locale_ctype_ptr_l
                0x08009884        0x6 c:/program files (x86)/atollic/truestudio for stm32 9.0.1/armtools/bin/../lib/gcc/arm-atollic-eabi/6.3.1/../../../../arm-atollic-eabi/lib/armv7e-m/fpu\libc_nano.a(lib_a-locale.o)
                0x08009884                __locale_ctype_ptr_l
 .text.__ascii_mbtowc
                0x0800988a       0x24 c:/program files (x86)/atollic/truestudio for stm32 9.0.1/armtools/bin/../lib/gcc/arm-atollic-eabi/6.3.1/../../../../arm-atollic-eabi/lib/armv7e-m/fpu\libc_nano.a(lib_a-mbtowc_r.o)
                0x0800988a                __ascii_mbtowc
 .text.__ascii_wctomb
                0x080098ae       0x1a c:/program files (x86)/atollic/truestudio for stm32 9.0.1/armtools/bin/../lib/gcc/arm-atollic-eabi/6.3.1/../../../../arm-atollic-eabi/lib/armv7e-m/fpu\libc_nano.a(lib_a-wctomb_r.o)
                0x080098ae                __ascii_wctomb
 *(.glue_7)
 .glue_7        0x080098c8        0x0 linker stubs
 *(.glue_7t)
 .glue_7t       0x080098c8        0x0 linker stubs
 *(.eh_frame)
 .eh_frame      0x080098c8        0x0 c:/program files (x86)/atollic/truestudio for stm32 9.0.1/armtools/bin/../lib/gcc/arm-atollic-eabi/6.3.1/armv7e-m/fpu/crtbegin.o
 *(.init)
 .init          0x080098c8        0x4 c:/program files (x86)/atollic/truestudio for stm32 9.0.1/armtools/bin/../lib/gcc/arm-atollic-eabi/6.3.1/armv7e-m/fpu/crti.o
                0x080098c8                _init
 .init          0x080098cc        0x8 c:/program files (x86)/atollic/truestudio for stm32 9.0.1/armtools/bin/../lib/gcc/arm-atollic-eabi/6.3.1/armv7e-m/fpu/crtn.o
 *(.fini)
 .fini          0x080098d4        0x4 c:/program files (x86)/atollic/truestudio for stm32 9.0.1/armtools/bin/../lib/gcc/arm-atollic-eabi/6.3.1/armv7e-m/fpu/crti.o
                0x080098d4                _fini
 .fini          0x080098d8        0x8 c:/program files (x86)/atollic/truestudio for stm32 9.0.1/armtools/bin/../lib/gcc/arm-atollic-eabi/6.3.1/armv7e-m/fpu/crtn.o
                0x080098e0                . = ALIGN (0x4)
                0x080098e0                _etext = .

.vfp11_veneer   0x080098e0        0x0
 .vfp11_veneer  0x080098e0        0x0 linker stubs

.v4_bx          0x080098e0        0x0
 .v4_bx         0x080098e0        0x0 linker stubs

.iplt           0x080098e0        0x0
 .iplt          0x080098e0        0x0 c:/program files (x86)/atollic/truestudio for stm32 9.0.1/armtools/bin/../lib/gcc/arm-atollic-eabi/6.3.1/armv7e-m/fpu/crtbegin.o

.rodata         0x080098e0      0x310
                0x080098e0                . = ALIGN (0x4)
 *(.rodata)
 .rodata        0x080098e0        0xf src\ff.o
 *fill*         0x080098ef        0x1 
 .rodata        0x080098f0      0x170 src\main.o
 .rodata        0x08009a60        0x3 src\stm32_ub_fatfs.o
 *(.rodata*)
 *fill*         0x08009a63        0x1 
 .rodata.ExCvt  0x08009a64       0x80 src\ff.o
 .rodata._setlocale_r.str1.1
                0x08009ae4        0x8 c:/program files (x86)/atollic/truestudio for stm32 9.0.1/armtools/bin/../lib/gcc/arm-atollic-eabi/6.3.1/../../../../arm-atollic-eabi/lib/armv7e-m/fpu\libc_nano.a(lib_a-locale.o)
                                  0x9 (size before relaxing)
 .rodata.str1.1
                0x08009aec        0x2 c:/program files (x86)/atollic/truestudio for stm32 9.0.1/armtools/bin/../lib/gcc/arm-atollic-eabi/6.3.1/../../../../arm-atollic-eabi/lib/armv7e-m/fpu\libc_nano.a(lib_a-locale.o)
 .rodata._ctype_
                0x08009aee      0x101 c:/program files (x86)/atollic/truestudio for stm32 9.0.1/armtools/bin/../lib/gcc/arm-atollic-eabi/6.3.1/../../../../arm-atollic-eabi/lib/armv7e-m/fpu\libc_nano.a(lib_a-ctype_.o)
                0x08009aee                _ctype_
                0x08009bf0                . = ALIGN (0x4)
 *fill*         0x08009bef        0x1 

.rel.dyn        0x08009bf0        0x0
 .rel.iplt      0x08009bf0        0x0 c:/program files (x86)/atollic/truestudio for stm32 9.0.1/armtools/bin/../lib/gcc/arm-atollic-eabi/6.3.1/armv7e-m/fpu/crtbegin.o

.ARM.extab
 *(.ARM.extab* .gnu.linkonce.armextab.*)

.ARM            0x08009bf0        0x0
                0x08009bf0                __exidx_start = .
 *(.ARM.exidx*)
                0x08009bf0                __exidx_end = .

.preinit_array  0x08009bf0        0x0
                0x08009bf0                PROVIDE (__preinit_array_start, .)
 *(.preinit_array*)
                0x08009bf0                PROVIDE (__preinit_array_end, .)

.init_array     0x08009bf0        0x4
                0x08009bf0                PROVIDE (__init_array_start, .)
 *(SORT(.init_array.*))
 *(.init_array*)
 .init_array    0x08009bf0        0x4 c:/program files (x86)/atollic/truestudio for stm32 9.0.1/armtools/bin/../lib/gcc/arm-atollic-eabi/6.3.1/armv7e-m/fpu/crtbegin.o
                0x08009bf4                PROVIDE (__init_array_end, .)

.fini_array     0x08009bf4        0x4
                [!provide]                PROVIDE (__fini_array_start, .)
 *(SORT(.fini_array.*))
 *(.fini_array*)
 .fini_array    0x08009bf4        0x4 c:/program files (x86)/atollic/truestudio for stm32 9.0.1/armtools/bin/../lib/gcc/arm-atollic-eabi/6.3.1/armv7e-m/fpu/crtbegin.o
                [!provide]                PROVIDE (__fini_array_end, .)
                0x08009bf8                _sidata = LOADADDR (.data)

.data           0x20000000      0x278 load address 0x08009bf8
                0x20000000                . = ALIGN (0x4)
                0x20000000                _sdata = .
 *(.data)
 *(.data*)
 .data.APBAHBPrescTable
                0x20000000       0x10 Libraries\STM32F4xx_StdPeriph_Driver\src\stm32f4xx_rcc.o
 .data.contador_led
                0x20000010        0x4 src\main.o
                0x20000010                contador_led
 .data.TM_RTC_Months
                0x20000014       0x18 src\rtc.o
                0x20000014                TM_RTC_Months
 .data.LCD_2X16
                0x2000002c       0x78 src\stm32_ub_lcd_2x16.o
                0x2000002c                LCD_2X16
 .data.SystemCoreClock
                0x200000a4        0x4 src\system_stm32f4xx.o
                0x200000a4                SystemCoreClock
 .data._impure_ptr
                0x200000a8        0x4 c:/program files (x86)/atollic/truestudio for stm32 9.0.1/armtools/bin/../lib/gcc/arm-atollic-eabi/6.3.1/../../../../arm-atollic-eabi/lib/armv7e-m/fpu\libc_nano.a(lib_a-impure.o)
                0x200000a8                _impure_ptr
 .data.impure_data
                0x200000ac       0x60 c:/program files (x86)/atollic/truestudio for stm32 9.0.1/armtools/bin/../lib/gcc/arm-atollic-eabi/6.3.1/../../../../arm-atollic-eabi/lib/armv7e-m/fpu\libc_nano.a(lib_a-impure.o)
 .data.__global_locale
                0x2000010c      0x16c c:/program files (x86)/atollic/truestudio for stm32 9.0.1/armtools/bin/../lib/gcc/arm-atollic-eabi/6.3.1/../../../../arm-atollic-eabi/lib/armv7e-m/fpu\libc_nano.a(lib_a-locale.o)
                0x2000010c                __global_locale
                0x20000278                . = ALIGN (0x4)
                0x20000278                _edata = .
                0x08009e70                _siccmram = LOADADDR (.ccmram)

.igot.plt       0x20000278        0x0 load address 0x08009e70
 .igot.plt      0x20000278        0x0 c:/program files (x86)/atollic/truestudio for stm32 9.0.1/armtools/bin/../lib/gcc/arm-atollic-eabi/6.3.1/armv7e-m/fpu/crtbegin.o

.ccmram         0x10000000        0x0 load address 0x08009e70
                0x10000000                . = ALIGN (0x4)
                0x10000000                _sccmram = .
 *(.ccmram)
 *(.ccmram*)
                0x10000000                . = ALIGN (0x4)
                0x10000000                _eccmram = .
                0x10000000                . = ALIGN (0x4)

.bss            0x20000278      0x6d0
                0x20000278                _sbss = .
                0x20000278                __bss_start__ = _sbss
 *(.bss)
 .bss           0x20000278       0x1c c:/program files (x86)/atollic/truestudio for stm32 9.0.1/armtools/bin/../lib/gcc/arm-atollic-eabi/6.3.1/armv7e-m/fpu/crtbegin.o
 *(.bss*)
 .bss.FatFs     0x20000294        0x4 src\ff.o
 .bss.Fsid      0x20000298        0x2 src\ff.o
 *fill*         0x2000029a        0x2 
 .bss.TimingDelay
                0x2000029c        0x4 src\main.o
                0x2000029c                TimingDelay
 .bss.TM_RTC_Status
                0x200002a0        0x4 src\rtc.o
                0x200002a0                TM_RTC_Status
 .bss.FileSystemObject
                0x200002a4      0x234 src\stm32_ub_fatfs.o
 .bss.CardType  0x200004d8        0x4 src\stm32_ub_sdcard.o
 .bss.CSD_Tab   0x200004dc       0x10 src\stm32_ub_sdcard.o
 .bss.CID_Tab   0x200004ec       0x10 src\stm32_ub_sdcard.o
 .bss.RCA       0x200004fc        0x4 src\stm32_ub_sdcard.o
 .bss.StopCondition
                0x20000500        0x4 src\stm32_ub_sdcard.o
                0x20000500                StopCondition
 .bss.TransferError
                0x20000504        0x1 src\stm32_ub_sdcard.o
                0x20000504                TransferError
 *fill*         0x20000505        0x3 
 .bss.TransferEnd
                0x20000508        0x4 src\stm32_ub_sdcard.o
                0x20000508                TransferEnd
 .bss.DMAEndOfTransfer
                0x2000050c        0x4 src\stm32_ub_sdcard.o
                0x2000050c                DMAEndOfTransfer
 *(COMMON)
 COMMON         0x20000510      0x378 src\main.o
                0x20000510                control
                0x2000051c                display
                0x20000524                led
                0x2000052c                serial
                0x2000075c                sistema
                0x20000760                cultivo
                0x200007e8                datatime
                0x200007f8                dht_exterior
                0x20000830                ldr
                0x20000840                dht_interior
                0x20000878                AlarmTime
                0x20000880                yl
 COMMON         0x20000888       0x20 src\rtc.o
                0x20000888                RTC_TimeStruct
                0x2000088c                RTC_InitStruct
                0x20000898                RTC_DateStruct
                0x2000089c                NVIC_InitStruct
                0x200008a0                EXTI_InitStruct
 COMMON         0x200008a8       0xa0 src\stm32_ub_sdcard.o
                0x200008a8                SDIO_CmdInitStructure
                0x200008c0                SDCardInfo
                0x20000918                SDIO_InitStructure
                0x20000930                SDIO_DataInitStructure
                0x20000948                . = ALIGN (0x4)
                0x20000948                _ebss = .
                0x20000948                __bss_end__ = _ebss

._user_heap_stack
                0x20000948      0x400
                0x20000948                . = ALIGN (0x4)
                [!provide]                PROVIDE (end, .)
                [!provide]                PROVIDE (_end, .)
                0x20000948                . = (. + _Min_Heap_Size)
                0x20000d48                . = (. + _Min_Stack_Size)
 *fill*         0x20000948      0x400 
                0x20000d48                . = ALIGN (0x4)

.memory_b1_text
 *(.mb1text)
 *(.mb1text*)
 *(.mb1rodata)
 *(.mb1rodata*)

/DISCARD/
 libc.a(*)
 libm.a(*)
 libgcc.a(*)

.ARM.attributes
                0x00000000       0x30
 *(.ARM.attributes)
 .ARM.attributes
                0x00000000       0x22 c:/program files (x86)/atollic/truestudio for stm32 9.0.1/armtools/bin/../lib/gcc/arm-atollic-eabi/6.3.1/armv7e-m/fpu/crti.o
 .ARM.attributes
                0x00000022       0x34 c:/program files (x86)/atollic/truestudio for stm32 9.0.1/armtools/bin/../lib/gcc/arm-atollic-eabi/6.3.1/armv7e-m/fpu/crtbegin.o
 .ARM.attributes
                0x00000056       0x39 Libraries\STM32F4xx_StdPeriph_Driver\src\misc.o
 .ARM.attributes
                0x0000008f       0x39 Libraries\STM32F4xx_StdPeriph_Driver\src\stm32f4xx_adc.o
 .ARM.attributes
                0x000000c8       0x39 Libraries\STM32F4xx_StdPeriph_Driver\src\stm32f4xx_dma.o
 .ARM.attributes
                0x00000101       0x39 Libraries\STM32F4xx_StdPeriph_Driver\src\stm32f4xx_exti.o
 .ARM.attributes
                0x0000013a       0x39 Libraries\STM32F4xx_StdPeriph_Driver\src\stm32f4xx_gpio.o
 .ARM.attributes
                0x00000173       0x39 Libraries\STM32F4xx_StdPeriph_Driver\src\stm32f4xx_pwr.o
 .ARM.attributes
                0x000001ac       0x39 Libraries\STM32F4xx_StdPeriph_Driver\src\stm32f4xx_rcc.o
 .ARM.attributes
                0x000001e5       0x39 Libraries\STM32F4xx_StdPeriph_Driver\src\stm32f4xx_rtc.o
 .ARM.attributes
                0x0000021e       0x39 Libraries\STM32F4xx_StdPeriph_Driver\src\stm32f4xx_sdio.o
 .ARM.attributes
                0x00000257       0x39 Libraries\STM32F4xx_StdPeriph_Driver\src\stm32f4xx_tim.o
 .ARM.attributes
                0x00000290       0x39 Libraries\STM32F4xx_StdPeriph_Driver\src\stm32f4xx_usart.o
 .ARM.attributes
                0x000002c9       0x39 src\adc.o
 .ARM.attributes
                0x00000302       0x39 src\diskio.o
 .ARM.attributes
                0x0000033b       0x39 src\ff.o
 .ARM.attributes
                0x00000374       0x39 src\main.o
 .ARM.attributes
                0x000003ad       0x39 src\rtc.o
 .ARM.attributes
                0x000003e6       0x21 src\startup_stm32f40xx.o
 .ARM.attributes
                0x00000407       0x39 src\stm32_ub_atadrive.o
 .ARM.attributes
                0x00000440       0x39 src\stm32_ub_fatfs.o
 .ARM.attributes
                0x00000479       0x39 src\stm32_ub_lcd_2x16.o
 .ARM.attributes
                0x000004b2       0x39 src\stm32_ub_sdcard.o
 .ARM.attributes
                0x000004eb       0x39 src\stm32_ub_usbdisk.o
 .ARM.attributes
                0x00000524       0x39 src\stm32f4xx_it.o
 .ARM.attributes
                0x0000055d       0x39 src\system_stm32f4xx.o
 .ARM.attributes
                0x00000596       0x39 src\tiny_printf.o
 .ARM.attributes
                0x000005cf       0x34 c:/program files (x86)/atollic/truestudio for stm32 9.0.1/armtools/bin/../lib/gcc/arm-atollic-eabi/6.3.1/../../../../arm-atollic-eabi/lib/armv7e-m/fpu\libc_nano.a(lib_a-atoi.o)
 .ARM.attributes
                0x00000603       0x34 c:/program files (x86)/atollic/truestudio for stm32 9.0.1/armtools/bin/../lib/gcc/arm-atollic-eabi/6.3.1/../../../../arm-atollic-eabi/lib/armv7e-m/fpu\libc_nano.a(lib_a-init.o)
 .ARM.attributes
                0x00000637       0x20 c:/program files (x86)/atollic/truestudio for stm32 9.0.1/armtools/bin/../lib/gcc/arm-atollic-eabi/6.3.1/../../../../arm-atollic-eabi/lib/armv7e-m/fpu\libc_nano.a(lib_a-strcmp.o)
 .ARM.attributes
                0x00000657       0x34 c:/program files (x86)/atollic/truestudio for stm32 9.0.1/armtools/bin/../lib/gcc/arm-atollic-eabi/6.3.1/../../../../arm-atollic-eabi/lib/armv7e-m/fpu\libc_nano.a(lib_a-strcpy.o)
 .ARM.attributes
                0x0000068b       0x1b c:/program files (x86)/atollic/truestudio for stm32 9.0.1/armtools/bin/../lib/gcc/arm-atollic-eabi/6.3.1/../../../../arm-atollic-eabi/lib/armv7e-m/fpu\libc_nano.a(lib_a-strlen.o)
 .ARM.attributes
                0x000006a6       0x34 c:/program files (x86)/atollic/truestudio for stm32 9.0.1/armtools/bin/../lib/gcc/arm-atollic-eabi/6.3.1/../../../../arm-atollic-eabi/lib/armv7e-m/fpu\libc_nano.a(lib_a-strncpy.o)
 .ARM.attributes
                0x000006da       0x34 c:/program files (x86)/atollic/truestudio for stm32 9.0.1/armtools/bin/../lib/gcc/arm-atollic-eabi/6.3.1/../../../../arm-atollic-eabi/lib/armv7e-m/fpu\libc_nano.a(lib_a-strtol.o)
 .ARM.attributes
                0x0000070e       0x34 c:/program files (x86)/atollic/truestudio for stm32 9.0.1/armtools/bin/../lib/gcc/arm-atollic-eabi/6.3.1/../../../../arm-atollic-eabi/lib/armv7e-m/fpu\libc_nano.a(lib_a-impure.o)
 .ARM.attributes
                0x00000742       0x34 c:/program files (x86)/atollic/truestudio for stm32 9.0.1/armtools/bin/../lib/gcc/arm-atollic-eabi/6.3.1/../../../../arm-atollic-eabi/lib/armv7e-m/fpu\libc_nano.a(lib_a-locale.o)
 .ARM.attributes
                0x00000776       0x34 c:/program files (x86)/atollic/truestudio for stm32 9.0.1/armtools/bin/../lib/gcc/arm-atollic-eabi/6.3.1/../../../../arm-atollic-eabi/lib/armv7e-m/fpu\libc_nano.a(lib_a-mbtowc_r.o)
 .ARM.attributes
                0x000007aa       0x34 c:/program files (x86)/atollic/truestudio for stm32 9.0.1/armtools/bin/../lib/gcc/arm-atollic-eabi/6.3.1/../../../../arm-atollic-eabi/lib/armv7e-m/fpu\libc_nano.a(lib_a-wctomb_r.o)
 .ARM.attributes
                0x000007de       0x34 c:/program files (x86)/atollic/truestudio for stm32 9.0.1/armtools/bin/../lib/gcc/arm-atollic-eabi/6.3.1/../../../../arm-atollic-eabi/lib/armv7e-m/fpu\libc_nano.a(lib_a-ctype_.o)
 .ARM.attributes
                0x00000812       0x22 c:/program files (x86)/atollic/truestudio for stm32 9.0.1/armtools/bin/../lib/gcc/arm-atollic-eabi/6.3.1/armv7e-m/fpu\libgcc.a(_arm_addsubdf3.o)
 .ARM.attributes
                0x00000834       0x22 c:/program files (x86)/atollic/truestudio for stm32 9.0.1/armtools/bin/../lib/gcc/arm-atollic-eabi/6.3.1/armv7e-m/fpu\libgcc.a(_arm_muldivdf3.o)
 .ARM.attributes
                0x00000856       0x22 c:/program files (x86)/atollic/truestudio for stm32 9.0.1/armtools/bin/../lib/gcc/arm-atollic-eabi/6.3.1/armv7e-m/fpu\libgcc.a(_arm_fixunsdfsi.o)
 .ARM.attributes
                0x00000878       0x22 c:/program files (x86)/atollic/truestudio for stm32 9.0.1/armtools/bin/../lib/gcc/arm-atollic-eabi/6.3.1/armv7e-m/fpu/crtn.o
OUTPUT(Prototipo_2.0.elf elf32-littlearm)

.debug_info     0x00000000    0x112d5
 .debug_info    0x00000000      0x54d Libraries\STM32F4xx_StdPeriph_Driver\src\misc.o
 .debug_info    0x0000054d      0xc4f Libraries\STM32F4xx_StdPeriph_Driver\src\stm32f4xx_adc.o
 .debug_info    0x0000119c      0x74c Libraries\STM32F4xx_StdPeriph_Driver\src\stm32f4xx_dma.o
 .debug_info    0x000018e8      0x366 Libraries\STM32F4xx_StdPeriph_Driver\src\stm32f4xx_exti.o
 .debug_info    0x00001c4e      0x628 Libraries\STM32F4xx_StdPeriph_Driver\src\stm32f4xx_gpio.o
 .debug_info    0x00002276      0x521 Libraries\STM32F4xx_StdPeriph_Driver\src\stm32f4xx_pwr.o
 .debug_info    0x00002797      0xc98 Libraries\STM32F4xx_StdPeriph_Driver\src\stm32f4xx_rcc.o
 .debug_info    0x0000342f     0x10f6 Libraries\STM32F4xx_StdPeriph_Driver\src\stm32f4xx_rtc.o
 .debug_info    0x00004525      0x80c Libraries\STM32F4xx_StdPeriph_Driver\src\stm32f4xx_sdio.o
 .debug_info    0x00004d31     0x1c74 Libraries\STM32F4xx_StdPeriph_Driver\src\stm32f4xx_tim.o
 .debug_info    0x000069a5      0x9d5 Libraries\STM32F4xx_StdPeriph_Driver\src\stm32f4xx_usart.o
 .debug_info    0x0000737a      0x52c src\adc.o
 .debug_info    0x000078a6      0x308 src\diskio.o
 .debug_info    0x00007bae     0x19a1 src\ff.o
 .debug_info    0x0000954f     0x2423 src\main.o
 .debug_info    0x0000b972     0x16c1 src\rtc.o
 .debug_info    0x0000d033       0x8b src\startup_stm32f40xx.o
 .debug_info    0x0000d0be      0x272 src\stm32_ub_atadrive.o
 .debug_info    0x0000d330      0x83e src\stm32_ub_fatfs.o
 .debug_info    0x0000db6e      0x5a2 src\stm32_ub_lcd_2x16.o
 .debug_info    0x0000e110     0x1baa src\stm32_ub_sdcard.o
 .debug_info    0x0000fcba      0x272 src\stm32_ub_usbdisk.o
 .debug_info    0x0000ff2c      0x154 src\stm32f4xx_it.o
 .debug_info    0x00010080      0x5dd src\system_stm32f4xx.o
 .debug_info    0x0001065d      0xc78 src\tiny_printf.o

.debug_abbrev   0x00000000     0x2995
 .debug_abbrev  0x00000000      0x172 Libraries\STM32F4xx_StdPeriph_Driver\src\misc.o
 .debug_abbrev  0x00000172      0x1ab Libraries\STM32F4xx_StdPeriph_Driver\src\stm32f4xx_adc.o
 .debug_abbrev  0x0000031d      0x168 Libraries\STM32F4xx_StdPeriph_Driver\src\stm32f4xx_dma.o
 .debug_abbrev  0x00000485      0x1bc Libraries\STM32F4xx_StdPeriph_Driver\src\stm32f4xx_exti.o
 .debug_abbrev  0x00000641      0x1b8 Libraries\STM32F4xx_StdPeriph_Driver\src\stm32f4xx_gpio.o
 .debug_abbrev  0x000007f9      0x194 Libraries\STM32F4xx_StdPeriph_Driver\src\stm32f4xx_pwr.o
 .debug_abbrev  0x0000098d      0x1f8 Libraries\STM32F4xx_StdPeriph_Driver\src\stm32f4xx_rcc.o
 .debug_abbrev  0x00000b85      0x1dd Libraries\STM32F4xx_StdPeriph_Driver\src\stm32f4xx_rtc.o
 .debug_abbrev  0x00000d62      0x18c Libraries\STM32F4xx_StdPeriph_Driver\src\stm32f4xx_sdio.o
 .debug_abbrev  0x00000eee      0x19a Libraries\STM32F4xx_StdPeriph_Driver\src\stm32f4xx_tim.o
 .debug_abbrev  0x00001088      0x182 Libraries\STM32F4xx_StdPeriph_Driver\src\stm32f4xx_usart.o
 .debug_abbrev  0x0000120a      0x139 src\adc.o
 .debug_abbrev  0x00001343      0x164 src\diskio.o
 .debug_abbrev  0x000014a7      0x1d8 src\ff.o
 .debug_abbrev  0x0000167f      0x3ef src\main.o
 .debug_abbrev  0x00001a6e      0x2e7 src\rtc.o
 .debug_abbrev  0x00001d55       0x12 src\startup_stm32f40xx.o
 .debug_abbrev  0x00001d67       0xd8 src\stm32_ub_atadrive.o
 .debug_abbrev  0x00001e3f      0x1a7 src\stm32_ub_fatfs.o
 .debug_abbrev  0x00001fe6      0x1e8 src\stm32_ub_lcd_2x16.o
 .debug_abbrev  0x000021ce      0x2a5 src\stm32_ub_sdcard.o
 .debug_abbrev  0x00002473       0xd8 src\stm32_ub_usbdisk.o
 .debug_abbrev  0x0000254b       0x90 src\stm32f4xx_it.o
 .debug_abbrev  0x000025db      0x158 src\system_stm32f4xx.o
 .debug_abbrev  0x00002733      0x262 src\tiny_printf.o

.debug_aranges  0x00000000     0x1468
 .debug_aranges
                0x00000000       0x40 Libraries\STM32F4xx_StdPeriph_Driver\src\misc.o
 .debug_aranges
                0x00000040      0x148 Libraries\STM32F4xx_StdPeriph_Driver\src\stm32f4xx_adc.o
 .debug_aranges
                0x00000188       0xb0 Libraries\STM32F4xx_StdPeriph_Driver\src\stm32f4xx_dma.o
 .debug_aranges
                0x00000238       0x58 Libraries\STM32F4xx_StdPeriph_Driver\src\stm32f4xx_exti.o
 .debug_aranges
                0x00000290       0x88 Libraries\STM32F4xx_StdPeriph_Driver\src\stm32f4xx_gpio.o
 .debug_aranges
                0x00000318       0x78 Libraries\STM32F4xx_StdPeriph_Driver\src\stm32f4xx_pwr.o
 .debug_aranges
                0x00000390      0x180 Libraries\STM32F4xx_StdPeriph_Driver\src\stm32f4xx_rcc.o
 .debug_aranges
                0x00000510      0x1e0 Libraries\STM32F4xx_StdPeriph_Driver\src\stm32f4xx_rtc.o
 .debug_aranges
                0x000006f0      0x108 Libraries\STM32F4xx_StdPeriph_Driver\src\stm32f4xx_sdio.o
 .debug_aranges
                0x000007f8      0x2f8 Libraries\STM32F4xx_StdPeriph_Driver\src\stm32f4xx_tim.o
 .debug_aranges
                0x00000af0      0x100 Libraries\STM32F4xx_StdPeriph_Driver\src\stm32f4xx_usart.o
 .debug_aranges
                0x00000bf0       0x30 src\adc.o
 .debug_aranges
                0x00000c20       0x48 src\diskio.o
 .debug_aranges
                0x00000c68      0x198 src\ff.o
 .debug_aranges
                0x00000e00      0x160 src\main.o
 .debug_aranges
                0x00000f60       0xb0 src\rtc.o
 .debug_aranges
                0x00001010       0x28 src\startup_stm32f40xx.o
 .debug_aranges
                0x00001038       0x50 src\stm32_ub_atadrive.o
 .debug_aranges
                0x00001088       0x78 src\stm32_ub_fatfs.o
 .debug_aranges
                0x00001100       0x80 src\stm32_ub_lcd_2x16.o
 .debug_aranges
                0x00001180      0x1a8 src\stm32_ub_sdcard.o
 .debug_aranges
                0x00001328       0x50 src\stm32_ub_usbdisk.o
 .debug_aranges
                0x00001378       0x60 src\stm32f4xx_it.o
 .debug_aranges
                0x000013d8       0x30 src\system_stm32f4xx.o
 .debug_aranges
                0x00001408       0x60 src\tiny_printf.o

.debug_ranges   0x00000000     0x12e0
 .debug_ranges  0x00000000       0x30 Libraries\STM32F4xx_StdPeriph_Driver\src\misc.o
 .debug_ranges  0x00000030      0x138 Libraries\STM32F4xx_StdPeriph_Driver\src\stm32f4xx_adc.o
 .debug_ranges  0x00000168       0xa0 Libraries\STM32F4xx_StdPeriph_Driver\src\stm32f4xx_dma.o
 .debug_ranges  0x00000208       0x48 Libraries\STM32F4xx_StdPeriph_Driver\src\stm32f4xx_exti.o
 .debug_ranges  0x00000250       0x78 Libraries\STM32F4xx_StdPeriph_Driver\src\stm32f4xx_gpio.o
 .debug_ranges  0x000002c8       0x68 Libraries\STM32F4xx_StdPeriph_Driver\src\stm32f4xx_pwr.o
 .debug_ranges  0x00000330      0x170 Libraries\STM32F4xx_StdPeriph_Driver\src\stm32f4xx_rcc.o
 .debug_ranges  0x000004a0      0x1d0 Libraries\STM32F4xx_StdPeriph_Driver\src\stm32f4xx_rtc.o
 .debug_ranges  0x00000670       0xf8 Libraries\STM32F4xx_StdPeriph_Driver\src\stm32f4xx_sdio.o
 .debug_ranges  0x00000768      0x2e8 Libraries\STM32F4xx_StdPeriph_Driver\src\stm32f4xx_tim.o
 .debug_ranges  0x00000a50       0xf0 Libraries\STM32F4xx_StdPeriph_Driver\src\stm32f4xx_usart.o
 .debug_ranges  0x00000b40       0x20 src\adc.o
 .debug_ranges  0x00000b60       0x38 src\diskio.o
 .debug_ranges  0x00000b98      0x188 src\ff.o
 .debug_ranges  0x00000d20      0x150 src\main.o
 .debug_ranges  0x00000e70       0xa0 src\rtc.o
 .debug_ranges  0x00000f10       0x20 src\startup_stm32f40xx.o
 .debug_ranges  0x00000f30       0x40 src\stm32_ub_atadrive.o
 .debug_ranges  0x00000f70       0x68 src\stm32_ub_fatfs.o
 .debug_ranges  0x00000fd8       0x70 src\stm32_ub_lcd_2x16.o
 .debug_ranges  0x00001048      0x198 src\stm32_ub_sdcard.o
 .debug_ranges  0x000011e0       0x40 src\stm32_ub_usbdisk.o
 .debug_ranges  0x00001220       0x50 src\stm32f4xx_it.o
 .debug_ranges  0x00001270       0x20 src\system_stm32f4xx.o
 .debug_ranges  0x00001290       0x50 src\tiny_printf.o

.debug_line     0x00000000     0x78ae
 .debug_line    0x00000000      0x253 Libraries\STM32F4xx_StdPeriph_Driver\src\misc.o
 .debug_line    0x00000253      0x572 Libraries\STM32F4xx_StdPeriph_Driver\src\stm32f4xx_adc.o
 .debug_line    0x000007c5      0x43f Libraries\STM32F4xx_StdPeriph_Driver\src\stm32f4xx_dma.o
 .debug_line    0x00000c04      0x2b6 Libraries\STM32F4xx_StdPeriph_Driver\src\stm32f4xx_exti.o
 .debug_line    0x00000eba      0x375 Libraries\STM32F4xx_StdPeriph_Driver\src\stm32f4xx_gpio.o
 .debug_line    0x0000122f      0x2ce Libraries\STM32F4xx_StdPeriph_Driver\src\stm32f4xx_pwr.o
 .debug_line    0x000014fd      0x5cd Libraries\STM32F4xx_StdPeriph_Driver\src\stm32f4xx_rcc.o
 .debug_line    0x00001aca      0x83a Libraries\STM32F4xx_StdPeriph_Driver\src\stm32f4xx_rtc.o
 .debug_line    0x00002304      0x44e Libraries\STM32F4xx_StdPeriph_Driver\src\stm32f4xx_sdio.o
 .debug_line    0x00002752      0xad6 Libraries\STM32F4xx_StdPeriph_Driver\src\stm32f4xx_tim.o
 .debug_line    0x00003228      0x4df Libraries\STM32F4xx_StdPeriph_Driver\src\stm32f4xx_usart.o
 .debug_line    0x00003707      0x23d src\adc.o
 .debug_line    0x00003944      0x24e src\diskio.o
 .debug_line    0x00003b92      0xe64 src\ff.o
 .debug_line    0x000049f6      0xa04 src\main.o
 .debug_line    0x000053fa      0x637 src\rtc.o
 .debug_line    0x00005a31       0x7a src\startup_stm32f40xx.o
 .debug_line    0x00005aab      0x212 src\stm32_ub_atadrive.o
 .debug_line    0x00005cbd      0x334 src\stm32_ub_fatfs.o
 .debug_line    0x00005ff1      0x41c src\stm32_ub_lcd_2x16.o
 .debug_line    0x0000640d      0xb91 src\stm32_ub_sdcard.o
 .debug_line    0x00006f9e      0x211 src\stm32_ub_usbdisk.o
 .debug_line    0x000071af      0x228 src\stm32f4xx_it.o
 .debug_line    0x000073d7      0x218 src\system_stm32f4xx.o
 .debug_line    0x000075ef      0x2bf src\tiny_printf.o

.debug_str      0x00000000     0x6313
 .debug_str     0x00000000      0x40e Libraries\STM32F4xx_StdPeriph_Driver\src\misc.o
                                0x467 (size before relaxing)
 .debug_str     0x0000040e      0x650 Libraries\STM32F4xx_StdPeriph_Driver\src\stm32f4xx_adc.o
                                0x89d (size before relaxing)
 .debug_str     0x00000a5e      0x377 Libraries\STM32F4xx_StdPeriph_Driver\src\stm32f4xx_dma.o
                                0x5db (size before relaxing)
 .debug_str     0x00000dd5      0x1c0 Libraries\STM32F4xx_StdPeriph_Driver\src\stm32f4xx_exti.o
                                0x3f2 (size before relaxing)
 .debug_str     0x00000f95      0x316 Libraries\STM32F4xx_StdPeriph_Driver\src\stm32f4xx_gpio.o
                                0x53c (size before relaxing)
 .debug_str     0x000012ab      0x17a Libraries\STM32F4xx_StdPeriph_Driver\src\stm32f4xx_pwr.o
                                0x416 (size before relaxing)
 .debug_str     0x00001425      0x65f Libraries\STM32F4xx_StdPeriph_Driver\src\stm32f4xx_rcc.o
                                0x912 (size before relaxing)
 .debug_str     0x00001a84      0x91c Libraries\STM32F4xx_StdPeriph_Driver\src\stm32f4xx_rtc.o
                                0xbe1 (size before relaxing)
 .debug_str     0x000023a0      0x479 Libraries\STM32F4xx_StdPeriph_Driver\src\stm32f4xx_sdio.o
                                0x6d9 (size before relaxing)
 .debug_str     0x00002819      0xb72 Libraries\STM32F4xx_StdPeriph_Driver\src\stm32f4xx_tim.o
                                0xe69 (size before relaxing)
 .debug_str     0x0000338b      0x423 Libraries\STM32F4xx_StdPeriph_Driver\src\stm32f4xx_usart.o
                                0x728 (size before relaxing)
 .debug_str     0x000037ae       0x8f src\adc.o
                                0x584 (size before relaxing)
 .debug_str     0x0000383d       0x6d src\diskio.o
                                0x2ae (size before relaxing)
 .debug_str     0x000038aa      0x482 src\ff.o
                                0x69b (size before relaxing)
 .debug_str     0x00003d2c     0x1152 src\main.o
                               0x19ae (size before relaxing)
 .debug_str     0x00004e7e      0x286 src\rtc.o
                               0x13a5 (size before relaxing)
 .debug_str     0x00005104       0x9c src\stm32_ub_atadrive.o
                                0x2b2 (size before relaxing)
 .debug_str     0x000051a0      0x145 src\stm32_ub_fatfs.o
                                0x65c (size before relaxing)
 .debug_str     0x000052e5      0x1c3 src\stm32_ub_lcd_2x16.o
                                0x59d (size before relaxing)
 .debug_str     0x000054a8      0xc2f src\stm32_ub_sdcard.o
                               0x1905 (size before relaxing)
 .debug_str     0x000060d7       0x91 src\stm32_ub_usbdisk.o
                                0x2b0 (size before relaxing)
 .debug_str     0x00006168       0xa6 src\stm32f4xx_it.o
                                0x288 (size before relaxing)
 .debug_str     0x0000620e       0x83 src\system_stm32f4xx.o
                                0x41b (size before relaxing)
 .debug_str     0x00006291       0x82 src\tiny_printf.o
                                0x69d (size before relaxing)

.comment        0x00000000       0x7c
 .comment       0x00000000       0x7c Libraries\STM32F4xx_StdPeriph_Driver\src\misc.o
                                 0x7d (size before relaxing)
 .comment       0x0000007c       0x7d Libraries\STM32F4xx_StdPeriph_Driver\src\stm32f4xx_adc.o
 .comment       0x0000007c       0x7d Libraries\STM32F4xx_StdPeriph_Driver\src\stm32f4xx_dma.o
 .comment       0x0000007c       0x7d Libraries\STM32F4xx_StdPeriph_Driver\src\stm32f4xx_exti.o
 .comment       0x0000007c       0x7d Libraries\STM32F4xx_StdPeriph_Driver\src\stm32f4xx_gpio.o
 .comment       0x0000007c       0x7d Libraries\STM32F4xx_StdPeriph_Driver\src\stm32f4xx_pwr.o
 .comment       0x0000007c       0x7d Libraries\STM32F4xx_StdPeriph_Driver\src\stm32f4xx_rcc.o
 .comment       0x0000007c       0x7d Libraries\STM32F4xx_StdPeriph_Driver\src\stm32f4xx_rtc.o
 .comment       0x0000007c       0x7d Libraries\STM32F4xx_StdPeriph_Driver\src\stm32f4xx_sdio.o
 .comment       0x0000007c       0x7d Libraries\STM32F4xx_StdPeriph_Driver\src\stm32f4xx_tim.o
 .comment       0x0000007c       0x7d Libraries\STM32F4xx_StdPeriph_Driver\src\stm32f4xx_usart.o
 .comment       0x0000007c       0x7d src\adc.o
 .comment       0x0000007c       0x7d src\diskio.o
 .comment       0x0000007c       0x7d src\ff.o
 .comment       0x0000007c       0x7d src\main.o
 .comment       0x0000007c       0x7d src\rtc.o
 .comment       0x0000007c       0x7d src\stm32_ub_atadrive.o
 .comment       0x0000007c       0x7d src\stm32_ub_fatfs.o
 .comment       0x0000007c       0x7d src\stm32_ub_lcd_2x16.o
 .comment       0x0000007c       0x7d src\stm32_ub_sdcard.o
 .comment       0x0000007c       0x7d src\stm32_ub_usbdisk.o
 .comment       0x0000007c       0x7d src\stm32f4xx_it.o
 .comment       0x0000007c       0x7d src\system_stm32f4xx.o
 .comment       0x0000007c       0x7d src\tiny_printf.o

.debug_frame    0x00000000     0x5a90
 .debug_frame   0x00000000       0xd8 Libraries\STM32F4xx_StdPeriph_Driver\src\misc.o
 .debug_frame   0x000000d8      0x5ec Libraries\STM32F4xx_StdPeriph_Driver\src\stm32f4xx_adc.o
 .debug_frame   0x000006c4      0x308 Libraries\STM32F4xx_StdPeriph_Driver\src\stm32f4xx_dma.o
 .debug_frame   0x000009cc      0x148 Libraries\STM32F4xx_StdPeriph_Driver\src\stm32f4xx_exti.o
 .debug_frame   0x00000b14      0x23c Libraries\STM32F4xx_StdPeriph_Driver\src\stm32f4xx_gpio.o
 .debug_frame   0x00000d50      0x1dc Libraries\STM32F4xx_StdPeriph_Driver\src\stm32f4xx_pwr.o
 .debug_frame   0x00000f2c      0x6fc Libraries\STM32F4xx_StdPeriph_Driver\src\stm32f4xx_rcc.o
 .debug_frame   0x00001628      0x8b0 Libraries\STM32F4xx_StdPeriph_Driver\src\stm32f4xx_rtc.o
 .debug_frame   0x00001ed8      0x48c Libraries\STM32F4xx_StdPeriph_Driver\src\stm32f4xx_sdio.o
 .debug_frame   0x00002364      0xe54 Libraries\STM32F4xx_StdPeriph_Driver\src\stm32f4xx_tim.o
 .debug_frame   0x000031b8      0x490 Libraries\STM32F4xx_StdPeriph_Driver\src\stm32f4xx_usart.o
 .debug_frame   0x00003648       0x7c src\adc.o
 .debug_frame   0x000036c4       0xe4 src\diskio.o
 .debug_frame   0x000037a8      0x72c src\ff.o
 .debug_frame   0x00003ed4      0x564 src\main.o
 .debug_frame   0x00004438      0x2bc src\rtc.o
 .debug_frame   0x000046f4      0x120 src\stm32_ub_atadrive.o
 .debug_frame   0x00004814      0x1bc src\stm32_ub_fatfs.o
 .debug_frame   0x000049d0      0x1d0 src\stm32_ub_lcd_2x16.o
 .debug_frame   0x00004ba0      0x730 src\stm32_ub_sdcard.o
 .debug_frame   0x000052d0      0x120 src\stm32_ub_usbdisk.o
 .debug_frame   0x000053f0      0x10c src\stm32f4xx_it.o
 .debug_frame   0x000054fc       0x7c src\system_stm32f4xx.o
 .debug_frame   0x00005578      0x1bc src\tiny_printf.o
 .debug_frame   0x00005734       0x30 c:/program files (x86)/atollic/truestudio for stm32 9.0.1/armtools/bin/../lib/gcc/arm-atollic-eabi/6.3.1/../../../../arm-atollic-eabi/lib/armv7e-m/fpu\libc_nano.a(lib_a-atoi.o)
 .debug_frame   0x00005764       0x2c c:/program files (x86)/atollic/truestudio for stm32 9.0.1/armtools/bin/../lib/gcc/arm-atollic-eabi/6.3.1/../../../../arm-atollic-eabi/lib/armv7e-m/fpu\libc_nano.a(lib_a-init.o)
 .debug_frame   0x00005790       0x20 c:/program files (x86)/atollic/truestudio for stm32 9.0.1/armtools/bin/../lib/gcc/arm-atollic-eabi/6.3.1/../../../../arm-atollic-eabi/lib/armv7e-m/fpu\libc_nano.a(lib_a-strcmp.o)
 .debug_frame   0x000057b0       0x20 c:/program files (x86)/atollic/truestudio for stm32 9.0.1/armtools/bin/../lib/gcc/arm-atollic-eabi/6.3.1/../../../../arm-atollic-eabi/lib/armv7e-m/fpu\libc_nano.a(lib_a-strcpy.o)
 .debug_frame   0x000057d0       0x2c c:/program files (x86)/atollic/truestudio for stm32 9.0.1/armtools/bin/../lib/gcc/arm-atollic-eabi/6.3.1/../../../../arm-atollic-eabi/lib/armv7e-m/fpu\libc_nano.a(lib_a-strncpy.o)
 .debug_frame   0x000057fc       0x88 c:/program files (x86)/atollic/truestudio for stm32 9.0.1/armtools/bin/../lib/gcc/arm-atollic-eabi/6.3.1/../../../../arm-atollic-eabi/lib/armv7e-m/fpu\libc_nano.a(lib_a-strtol.o)
 .debug_frame   0x00005884       0x68 c:/program files (x86)/atollic/truestudio for stm32 9.0.1/armtools/bin/../lib/gcc/arm-atollic-eabi/6.3.1/../../../../arm-atollic-eabi/lib/armv7e-m/fpu\libc_nano.a(lib_a-locale.o)
 .debug_frame   0x000058ec       0x48 c:/program files (x86)/atollic/truestudio for stm32 9.0.1/armtools/bin/../lib/gcc/arm-atollic-eabi/6.3.1/../../../../arm-atollic-eabi/lib/armv7e-m/fpu\libc_nano.a(lib_a-mbtowc_r.o)
 .debug_frame   0x00005934       0x3c c:/program files (x86)/atollic/truestudio for stm32 9.0.1/armtools/bin/../lib/gcc/arm-atollic-eabi/6.3.1/../../../../arm-atollic-eabi/lib/armv7e-m/fpu\libc_nano.a(lib_a-wctomb_r.o)
 .debug_frame   0x00005970       0xac c:/program files (x86)/atollic/truestudio for stm32 9.0.1/armtools/bin/../lib/gcc/arm-atollic-eabi/6.3.1/armv7e-m/fpu\libgcc.a(_arm_addsubdf3.o)
 .debug_frame   0x00005a1c       0x50 c:/program files (x86)/atollic/truestudio for stm32 9.0.1/armtools/bin/../lib/gcc/arm-atollic-eabi/6.3.1/armv7e-m/fpu\libgcc.a(_arm_muldivdf3.o)
 .debug_frame   0x00005a6c       0x24 c:/program files (x86)/atollic/truestudio for stm32 9.0.1/armtools/bin/../lib/gcc/arm-atollic-eabi/6.3.1/armv7e-m/fpu\libgcc.a(_arm_fixunsdfsi.o)

.stabstr        0x00000000       0x3f
 .stabstr       0x00000000       0x3f c:/program files (x86)/atollic/truestudio for stm32 9.0.1/armtools/bin/../lib/gcc/arm-atollic-eabi/6.3.1/../../../../arm-atollic-eabi/lib/armv7e-m/fpu\libnosys.a(write.o)

Cross Reference Table

Symbol                                            File
ADC_AnalogWatchdogCmd                             Libraries\STM32F4xx_StdPeriph_Driver\src\stm32f4xx_adc.o
ADC_AnalogWatchdogSingleChannelConfig             Libraries\STM32F4xx_StdPeriph_Driver\src\stm32f4xx_adc.o
ADC_AnalogWatchdogThresholdsConfig                Libraries\STM32F4xx_StdPeriph_Driver\src\stm32f4xx_adc.o
ADC_AutoInjectedConvCmd                           Libraries\STM32F4xx_StdPeriph_Driver\src\stm32f4xx_adc.o
ADC_ClearFlag                                     Libraries\STM32F4xx_StdPeriph_Driver\src\stm32f4xx_adc.o
                                                  src\adc.o
ADC_ClearITPendingBit                             Libraries\STM32F4xx_StdPeriph_Driver\src\stm32f4xx_adc.o
ADC_Cmd                                           Libraries\STM32F4xx_StdPeriph_Driver\src\stm32f4xx_adc.o
                                                  src\adc.o
ADC_CommonInit                                    Libraries\STM32F4xx_StdPeriph_Driver\src\stm32f4xx_adc.o
                                                  src\adc.o
ADC_CommonStructInit                              Libraries\STM32F4xx_StdPeriph_Driver\src\stm32f4xx_adc.o
                                                  src\adc.o
ADC_ContinuousModeCmd                             Libraries\STM32F4xx_StdPeriph_Driver\src\stm32f4xx_adc.o
ADC_DMACmd                                        Libraries\STM32F4xx_StdPeriph_Driver\src\stm32f4xx_adc.o
ADC_DMARequestAfterLastTransferCmd                Libraries\STM32F4xx_StdPeriph_Driver\src\stm32f4xx_adc.o
ADC_DeInit                                        Libraries\STM32F4xx_StdPeriph_Driver\src\stm32f4xx_adc.o
ADC_DiscModeChannelCountConfig                    Libraries\STM32F4xx_StdPeriph_Driver\src\stm32f4xx_adc.o
ADC_DiscModeCmd                                   Libraries\STM32F4xx_StdPeriph_Driver\src\stm32f4xx_adc.o
ADC_EOCOnEachRegularChannelCmd                    Libraries\STM32F4xx_StdPeriph_Driver\src\stm32f4xx_adc.o
ADC_ExternalTrigInjectedConvConfig                Libraries\STM32F4xx_StdPeriph_Driver\src\stm32f4xx_adc.o
ADC_ExternalTrigInjectedConvEdgeConfig            Libraries\STM32F4xx_StdPeriph_Driver\src\stm32f4xx_adc.o
ADC_GetConversionValue                            Libraries\STM32F4xx_StdPeriph_Driver\src\stm32f4xx_adc.o
ADC_GetFlagStatus                                 Libraries\STM32F4xx_StdPeriph_Driver\src\stm32f4xx_adc.o
                                                  src\adc.o
ADC_GetITStatus                                   Libraries\STM32F4xx_StdPeriph_Driver\src\stm32f4xx_adc.o
ADC_GetInjectedConversionValue                    Libraries\STM32F4xx_StdPeriph_Driver\src\stm32f4xx_adc.o
                                                  src\adc.o
ADC_GetMultiModeConversionValue                   Libraries\STM32F4xx_StdPeriph_Driver\src\stm32f4xx_adc.o
ADC_GetSoftwareStartConvStatus                    Libraries\STM32F4xx_StdPeriph_Driver\src\stm32f4xx_adc.o
ADC_GetSoftwareStartInjectedConvCmdStatus         Libraries\STM32F4xx_StdPeriph_Driver\src\stm32f4xx_adc.o
ADC_IRQHandler                                    src\startup_stm32f40xx.o
ADC_ITConfig                                      Libraries\STM32F4xx_StdPeriph_Driver\src\stm32f4xx_adc.o
ADC_Init                                          Libraries\STM32F4xx_StdPeriph_Driver\src\stm32f4xx_adc.o
                                                  src\adc.o
ADC_InjectedChannelConfig                         Libraries\STM32F4xx_StdPeriph_Driver\src\stm32f4xx_adc.o
                                                  src\adc.o
ADC_InjectedDiscModeCmd                           Libraries\STM32F4xx_StdPeriph_Driver\src\stm32f4xx_adc.o
ADC_InjectedSequencerLengthConfig                 Libraries\STM32F4xx_StdPeriph_Driver\src\stm32f4xx_adc.o
                                                  src\adc.o
ADC_MultiModeDMARequestAfterLastTransferCmd       Libraries\STM32F4xx_StdPeriph_Driver\src\stm32f4xx_adc.o
ADC_RegularChannelConfig                          Libraries\STM32F4xx_StdPeriph_Driver\src\stm32f4xx_adc.o
ADC_SetInjectedOffset                             Libraries\STM32F4xx_StdPeriph_Driver\src\stm32f4xx_adc.o
                                                  src\adc.o
ADC_SoftwareStartConv                             Libraries\STM32F4xx_StdPeriph_Driver\src\stm32f4xx_adc.o
ADC_SoftwareStartInjectedConv                     Libraries\STM32F4xx_StdPeriph_Driver\src\stm32f4xx_adc.o
                                                  src\adc.o
ADC_StructInit                                    Libraries\STM32F4xx_StdPeriph_Driver\src\stm32f4xx_adc.o
                                                  src\adc.o
ADC_TempSensorVrefintCmd                          Libraries\STM32F4xx_StdPeriph_Driver\src\stm32f4xx_adc.o
ADC_VBATCmd                                       Libraries\STM32F4xx_StdPeriph_Driver\src\stm32f4xx_adc.o
AHBPrescTable                                     src\system_stm32f4xx.o
ATA_disk_initialize                               src\stm32_ub_atadrive.o
                                                  src\diskio.o
ATA_disk_ioctl                                    src\stm32_ub_atadrive.o
                                                  src\diskio.o
ATA_disk_read                                     src\stm32_ub_atadrive.o
                                                  src\diskio.o
ATA_disk_status                                   src\stm32_ub_atadrive.o
                                                  src\diskio.o
ATA_disk_write                                    src\stm32_ub_atadrive.o
                                                  src\diskio.o
AlarmTime                                         src\main.o
BusFault_Handler                                  src\stm32f4xx_it.o
                                                  src\startup_stm32f40xx.o
CAN1_RX0_IRQHandler                               src\startup_stm32f40xx.o
CAN1_RX1_IRQHandler                               src\startup_stm32f40xx.o
CAN1_SCE_IRQHandler                               src\startup_stm32f40xx.o
CAN1_TX_IRQHandler                                src\startup_stm32f40xx.o
CAN2_RX0_IRQHandler                               src\startup_stm32f40xx.o
CAN2_RX1_IRQHandler                               src\startup_stm32f40xx.o
CAN2_SCE_IRQHandler                               src\startup_stm32f40xx.o