tm_stm32f4_ds1307.c:25:20:TM_DS1307_Init	8	static
tm_stm32f4_ds1307.c:38:6:TM_DS1307_GetDateTime	32	static
tm_stm32f4_ds1307.c:54:6:TM_DS1307_SetDateTime	32	static
tm_stm32f4_ds1307.c:70:9:TM_DS1307_GetSeconds	8	static
tm_stm32f4_ds1307.c:74:9:TM_DS1307_GetMinutes	8	static
tm_stm32f4_ds1307.c:78:9:TM_DS1307_GetHours	8	static
tm_stm32f4_ds1307.c:82:9:TM_DS1307_GetDay	8	static
tm_stm32f4_ds1307.c:86:9:TM_DS1307_GetDate	8	static
tm_stm32f4_ds1307.c:90:9:TM_DS1307_GetMonth	8	static
tm_stm32f4_ds1307.c:94:9:TM_DS1307_GetYear	8	static
tm_stm32f4_ds1307.c:99:6:TM_DS1307_SetSeconds	16	static
tm_stm32f4_ds1307.c:103:6:TM_DS1307_SetMinutes	16	static
tm_stm32f4_ds1307.c:106:6:TM_DS1307_SetHours	16	static
tm_stm32f4_ds1307.c:110:6:TM_DS1307_SetDay	16	static
tm_stm32f4_ds1307.c:114:6:TM_DS1307_SetDate	16	static
tm_stm32f4_ds1307.c:118:6:TM_DS1307_SetMonth	16	static
tm_stm32f4_ds1307.c:122:6:TM_DS1307_SetYear	16	static
tm_stm32f4_ds1307.c:126:6:TM_DS1307_EnableOutputPin	24	static
tm_stm32f4_ds1307.c:146:6:TM_DS1307_DisableOutputPin	8	static
tm_stm32f4_ds1307.c:151:9:TM_DS1307_Bcd2Bin	24	static
tm_stm32f4_ds1307.c:157:9:TM_DS1307_Bin2Bcd	24	static
tm_stm32f4_ds1307.c:170:9:TM_DS1307_CheckMinMax	16	static
