stm32_ub_lcd_2x16.c:79:6:UB_LCD_2x16_Init	8	static
stm32_ub_lcd_2x16.c:102:6:UB_LCD_2x16_Clear	8	static
stm32_ub_lcd_2x16.c:115:6:UB_LCD_2x16_SetMode	16	static
stm32_ub_lcd_2x16.c:129:6:UB_LCD_2x16_String	16	static
stm32_ub_lcd_2x16.c:145:6:P_LCD_2x16_InitIO	24	static
stm32_ub_lcd_2x16.c:177:6:P_LCD_2x16_PinLo	16	static
stm32_ub_lcd_2x16.c:187:6:P_LCD_2x16_PinHi	16	static
stm32_ub_lcd_2x16.c:197:6:P_LCD_2x16_Clk	8	static
stm32_ub_lcd_2x16.c:214:6:P_LCD_2x16_InitSequenz	8	static
stm32_ub_lcd_2x16.c:244:6:P_LCD_2x16_Cmd	16	static
stm32_ub_lcd_2x16.c:267:6:P_LCD_2x16_Data	16	static
stm32_ub_lcd_2x16.c:290:6:P_LCD_2x16_Cursor	24	static
stm32_ub_lcd_2x16.c:307:6:P_LCD_2x16_Delay	16	static
