stm32_ub_fatfs.c:72:6:UB_Fatfs_Init	8	static
stm32_ub_fatfs.c:89:9:UB_Fatfs_CheckMedia	24	static
stm32_ub_fatfs.c:114:9:UB_Fatfs_Mount	32	static
stm32_ub_fatfs.c:146:9:UB_Fatfs_UnMount	24	static
stm32_ub_fatfs.c:171:9:UB_Fatfs_DelFile	24	static
stm32_ub_fatfs.c:198:9:UB_Fatfs_OpenFile	32	static
stm32_ub_fatfs.c:232:9:UB_Fatfs_CloseFile	24	static
stm32_ub_fatfs.c:259:9:UB_Fatfs_WriteString	24	static
stm32_ub_fatfs.c:292:9:UB_Fatfs_ReadString	32	static
stm32_ub_fatfs.c:316:10:UB_Fatfs_FileSize	24	static
stm32_ub_fatfs.c:342:9:UB_Fatfs_ReadBlock	40	static
stm32_ub_fatfs.c:387:9:UB_Fatfs_WriteBlock	40	static
