alvarez_timer_config.h:18:6:TIM3_Init	24	static
alvarez_timer_config.h:45:6:TIM3_Config	16	static
alvarez_timer_config.h:63:6:TIM3_Start	8	static
alvarez_timer_config.h:74:6:TIM4_Init	24	static
alvarez_timer_config.h:100:6:TIM4_Config	16	static
alvarez_timer_config.h:118:6:TIM4_Start	8	static
alvarez_timer_config.h:129:6:TIM5_Init	24	static
alvarez_timer_config.h:155:6:TIM5_Config	16	static
alvarez_timer_config.h:173:6:TIM5_Start	8	static
alvarez_timer_config.h:184:6:TIM2_Init	24	static
alvarez_timer_config.h:210:6:TIM2_Config	16	static
alvarez_timer_config.h:228:6:TIM2_Start	8	static
alvarez_timer_config.h:239:6:TIM3_IRQHandler	8	static
alvarez_timer_config.h:256:6:TIM4_IRQHandler	8	static
alvarez_timer_config.h:272:6:TIM5_IRQHandler	8	static
alvarez_timer_config.h:289:6:TIM2_IRQHandler	8	static
main.c:36:5:main	8	static
main.c:57:6:retardo	16	static
main.c:67:6:PORT_Init	16	static
main.c:89:6:leer	24	static
