stm32_ub_lcd_2x16.c:67:6:UB_LCD_2x16_Init	8	static
stm32_ub_lcd_2x16.c:90:6:UB_LCD_2x16_Clear	8	static
stm32_ub_lcd_2x16.c:103:6:UB_LCD_2x16_SetMode	16	static
stm32_ub_lcd_2x16.c:117:6:UB_LCD_2x16_String	16	static
stm32_ub_lcd_2x16.c:133:6:P_LCD_2x16_InitIO	24	static
stm32_ub_lcd_2x16.c:165:6:P_LCD_2x16_PinLo	16	static
stm32_ub_lcd_2x16.c:175:6:P_LCD_2x16_PinHi	16	static
stm32_ub_lcd_2x16.c:185:6:P_LCD_2x16_Clk	8	static
stm32_ub_lcd_2x16.c:202:6:P_LCD_2x16_InitSequenz	8	static
stm32_ub_lcd_2x16.c:232:6:P_LCD_2x16_Cmd	16	static
stm32_ub_lcd_2x16.c:255:6:P_LCD_2x16_Data	16	static
stm32_ub_lcd_2x16.c:278:6:P_LCD_2x16_Cursor	24	static
stm32_ub_lcd_2x16.c:295:6:P_LCD_2x16_Delay	16	static
