core_cm4.h:1535:22:NVIC_SetPriority	16	static
core_cm4.h:1662:26:SysTick_Config	16	static
dht.h:67:6:delay	16	static
dht.h:81:6:set_gpio_output_interior	16	static
dht.h:100:6:set_gpio_input_interior	16	static
dht.h:119:6:DHT11_start_interior	8	static
dht.h:127:6:check_response_interior	8	static
dht.h:140:9:read_data_interior	16	static
dht.h:166:6:leer_dht_interior	32	static
dht.h:235:6:set_gpio_output_exterior	16	static
dht.h:254:6:set_gpio_input_exterior	16	static
dht.h:273:6:DHT11_start_exterior	8	static
dht.h:281:6:check_response_exterior	8	static
dht.h:294:9:read_data_exterior	16	static
dht.h:320:6:leer_dht_exterior	32	static
dht.h:390:6:TIM5_Init	32	static
dht.h:416:6:TIM5_Config	16	static
dht.h:434:6:TIM5_Start	8	static
dht.h:444:6:TIM5_IRQHandler	8	static
main.c:6:5:main	16	static
main.c:71:6:task_scheduler	8	static
main.c:186:6:inicializar_leds	16	static
main.c:210:6:inicializar_fan	16	static
main.c:234:6:inicializar_calentador	16	static
main.c:258:6:inicializar_bomba	16	static
main.c:282:6:task_manager	8	static
main.c:323:6:dht_interior_task	8	static
main.c:335:6:dht_exterior_task	8	static
main.c:347:6:led_task	8	static
main.c:360:6:ldr_task	8	static
main.c:381:6:yl69_task	8	static
main.c:392:6:display_task	24	static
main.c:450:6:control_temp_task	16	static
main.c:480:6:serial_task	72	static
main.c:580:6:cargar_datos	904	static
main.c:785:5:fecha_valida	32	static
main.c:812:6:configurar_cultivo_tomate	8	static
main.c:927:6:enviar_comando	24	static
main.c:939:13:USART3_Config	40	static
main.c:994:6:activar_alarma	8	static
main.c:1006:6:backup_etapas	888	static
main.c:1044:6:log_etapas	640	static
main.c:1076:6:USART3_IRQHandler	8	static
main.c:1147:6:TM_RTC_AlarmBHandler	8	static
