fatfs_sd_sdio.c:270:9:TM_FATFS_SDIO_WriteEnabled	4	static
fatfs_sd_sdio.c:278:9:TM_FATFS_SD_SDIO_disk_initialize	16	static
fatfs_sd_sdio.c:321:9:TM_FATFS_SD_SDIO_disk_status	8	static
fatfs_sd_sdio.c:335:9:TM_FATFS_SD_SDIO_disk_read	560	static
fatfs_sd_sdio.c:380:9:TM_FATFS_SD_SDIO_disk_write	560	static
fatfs_sd_sdio.c:428:9:TM_FATFS_SD_SDIO_disk_ioctl	16	static
fatfs_sd_sdio.c:444:6:SDIO_IRQHandler	8	static
fatfs_sd_sdio.c:449:6:DMA2_Stream3_IRQHandler	8	static
fatfs_sd_sdio.c:475:6:SD_DeInit	8	static
fatfs_sd_sdio.c:485:10:SD_Init	24	static
fatfs_sd_sdio.c:564:17:SD_GetStatus	16	static
fatfs_sd_sdio.c:584:13:SD_GetState	16	static
fatfs_sd_sdio.c:603:9:SD_Detect	16	static
fatfs_sd_sdio.c:621:10:SD_PowerON	32	static
fatfs_sd_sdio.c:755:10:SD_PowerOFF	16	static
fatfs_sd_sdio.c:771:10:SD_InitializeCards	16	static
fatfs_sd_sdio.c:856:10:SD_GetCardInfo	32	static
fatfs_sd_sdio.c:1063:10:SD_GetCardStatus	24	static
fatfs_sd_sdio.c:1147:10:SD_EnableWideBusOperation	24	static
fatfs_sd_sdio.c:1196:10:SD_SelectDeselect	24	static
fatfs_sd_sdio.c:1227:10:SD_ReadBlock	40	static
fatfs_sd_sdio.c:1346:10:SD_ReadMultiBlocks	40	static
fatfs_sd_sdio.c:1405:10:SD_ReadMultiBlocksFIXED	40	static
fatfs_sd_sdio.c:1470:10:SD_WaitReadOperation	16	static
fatfs_sd_sdio.c:1522:10:SD_WriteBlock	40	static
fatfs_sd_sdio.c:1639:10:SD_WriteMultiBlocks	40	static
fatfs_sd_sdio.c:1740:10:SD_WriteMultiBlocksFIXED	40	static
fatfs_sd_sdio.c:1834:10:SD_WaitWriteOperation	16	static
fatfs_sd_sdio.c:1880:17:SD_GetTransferState	4	static
fatfs_sd_sdio.c:1894:10:SD_StopTransfer	16	static
fatfs_sd_sdio.c:1917:10:SD_Erase	56	static
fatfs_sd_sdio.c:2004:10:SD_SendStatus	24	static
fatfs_sd_sdio.c:2037:10:SD_SendSDStatus	32	static
fatfs_sd_sdio.c:2139:10:SD_ProcessIRQSrc	8	static
fatfs_sd_sdio.c:2177:6:SD_ProcessDMAIRQ	8	static
fatfs_sd_sdio.c:2193:17:CmdError	16	static
fatfs_sd_sdio.c:2220:17:CmdResp7Error	24	static
fatfs_sd_sdio.c:2254:17:CmdResp1Error	32	static
fatfs_sd_sdio.c:2375:17:CmdResp3Error	16	static
fatfs_sd_sdio.c:2401:17:CmdResp2Error	16	static
fatfs_sd_sdio.c:2435:17:CmdResp6Error	32	static
fatfs_sd_sdio.c:2495:17:SDEnWideBus	32	static
fatfs_sd_sdio.c:2593:17:IsCardProgramming	32	static
fatfs_sd_sdio.c:2726:17:FindSCR	40	static
fatfs_sd_sdio.c:2823:9:convert_from_bytes_to_power_of_two	24	static
fatfs_sd_sdio.c:2842:10:SD_HighSpeed	104	static
fatfs_sd_sdio.c:2982:6:SD_LowLevel_DeInit	8	static
fatfs_sd_sdio.c:3013:6:SD_LowLevel_Init	16	static
fatfs_sd_sdio.c:3035:6:SD_LowLevel_DMA_TxConfig	80	static
fatfs_sd_sdio.c:3074:6:SD_LowLevel_DMA_RxConfig	80	static
