stm32_ub_sdcard.c:127:6:UB_SDCard_Init	8	static
stm32_ub_sdcard.c:142:9:UB_SDCard_CheckMedia	16	static
stm32_ub_sdcard.c:159:5:MMC_disk_initialize	16	static
stm32_ub_sdcard.c:183:5:MMC_disk_status	16	static
stm32_ub_sdcard.c:206:5:MMC_disk_read	48	static
stm32_ub_sdcard.c:235:5:MMC_disk_write	48	static
stm32_ub_sdcard.c:264:5:MMC_disk_ioctl	24	static
stm32_ub_sdcard.c:296:13:NVIC_Configuration	16	static
stm32_ub_sdcard.c:323:6:SD_DeInit	8	static
stm32_ub_sdcard.c:333:10:SD_Init	24	static
stm32_ub_sdcard.c:389:17:SD_GetStatus	16	static
stm32_ub_sdcard.c:410:13:SD_GetState	16	static
stm32_ub_sdcard.c:432:9:SD_Detect	16	static
stm32_ub_sdcard.c:448:10:SD_PowerON	32	static
stm32_ub_sdcard.c:588:10:SD_PowerOFF	16	static
stm32_ub_sdcard.c:599:10:SD_InitializeCards	16	static
stm32_ub_sdcard.c:683:10:SD_GetCardInfo	32	static
stm32_ub_sdcard.c:886:10:SD_GetCardStatus	24	static
stm32_ub_sdcard.c:962:10:SD_EnableWideBusOperation	24	static
stm32_ub_sdcard.c:1017:10:SD_SelectDeselect	24	static
stm32_ub_sdcard.c:1035:10:SD_ReadBlock	40	static
stm32_ub_sdcard.c:1154:10:SD_ReadMultiBlocks	40	static
stm32_ub_sdcard.c:1215:10:SD_WaitReadOperation	16	static
stm32_ub_sdcard.c:1261:10:SD_WriteBlock	40	static
stm32_ub_sdcard.c:1382:10:SD_WriteMultiBlocks	40	static
stm32_ub_sdcard.c:1474:10:SD_WaitWriteOperation	16	static
stm32_ub_sdcard.c:1520:17:SD_GetTransferState	4	static
stm32_ub_sdcard.c:1533:10:SD_StopTransfer	16	static
stm32_ub_sdcard.c:1551:10:SD_Erase	56	static
stm32_ub_sdcard.c:1642:10:SD_SendStatus	24	static
stm32_ub_sdcard.c:1672:10:SD_SendSDStatus	32	static
stm32_ub_sdcard.c:1785:10:SD_ProcessIRQSrc	8	static
stm32_ub_sdcard.c:1829:6:SD_ProcessDMAIRQ	8	static
stm32_ub_sdcard.c:1839:17:CmdError	16	static
stm32_ub_sdcard.c:1864:17:CmdResp7Error	24	static
stm32_ub_sdcard.c:1897:17:CmdResp1Error	32	static
stm32_ub_sdcard.c:2039:17:CmdResp3Error	16	static
stm32_ub_sdcard.c:2063:17:CmdResp2Error	16	static
stm32_ub_sdcard.c:2095:17:CmdResp6Error	32	static
stm32_ub_sdcard.c:2159:17:SDEnWideBus	32	static
stm32_ub_sdcard.c:2269:17:IsCardProgramming	32	static
stm32_ub_sdcard.c:2423:17:FindSCR	40	static
stm32_ub_sdcard.c:2528:9:convert_from_bytes_to_power_of_two	24	static
stm32_ub_sdcard.c:2541:10:SD_HighSpeed	104	static
stm32_ub_sdcard.c:2671:6:SD_LowLevel_DeInit	16	static
stm32_ub_sdcard.c:2722:6:SD_LowLevel_Init	16	static
stm32_ub_sdcard.c:2788:6:SD_LowLevel_DMA_TxConfig	80	static
stm32_ub_sdcard.c:2825:6:SD_LowLevel_DMA_RxConfig	80	static
stm32_ub_sdcard.c:2863:6:SDIO_IRQHandler	8	static
stm32_ub_sdcard.c:2870:6:DMA2_Stream3_IRQHandler	8	static
