core_cm4.h:1535:22:NVIC_SetPriority	16	static
core_cm4.h:1662:26:SysTick_Config	16	static
alvarez_timer_config.h:18:6:TIM3_Init	24	static
alvarez_timer_config.h:45:6:TIM3_Config	16	static
alvarez_timer_config.h:63:6:TIM3_Start	8	static
alvarez_timer_config.h:74:6:TIM4_Init	24	static
alvarez_timer_config.h:100:6:TIM4_Config	16	static
alvarez_timer_config.h:118:6:TIM4_Start	8	static
alvarez_timer_config.h:129:6:TIM5_Init	24	static
alvarez_timer_config.h:155:6:TIM5_Config	16	static
alvarez_timer_config.h:173:6:TIM5_Start	8	static
alvarez_timer_config.h:184:6:TIM2_Init	24	static
alvarez_timer_config.h:210:6:TIM2_Config	16	static
alvarez_timer_config.h:228:6:TIM2_Start	8	static
alvarez_timer_config.h:239:6:TIM3_IRQHandler	8	static
alvarez_timer_config.h:256:6:TIM4_IRQHandler	8	static
alvarez_timer_config.h:273:6:TIM5_IRQHandler	8	static
alvarez_timer_config.h:290:6:TIM2_IRQHandler	8	static
discovery_io.h:15:6:enableSystick	8	static
discovery_io.h:20:6:delay	16	static
discovery_io.h:31:6:TimingDelay_Decrement	4	static
discovery_io.h:43:6:inicializar_boton_user	16	static
discovery_io.h:62:6:inicializar_leds	16	static
discovery_io.h:81:6:boton_press	16	static
menu.h:35:6:menu_principal	8	static
menu.h:59:6:menu_temperatura	8	static
menu.h:82:6:rutina_botones	8	static
main.c:11:5:main	8	static
main.c:29:6:mostrarTexto	8	static
main.c:52:6:inicializar_pines	16	static
